 an

 Timestamp is 5c755b50 (Tue Feb 26 10:29:20 2019)

 Preferred load address is 0000000180000000

 Start         Length     Name                   Class
 0001:00000000 000002b0H .text$di                CODE
 0001:000002b0 0001aad0H .text$mn                CODE
 0001:0001ad80 00000020H .text$mn$00             CODE
 0001:0001ada0 00000250H .text$x                 CODE
 0002:00000000 00000258H .idata$5                DATA
 0002:00000258 00000010H .00cfg                  DATA
 0002:00000268 00000008H .CRT$XCA                DATA
 0002:00000270 00000040H .CRT$XCU                DATA
 0002:000002b0 00000008H .CRT$XCZ                DATA
 0002:000002b8 00000008H .CRT$XIA                DATA
 0002:000002c0 00000018H .CRT$XIC                DATA
 0002:000002d8 00000008H .CRT$XIZ                DATA
 0002:000002e0 00000008H .CRT$XPA                DATA
 0002:000002e8 00000010H .CRT$XPX                DATA
 0002:000002f8 00000008H .CRT$XPXA               DATA
 0002:00000300 00000008H .CRT$XPZ                DATA
 0002:00000308 00000008H .CRT$XTA                DATA
 0002:00000310 00000010H .CRT$XTZ                DATA
 0002:00000318 00000000H .gfids$y                DATA
 0002:00000320 00008e40H .rdata                  DATA
 0002:00009160 000002fcH .rdata$r                DATA
 0002:0000945c 000003bcH .rdata$zzzdbg           DATA
 0002:00009818 00000008H .rtc$IAA                DATA
 0002:00009820 00000008H .rtc$IZZ                DATA
 0002:00009828 00000008H .rtc$TAA                DATA
 0002:00009830 00000008H .rtc$TZZ                DATA
 0002:00009838 00001488H .xdata                  DATA
 0002:0000acc0 0000017cH .xdata$x                DATA
 0002:0000ae3c 00000020H .didat$2                DATA
 0002:0000ae5c 00000024H .didat$3                DATA
 0002:0000ae80 00000038H .didat$4                DATA
 0002:0000aeb8 00000090H .didat$6                DATA
 0002:0000af48 00000038H .didat$7                DATA
 0002:0000af80 00000048H .edata                  DATA
 0002:0000afc8 00000014H .idata$2                DATA
 0002:0000afdc 00000014H .idata$3                DATA
 0002:0000aff0 00000258H .idata$4                DATA
 0002:0000b248 00000574H .idata$6                DATA
 0003:00000000 00000aa0H .data                   DATA
 0003:00000aa0 000000f0H .data$r                 DATA
 0003:00000b90 00000040H .didat$5                DATA
 0003:00000bd0 0159eb18H .bss                    DATA
 0004:00000000 000015b4H .pdata                  DATA
 0005:00000000 00000060H .rsrc$01                DATA
 0005:00000060 00000180H .rsrc$02                DATA

  Address         Publics by Value              Rva+Base               Lib:Object

 0000:00000000       __hybrid_code_map_count    0000000000000000     <absolute>
 0000:00000000       __hybrid_code_map          0000000000000000     <absolute>
 0000:00000000       __guard_iat_count          0000000000000000     <absolute>
 0000:00000000       __guard_longjmp_count      0000000000000000     <absolute>
 0000:00000000       __volatile_metadata        0000000000000000     <absolute>
 0000:00000000       __guard_longjmp_table      0000000000000000     <absolute>
 0000:00000000       __guard_iat_table          0000000000000000     <absolute>
 0000:00000000       __guard_fids_count         0000000000000000     <absolute>
 0000:00000000       ___safe_se_handler_count   0000000000000000     <absolute>
 0000:00000000       __enclave_config           0000000000000000     <absolute>
 0000:00000000       ___safe_se_handler_table   0000000000000000     <absolute>
 0000:00000000       __guard_fids_table         0000000000000000     <absolute>
 0000:00000000       __hybrid_auxiliary_iat     0000000000000000     <absolute>
 0000:00000000       __dynamic_value_reloc_table 0000000000000000     <absolute>
 0000:00000100       __guard_flags              0000000000000100     <absolute>
 0000:00000000       __ImageBase                0000000180000000     <linker-defined>
 0001:000002b0       __local_stdio_printf_options 00000001800012b0 f i node_module.obj
 0001:000002c0       ?turn_toward@@YA?AU?$tquat@M$0A@@glm@@U12@U?$tvec3@M$0A@@2@@Z 00000001800012c0 f   node_module.obj
 0001:00000730       ?reset@Agent@@QEAAXH@Z     0000000180001730 f i node_module.obj
 0001:00000b70       ?init@Shared@@QEAAXXZ      0000000180001b70 f i node_module.obj
 0001:00001830       ?main_update@Shared@@QEAAXM@Z 0000000180002830 f i node_module.obj
 0001:00002280       ?simulation_update@Shared@@QEAAXN@Z 0000000180003280 f i node_module.obj
 0001:00003070       ??0Shared@@QEAA@XZ         0000000180004070 f i node_module.obj
 0001:00003850       ?node_init@@YAPEAUnapi_value__@@PEAUnapi_env__@@PEAUnapi_callback_info__@@@Z 0000000180004850 f   node_module.obj
 0001:00003860       ?node_update@@YAPEAUnapi_value__@@PEAUnapi_env__@@PEAUnapi_callback_info__@@@Z 0000000180004860 f   node_module.obj
 0001:00003940       ?Init@@YAPEAUnapi_value__@@PEAUnapi_env__@@PEAU1@@Z 0000000180004940 f   node_module.obj
 0001:00003a40       ?move@?$Hashspace@$0BAAA@$04@@QEAAXIU?$tvec3@M$0A@@glm@@@Z 0000000180004a40 f i node_module.obj
 0001:00003c50       ?query@?$Hashspace@$0BAAA@$04@@QEAAHAEAV?$vector@HV?$allocator@H@std@@@std@@HU?$tvec3@M$0A@@glm@@HMM@Z 0000000180004c50 f i node_module.obj
 0001:00003f60       ?reset@?$Hashspace@$0BAAA@$04@@QEAAAEAU1@U?$tvec3@M$0A@@glm@@0@Z 0000000180004f60 f i node_module.obj
 0001:00004550       ?splat@?$Array3DSized@U?$tvec4@M$0A@@glm@@$0EA@$0EA@$0EA@@@QEAAAEAU1@U?$tvec4@M$0A@@glm@@U?$tvec3@M$0A@@3@@Z 0000000180005550 f i node_module.obj
 0001:00004d80       ?sample@?$Array2DSized@U?$tvec3@M$0A@@glm@@$0HP@$0HP@@@QEAA?AU?$tvec3@M$0A@@glm@@U?$tvec2@M$0A@@3@@Z 0000000180005d80 f i node_module.obj
 0001:00005010       ??$?DM$0A@@glm@@YA?AU?$tmat4x4@M$0A@@0@AEBU10@0@Z 0000000180006010 f i node_module.obj
 0001:000055b0       ??$_Resize@V<lambda_7c1f8801e9057f59bf0e89d8a2ca440c>@@@?$vector@V?$vector@UShellData@?1??reset@?$Hashspace@$0BAAA@$04@@QEAAAEAU3@U?$tvec3@M$0A@@glm@@0@Z@V?$allocator@UShellData@?1??reset@?$Hashspace@$0BAAA@$04@@QEAAAEAU3@U?$tvec3@M$0A@@glm@@0@Z@@std@@@std@@V?$allocator@V?$vector@UShellData@?1??reset@?$Hashspace@$0BAAA@$04@@QEAAAEAU3@U?$tvec3@M$0A@@glm@@0@Z@V?$allocator@UShellData@?1??reset@?$Hashspace@$0BAAA@$04@@QEAAAEAU3@U?$tvec3@M$0A@@glm@@0@Z@@std@@@std@@@2@@std@@AEAAX_KV<lambda_7c1f8801e9057f59bf0e89d8a2ca440c>@@@Z 00000001800065b0 f i node_module.obj
 0001:00005840       ??$_Emplace_reallocate@UShellData@?1??reset@?$Hashspace@$0BAAA@$04@@QEAAAEAU3@U?$tvec3@M$0A@@glm@@0@Z@@?$vector@UShellData@?1??reset@?$Hashspace@$0BAAA@$04@@QEAAAEAU3@U?$tvec3@M$0A@@glm@@0@Z@V?$allocator@UShellData@?1??reset@?$Hashspace@$0BAAA@$04@@QEAAAEAU3@U?$tvec3@M$0A@@glm@@0@Z@@std@@@std@@QEAAPEAUShellData@?1??reset@?$Hashspace@$0BAAA@$04@@QEAAAEAU4@U?$tvec3@M$0A@@glm@@0@Z@QEAU2?1??34@QEAAAEAU4@00@Z@$$QEAU2?1??34@QEAAAEAU4@00@Z@@Z 0000000180006840 f i node_module.obj
 0001:00005a20       ??$_Emplace_reallocate@AEBH@?$vector@HV?$allocator@H@std@@@std@@QEAAPEAHQEAHAEBH@Z 0000000180006a20 f i node_module.obj
 0001:00005bc0       ??$_Destroy_range@V?$allocator@V?$vector@UShellData@?1??reset@?$Hashspace@$0BAAA@$04@@QEAAAEAU3@U?$tvec3@M$0A@@glm@@0@Z@V?$allocator@UShellData@?1??reset@?$Hashspace@$0BAAA@$04@@QEAAAEAU3@U?$tvec3@M$0A@@glm@@0@Z@@std@@@std@@@std@@@std@@YAXPEAV?$vector@UShellData@?1??reset@?$Hashspace@$0BAAA@$04@@QEAAAEAU3@U?$tvec3@M$0A@@glm@@0@Z@V?$allocator@UShellData@?1??reset@?$Hashspace@$0BAAA@$04@@QEAAAEAU3@U?$tvec3@M$0A@@glm@@0@Z@@std@@@0@0AEAV?$allocator@V?$vector@UShellData@?1??reset@?$Hashspace@$0BAAA@$04@@QEAAAEAU3@U?$tvec3@M$0A@@glm@@0@Z@V?$allocator@UShellData@?1??reset@?$Hashspace@$0BAAA@$04@@QEAAAEAU3@U?$tvec3@M$0A@@glm@@0@Z@@std@@@std@@@0@@Z 0000000180006bc0 f i node_module.obj
 0001:00005c50       ?_Xlength@?$vector@V?$vector@UShellData@?1??reset@?$Hashspace@$0BAAA@$04@@QEAAAEAU3@U?$tvec3@M$0A@@glm@@0@Z@V?$allocator@UShellData@?1??reset@?$Hashspace@$0BAAA@$04@@QEAAAEAU3@U?$tvec3@M$0A@@glm@@0@Z@@std@@@std@@V?$allocator@V?$vector@UShellData@?1??reset@?$Hashspace@$0BAAA@$04@@QEAAAEAU3@U?$tvec3@M$0A@@glm@@0@Z@V?$allocator@UShellData@?1??reset@?$Hashspace@$0BAAA@$04@@QEAAAEAU3@U?$tvec3@M$0A@@glm@@0@Z@@std@@@std@@@2@@std@@CAXXZ 0000000180006c50 f i node_module.obj
 0001:00005c50       ?_Xlength@?$vector@UShellData@?1??reset@?$Hashspace@$0BAAA@$04@@QEAAAEAU3@U?$tvec3@M$0A@@glm@@0@Z@V?$allocator@UShellData@?1??reset@?$Hashspace@$0BAAA@$04@@QEAAAEAU3@U?$tvec3@M$0A@@glm@@0@Z@@std@@@std@@CAXXZ 0000000180006c50 f i node_module.obj
 0001:00005c50       ?_Xlength@?$vector@HV?$allocator@H@std@@@std@@CAXXZ 0000000180006c50 f i node_module.obj
 0001:00005c70       ?call@?$compute_rand@I$0A@Utvec1@glm@@@detail@glm@@SA?AU?$tvec1@I$0A@@3@XZ 0000000180006c70 f i node_module.obj
 0001:00005d60       ?call@?$compute_rand@G$0A@Utvec4@glm@@@detail@glm@@SA?AU?$tvec4@G$0A@@3@XZ 0000000180006d60 f i node_module.obj
 0001:00005f10       ?call@?$compute_rand@G$0A@Utvec3@glm@@@detail@glm@@SA?AU?$tvec3@G$0A@@3@XZ 0000000180006f10 f i node_module.obj
 0001:00006060       ??$compute_inverse@M$0A@@detail@glm@@YA?AU?$tmat4x4@M$0A@@1@AEBU21@@Z 0000000180007060 f i node_module.obj
 0001:0000681c       __imp_load_napi_create_external_arraybuffer 000000018000781c f   node:node.exe
 0001:00006828       __tailMerge_node_exe       0000000180007828     node:node.exe
 0001:000068a1       __imp_load_napi_module_register 00000001800078a1 f   node:node.exe
 0001:000068ad       __imp_load_napi_define_properties 00000001800078ad f   node:node.exe
 0001:000068b9       __imp_load_napi_typeof     00000001800078b9 f   node:node.exe
 0001:000068c5       __imp_load_napi_get_cb_info 00000001800078c5 f   node:node.exe
 0001:000068d1       __imp_load_napi_get_value_double 00000001800078d1 f   node:node.exe
 0001:000068e0       ??0bad_alloc@std@@QEAA@AEBV01@@Z 00000001800078e0 f i libcpmt:xthrow.obj
 0001:00006920       ??0bad_alloc@std@@QEAA@XZ  0000000180007920 f i libcpmt:xthrow.obj
 0001:00006940       ??0exception@std@@QEAA@AEBV01@@Z 0000000180007940 f i libcpmt:xthrow.obj
 0001:00006978       ??0length_error@std@@QEAA@AEBV01@@Z 0000000180007978 f i libcpmt:xthrow.obj
 0001:000069b8       ??0length_error@std@@QEAA@PEBD@Z 00000001800079b8 f i libcpmt:xthrow.obj
 0001:00006a04       ??0logic_error@std@@QEAA@AEBV01@@Z 0000000180007a04 f i libcpmt:xthrow.obj
 0001:00006a44       ??1bad_array_new_length@std@@UEAA@XZ 0000000180007a44 f i LIBCMT:throw_bad_alloc.obj
 0001:00006a44       ??1bad_alloc@std@@UEAA@XZ  0000000180007a44 f i libcpmt:xthrow.obj
 0001:00006a44       ??1length_error@std@@UEAA@XZ 0000000180007a44 f i libcpmt:xthrow.obj
 0001:00006a58       ??_Elogic_error@std@@UEAAPEAXI@Z 0000000180007a58 f i libcpmt:xthrow.obj
 0001:00006a58       ??_Eexception@std@@UEAAPEAXI@Z 0000000180007a58 f i libcpmt:xthrow.obj
 0001:00006a58       ??_Gbad_alloc@std@@UEAAPEAXI@Z 0000000180007a58 f i libcpmt:xthrow.obj
 0001:00006a58       ??_Glength_error@std@@UEAAPEAXI@Z 0000000180007a58 f i libcpmt:xthrow.obj
 0001:00006a58       ??_Ebad_array_new_length@std@@UEAAPEAXI@Z 0000000180007a58 f i LIBCMT:throw_bad_alloc.obj
 0001:00006a58       ??_Elength_error@std@@UEAAPEAXI@Z 0000000180007a58 f i libcpmt:xthrow.obj
 0001:00006a58       ??_Gexception@std@@UEAAPEAXI@Z 0000000180007a58 f i libcpmt:xthrow.obj
 0001:00006a58       ??_Glogic_error@std@@UEAAPEAXI@Z 0000000180007a58 f i libcpmt:xthrow.obj
 0001:00006a58       ??_Ebad_alloc@std@@UEAAPEAXI@Z 0000000180007a58 f i libcpmt:xthrow.obj
 0001:00006a58       ??_Gbad_array_new_length@std@@UEAAPEAXI@Z 0000000180007a58 f i LIBCMT:throw_bad_alloc.obj
 0001:00006a9c       ?_Xlength_error@std@@YAXPEBD@Z 0000000180007a9c f   libcpmt:xthrow.obj
 0001:00006ac0       ?what@exception@std@@UEBAPEBDXZ 0000000180007ac0 f i libcpmt:xthrow.obj
 0001:00006af0       __security_check_cookie    0000000180007af0 f   LIBCMT:amdsecgs.obj
 0001:00006b14       ??2@YAPEAX_K@Z             0000000180007b14 f   LIBCMT:new_scalar.obj
 0001:00006b50       ??3@YAXPEAX_K@Z            0000000180007b50 f   LIBCMT:delete_scalar_size.obj
 0001:00006e88       _DllMainCRTStartup         0000000180007e88 f   LIBCMT:dll_dllmain.obj
 0001:00006ec8       ??_Etype_info@@UEAAPEAXI@Z 0000000180007ec8 f i LIBCMT:std_type_info_static.obj
 0001:00006ec8       ??_Gtype_info@@UEAAPEAXI@Z 0000000180007ec8 f i LIBCMT:std_type_info_static.obj
 0001:00006ef4       __raise_securityfailure    0000000180007ef4 f   LIBCMT:gs_report.obj
 0001:00006f28       __report_gsfailure         0000000180007f28 f   LIBCMT:gs_report.obj
 0001:00006ffc       __report_rangecheckfailure 0000000180007ffc f   LIBCMT:gs_report.obj
 0001:00007010       __report_securityfailure   0000000180008010 f   LIBCMT:gs_report.obj
 0001:00007190       ??0bad_array_new_length@std@@QEAA@AEBV01@@Z 0000000180008190 f i LIBCMT:throw_bad_alloc.obj
 0001:000071d0       ??0bad_array_new_length@std@@QEAA@XZ 00000001800081d0 f i LIBCMT:throw_bad_alloc.obj
 0001:000071f0       ?__scrt_throw_std_bad_alloc@@YAXXZ 00000001800081f0 f   LIBCMT:throw_bad_alloc.obj
 0001:00007210       ?__scrt_throw_std_bad_array_new_length@@YAXXZ 0000000180008210 f   LIBCMT:throw_bad_alloc.obj
 0001:00007230       ??3@YAXPEAX@Z              0000000180008230 f   LIBCMT:delete_scalar.obj
 0001:00007238       __security_init_cookie     0000000180008238 f   LIBCMT:gs_support.obj
 0001:000072e4       _get_startup_argv_mode     00000001800082e4 f   LIBCMT:argv_mode.obj
 0001:000072e4       DllMain                    00000001800082e4 f   LIBCMT:dll_dllmain_stub.obj
 0001:000072ec       ?__scrt_initialize_type_info@@YAXXZ 00000001800082ec f   LIBCMT:tncleanup.obj
 0001:000072fc       ?__scrt_uninitialize_type_info@@YAXXZ 00000001800082fc f   LIBCMT:tncleanup.obj
 0001:00007308       __local_stdio_scanf_options 0000000180008308 f i LIBCMT:default_local_stdio_options.obj
 0001:00007310       __scrt_initialize_default_local_stdio_options 0000000180008310 f   LIBCMT:default_local_stdio_options.obj
 0001:0000732c       __scrt_acquire_startup_lock 000000018000832c f   LIBCMT:utility.obj
 0001:00007368       __scrt_dllmain_after_initialize_c 0000000180008368 f   LIBCMT:utility.obj
 0001:0000739c       __scrt_dllmain_before_initialize_c 000000018000839c f   LIBCMT:utility.obj
 0001:000073b4       __scrt_dllmain_crt_thread_attach 00000001800083b4 f   LIBCMT:utility.obj
 0001:000073dc       __scrt_dllmain_crt_thread_detach 00000001800083dc f   LIBCMT:utility.obj
 0001:000073f4       __scrt_dllmain_exception_filter 00000001800083f4 f   LIBCMT:utility.obj
 0001:00007454       __scrt_dllmain_uninitialize_c 0000000180008454 f   LIBCMT:utility.obj
 0001:00007484       __scrt_dllmain_uninitialize_critical 0000000180008484 f   LIBCMT:utility.obj
 0001:00007498       __scrt_initialize_crt      0000000180008498 f   LIBCMT:utility.obj
 0001:000074e4       __scrt_initialize_onexit_tables 00000001800084e4 f   LIBCMT:utility.obj
 0001:000075bc       __scrt_is_nonwritable_in_current_image 00000001800085bc f   LIBCMT:utility.obj
 0001:00007658       __scrt_release_startup_lock 0000000180008658 f   LIBCMT:utility.obj
 0001:0000767c       __scrt_uninitialize_crt    000000018000867c f   LIBCMT:utility.obj
 0001:000076a8       __scrt_get_dyn_tls_init_callback 00000001800086a8 f   LIBCMT:dyn_tls_init.obj
 0001:000076b0       __crt_debugger_hook        00000001800086b0 f   LIBCMT:utility_desktop.obj
 0001:000076b8       __scrt_fastfail            00000001800086b8 f   LIBCMT:utility_desktop.obj
 0001:00007804       _RTC_Initialize            0000000180008804 f   LIBCMT:initsect.obj
 0001:00007840       _RTC_Terminate             0000000180008840 f   LIBCMT:initsect.obj
 0001:0000787c       _guard_check_icall_nop     000000018000887c f i LIBCMT:guard_support.obj
 0001:00007880       __isa_available_init       0000000180008880 f   LIBCMT:cpu_disp.obj
 0001:00007a3c       __scrt_is_ucrt_dll_in_use  0000000180008a3c f   LIBCMT:ucrt_detection.obj
 0001:00007a50       __std_exception_copy       0000000180008a50 f   libvcruntime:std_exception.obj
 0001:00007ae0       __std_exception_destroy    0000000180008ae0 f   libvcruntime:std_exception.obj
 0001:00007b08       _CxxThrowException         0000000180008b08 f   libvcruntime:throw.obj
 0001:00007bc8       __C_specific_handler       0000000180008bc8 f   libvcruntime:riscchandler.obj
 0001:00007dd4       __std_type_info_destroy_list 0000000180008dd4 f   libvcruntime:std_type_info.obj
 0001:00007e00       __vcrt_initialize          0000000180008e00 f   libvcruntime:initialization.obj
 0001:00007e34       __vcrt_thread_attach       0000000180008e34 f   libvcruntime:initialization.obj
 0001:00007e48       __vcrt_thread_detach       0000000180008e48 f   libvcruntime:initialization.obj
 0001:00007e5c       __vcrt_uninitialize        0000000180008e5c f   libvcruntime:initialization.obj
 0001:00007e7c       __vcrt_uninitialize_critical 0000000180008e7c f   libvcruntime:initialization.obj
 0001:00007ea0       memset_repmovs             0000000180008ea0 f   libvcruntime:memset.obj
 0001:00007ec0       memset                     0000000180008ec0 f   libvcruntime:memset.obj
 0001:00008060       _NLG_Notify                0000000180009060 f   libvcruntime:notify.obj
 0001:00008080       __NLG_Dispatch2            0000000180009080 f   libvcruntime:notify.obj
 0001:00008090       __NLG_Return2              0000000180009090 f   libvcruntime:notify.obj
 0001:00008094       __except_validate_context_record 0000000180009094 f   libvcruntime:jbcxrval.obj
 0001:000080cc       __DestructExceptionObject  00000001800090cc f   libvcruntime:ehhelpers.obj
 0001:00008140       ?_CallMemberFunction0@@YAXQEAX0@Z 0000000180009140 f i libvcruntime:ehhelpers.obj
 0001:00008144       __vcrt_freefls             0000000180009144 f   libvcruntime:per_thread_data.obj
 0001:00008164       __vcrt_freeptd             0000000180009164 f   libvcruntime:per_thread_data.obj
 0001:000081b4       __vcrt_getptd_noexit       00000001800091b4 f   libvcruntime:per_thread_data.obj
 0001:00008280       __vcrt_initialize_ptd      0000000180009280 f   libvcruntime:per_thread_data.obj
 0001:000082d4       __vcrt_uninitialize_ptd    00000001800092d4 f   libvcruntime:per_thread_data.obj
 0001:000082f8       __vcrt_initialize_locks    00000001800092f8 f   libvcruntime:locks.obj
 0001:00008340       __vcrt_uninitialize_locks  0000000180009340 f   libvcruntime:locks.obj
 0001:00008550       __vcrt_FlsAlloc            0000000180009550 f   libvcruntime:winapi_downlevel.obj
 0001:00008598       __vcrt_FlsFree             0000000180009598 f   libvcruntime:winapi_downlevel.obj
 0001:000085e0       __vcrt_FlsGetValue         00000001800095e0 f   libvcruntime:winapi_downlevel.obj
 0001:00008628       __vcrt_FlsSetValue         0000000180009628 f   libvcruntime:winapi_downlevel.obj
 0001:0000867c       __vcrt_InitializeCriticalSectionEx 000000018000967c f   libvcruntime:winapi_downlevel.obj
 0001:000086e0       __vcrt_initialize_winapi_thunks 00000001800096e0 f   libvcruntime:winapi_downlevel.obj
 0001:00008710       __vcrt_uninitialize_winapi_thunks 0000000180009710 f   libvcruntime:winapi_downlevel.obj
 0001:00008750       __vcrt_initialize_pure_virtual_call_handler 0000000180009750 f   libvcruntime:purevirt_data.obj
 0001:00008770       memcpy_repmovs             0000000180009770 f   libvcruntime:memcpy.obj
 0001:00008790       memmove                    0000000180009790 f   libvcruntime:memcpy.obj
 0001:00008790       memcpy                     0000000180009790 f   libvcruntime:memcpy.obj
 0001:00008be0       _CallSettingFrame          0000000180009be0 f   libvcruntime:handlers.obj
 0001:00008c30       _CallSettingFrameEncoded   0000000180009c30 f   libvcruntime:handlers.obj
 0001:00008c78       _fputc_nolock              0000000180009c78 f   libucrt:fputc.obj
 0001:00008c90       __acrt_initialize_stdio    0000000180009c90 f   libucrt:_file.obj
 0001:00008db0       __acrt_iob_func            0000000180009db0 f   libucrt:_file.obj
 0001:00008dc4       __acrt_uninitialize_stdio  0000000180009dc4 f   libucrt:_file.obj
 0001:00008e20       _lock_file                 0000000180009e20 f   libucrt:_file.obj
 0001:00008e2c       _unlock_file               0000000180009e2c f   libucrt:_file.obj
 0001:00008e38       rand                       0000000180009e38 f   libucrt:rand.obj
 0001:00009078       ??$ensure_buffer_is_big_enough@D@formatting_buffer@__crt_stdio_output@@QEAA_N_K@Z 000000018000a078 f i libucrt:output.obj
 0001:00009120       ??$ensure_buffer_is_big_enough@_W@formatting_buffer@__crt_stdio_output@@QEAA_N_K@Z 000000018000a120 f i libucrt:output.obj
 0001:000091cc       ??$is_wide_character_specifier@_W@__crt_stdio_output@@YA_N_K_WW4length_modifier@0@@Z 000000018000a1cc f i libucrt:output.obj
 0001:0000920c       ??$type_case_integer_parse_into_buffer@I@?$output_processor@_WV?$string_output_adapter@_W@__crt_stdio_output@@V?$standard_base@_WV?$string_output_adapter@_W@__crt_stdio_output@@@2@@__crt_stdio_output@@AEAAXII_N@Z 000000018000a20c f i libucrt:output.obj
 0001:0000920c       ??$type_case_integer_parse_into_buffer@I@?$output_processor@_WV?$stream_output_adapter@_W@__crt_stdio_output@@V?$standard_base@_WV?$stream_output_adapter@_W@__crt_stdio_output@@@2@@__crt_stdio_output@@AEAAXII_N@Z 000000018000a20c f i libucrt:output.obj
 0001:000092b0       ??$type_case_integer_parse_into_buffer@_K@?$output_processor@_WV?$string_output_adapter@_W@__crt_stdio_output@@V?$standard_base@_WV?$string_output_adapter@_W@__crt_stdio_output@@@2@@__crt_stdio_output@@AEAAX_KI_N@Z 000000018000a2b0 f i libucrt:output.obj
 0001:000092b0       ??$type_case_integer_parse_into_buffer@_K@?$output_processor@_WV?$stream_output_adapter@_W@__crt_stdio_output@@V?$standard_base@_WV?$stream_output_adapter@_W@__crt_stdio_output@@@2@@__crt_stdio_output@@AEAAX_KI_N@Z 000000018000a2b0 f i libucrt:output.obj
 0001:00009354       ??$write_multiple_characters@V?$stream_output_adapter@_W@__crt_stdio_output@@D@__crt_stdio_output@@YAXAEBV?$stream_output_adapter@_W@0@DHQEAH@Z 000000018000a354 f i libucrt:output.obj
 0001:000093e8       ??$write_multiple_characters@V?$string_output_adapter@_W@__crt_stdio_output@@D@__crt_stdio_output@@YAXAEBV?$string_output_adapter@_W@0@DHQEAH@Z 000000018000a3e8 f i libucrt:output.obj
 0001:00009464       ??0_LocaleUpdate@@QEAA@QEAU__crt_locale_pointers@@@Z 000000018000a464 f i libucrt:output.obj
 0001:00009634       ?crop_zeroes@__crt_stdio_output@@YAXPEADQEAU__crt_locale_pointers@@@Z 000000018000a634 f i libucrt:output.obj
 0001:000096a0       ?force_decimal_point@__crt_stdio_output@@YAXPEADQEAU__crt_locale_pointers@@@Z 000000018000a6a0 f i libucrt:output.obj
 0001:00009710       ?parse_int_from_format_string@?$output_processor@_WV?$string_output_adapter@_W@__crt_stdio_output@@V?$standard_base@_WV?$string_output_adapter@_W@__crt_stdio_output@@@2@@__crt_stdio_output@@AEAA_NQEAH@Z 000000018000a710 f i libucrt:output.obj
 0001:00009710       ?parse_int_from_format_string@?$output_processor@_WV?$stream_output_adapter@_W@__crt_stdio_output@@V?$standard_base@_WV?$stream_output_adapter@_W@__crt_stdio_output@@@2@@__crt_stdio_output@@AEAA_NQEAH@Z 000000018000a710 f i libucrt:output.obj
 0001:000097b4       ?process@?$output_processor@_WV?$stream_output_adapter@_W@__crt_stdio_output@@V?$standard_base@_WV?$stream_output_adapter@_W@__crt_stdio_output@@@2@@__crt_stdio_output@@QEAAHXZ 000000018000a7b4 f i libucrt:output.obj
 0001:00009a20       ?process@?$output_processor@_WV?$string_output_adapter@_W@__crt_stdio_output@@V?$standard_base@_WV?$string_output_adapter@_W@__crt_stdio_output@@@2@@__crt_stdio_output@@QEAAHXZ 000000018000aa20 f i libucrt:output.obj
 0001:00009c9c       ?state_case_size@?$output_processor@_WV?$stream_output_adapter@_W@__crt_stdio_output@@V?$standard_base@_WV?$stream_output_adapter@_W@__crt_stdio_output@@@2@@__crt_stdio_output@@AEAA_NXZ 000000018000ac9c f i libucrt:output.obj
 0001:00009e34       ?state_case_size@?$output_processor@_WV?$string_output_adapter@_W@__crt_stdio_output@@V?$standard_base@_WV?$string_output_adapter@_W@__crt_stdio_output@@@2@@__crt_stdio_output@@AEAA_NXZ 000000018000ae34 f i libucrt:output.obj
 0001:00009fcc       ?state_case_type@?$output_processor@_WV?$stream_output_adapter@_W@__crt_stdio_output@@V?$standard_base@_WV?$stream_output_adapter@_W@__crt_stdio_output@@@2@@__crt_stdio_output@@AEAA_NXZ 000000018000afcc f i libucrt:output.obj
 0001:0000a2ac       ?state_case_type@?$output_processor@_WV?$string_output_adapter@_W@__crt_stdio_output@@V?$standard_base@_WV?$string_output_adapter@_W@__crt_stdio_output@@@2@@__crt_stdio_output@@AEAA_NXZ 000000018000b2ac f i libucrt:output.obj
 0001:0000a578       ?type_case_Z@?$output_processor@_WV?$stream_output_adapter@_W@__crt_stdio_output@@V?$standard_base@_WV?$stream_output_adapter@_W@__crt_stdio_output@@@2@@__crt_stdio_output@@AEAA_NXZ 000000018000b578 f i libucrt:output.obj
 0001:0000a578       ?type_case_Z@?$output_processor@_WV?$string_output_adapter@_W@__crt_stdio_output@@V?$standard_base@_WV?$string_output_adapter@_W@__crt_stdio_output@@@2@@__crt_stdio_output@@AEAA_NXZ 000000018000b578 f i libucrt:output.obj
 0001:0000a5f4       ?type_case_a@?$output_processor@_WV?$string_output_adapter@_W@__crt_stdio_output@@V?$standard_base@_WV?$string_output_adapter@_W@__crt_stdio_output@@@2@@__crt_stdio_output@@AEAA_NXZ 000000018000b5f4 f i libucrt:output.obj
 0001:0000a5f4       ?type_case_a@?$output_processor@_WV?$stream_output_adapter@_W@__crt_stdio_output@@V?$standard_base@_WV?$stream_output_adapter@_W@__crt_stdio_output@@@2@@__crt_stdio_output@@AEAA_NXZ 000000018000b5f4 f i libucrt:output.obj
 0001:0000a7d4       ?type_case_c_tchar@?$output_processor@_WV?$string_output_adapter@_W@__crt_stdio_output@@V?$standard_base@_WV?$string_output_adapter@_W@__crt_stdio_output@@@2@@__crt_stdio_output@@AEAA_N_W@Z 000000018000b7d4 f i libucrt:output.obj
 0001:0000a7d4       ?type_case_c_tchar@?$output_processor@_WV?$stream_output_adapter@_W@__crt_stdio_output@@V?$standard_base@_WV?$stream_output_adapter@_W@__crt_stdio_output@@@2@@__crt_stdio_output@@AEAA_N_W@Z 000000018000b7d4 f i libucrt:output.obj
 0001:0000a87c       ?type_case_integer@?$output_processor@_WV?$string_output_adapter@_W@__crt_stdio_output@@V?$standard_base@_WV?$string_output_adapter@_W@__crt_stdio_output@@@2@@__crt_stdio_output@@AEAA_NI_N@Z 000000018000b87c f i libucrt:output.obj
 0001:0000a87c       ?type_case_integer@?$output_processor@_WV?$stream_output_adapter@_W@__crt_stdio_output@@V?$standard_base@_WV?$stream_output_adapter@_W@__crt_stdio_output@@@2@@__crt_stdio_output@@AEAA_NI_N@Z 000000018000b87c f i libucrt:output.obj
 0001:0000aa48       ?type_case_n@?$output_processor@_WV?$string_output_adapter@_W@__crt_stdio_output@@V?$standard_base@_WV?$string_output_adapter@_W@__crt_stdio_output@@@2@@__crt_stdio_output@@AEAA_NXZ 000000018000ba48 f i libucrt:output.obj
 0001:0000aa48       ?type_case_n@?$output_processor@_WV?$stream_output_adapter@_W@__crt_stdio_output@@V?$standard_base@_WV?$stream_output_adapter@_W@__crt_stdio_output@@@2@@__crt_stdio_output@@AEAA_NXZ 000000018000ba48 f i libucrt:output.obj
 0001:0000ab24       ?type_case_s@?$output_processor@_WV?$stream_output_adapter@_W@__crt_stdio_output@@V?$standard_base@_WV?$stream_output_adapter@_W@__crt_stdio_output@@@2@@__crt_stdio_output@@AEAA_NXZ 000000018000bb24 f i libucrt:output.obj
 0001:0000ab24       ?type_case_s@?$output_processor@_WV?$string_output_adapter@_W@__crt_stdio_output@@V?$standard_base@_WV?$string_output_adapter@_W@__crt_stdio_output@@@2@@__crt_stdio_output@@AEAA_NXZ 000000018000bb24 f i libucrt:output.obj
 0001:0000abec       ?write_stored_string_tchar@?$output_processor@_WV?$stream_output_adapter@_W@__crt_stdio_output@@V?$standard_base@_WV?$stream_output_adapter@_W@__crt_stdio_output@@@2@@__crt_stdio_output@@AEAA_N_W@Z 000000018000bbec f i libucrt:output.obj
 0001:0000acf4       ?write_stored_string_tchar@?$output_processor@_WV?$string_output_adapter@_W@__crt_stdio_output@@V?$standard_base@_WV?$string_output_adapter@_W@__crt_stdio_output@@@2@@__crt_stdio_output@@AEAA_N_W@Z 000000018000bcf4 f i libucrt:output.obj
 0001:0000ade0       ?write_string@?$string_output_adapter@_W@__crt_stdio_output@@QEBAXQEB_WHQEAHAEAV__crt_deferred_errno_cache@@@Z 000000018000bde0 f i libucrt:output.obj
 0001:0000ae88       ?write_string_impl@?$output_adapter_common@_WV?$stream_output_adapter@_W@__crt_stdio_output@@@__crt_stdio_output@@IEBAXQEB_WHQEAHAEAV__crt_deferred_errno_cache@@@Z 000000018000be88 f i libucrt:output.obj
 0001:0000af8c       __stdio_common_vfwprintf   000000018000bf8c f   libucrt:output.obj
 0001:0000b018       __stdio_common_vswprintf   000000018000c018 f   libucrt:output.obj
 0001:0000b738       ??$ftprintf@PEAU_iobuf@@PEB_WAEBQEB_WAEBQEB_WAEBI@?$__crt_char_traits@_W@@SAH$$QEAPEAU_iobuf@@$$QEAPEB_WAEBQEB_W2AEBI@Z 000000018000c738 f i libucrt:assert.obj
 0001:0000b760       _wassert                   000000018000c760 f   libucrt:assert.obj
 0001:0000b7d4       fwprintf                   000000018000c7d4 f i libucrt:assert.obj
 0001:0000b818       swprintf                   000000018000c818 f i libucrt:assert.obj
 0001:0000b86c       __acrt_call_reportfault    000000018000c86c f   libucrt:invalid_parameter.obj
 0001:0000b9c8       __acrt_initialize_invalid_parameter_handler 000000018000c9c8 f   libucrt:invalid_parameter.obj
 0001:0000b9d0       _invalid_parameter         000000018000c9d0 f   libucrt:invalid_parameter.obj
 0001:0000ba80       _invalid_parameter_noinfo  000000018000ca80 f   libucrt:invalid_parameter.obj
 0001:0000baa0       _invalid_parameter_noinfo_noreturn 000000018000caa0 f   libucrt:invalid_parameter.obj
 0001:0000bad0       _invoke_watson             000000018000cad0 f   libucrt:invalid_parameter.obj
 0001:0000bb18       __ascii_stricmp            000000018000cb18 f   libucrt:stricmp.obj
 0001:0000bb58       _stricmp                   000000018000cb58 f   libucrt:stricmp.obj
 0001:0000bba0       _stricmp_l                 000000018000cba0 f   libucrt:stricmp.obj
 0001:0000bc54       __acrt_initialize_new_handler 000000018000cc54 f   libucrt:new_handler.obj
 0001:0000bc5c       _callnewh                  000000018000cc5c f   libucrt:new_handler.obj
 0001:0000bc8c       _query_new_handler         000000018000cc8c f   libucrt:new_handler.obj
 0001:0000bcc0       malloc                     000000018000ccc0 f   libucrt:malloc.obj
 0001:0000bcc8       _initterm                  000000018000ccc8 f   libucrt:initterm.obj
 0001:0000bd2c       _initterm_e                000000018000cd2c f   libucrt:initterm.obj
 0001:0000bd6c       free                       000000018000cd6c f   libucrt:free.obj
 0001:0000bd80       _seh_filter_dll            000000018000cd80 f   libucrt:exception_filter.obj
 0001:0000bd94       _seh_filter_exe            000000018000cd94 f   libucrt:exception_filter.obj
 0001:0000c184       __acrt_initialize_thread_local_exit_callback 000000018000d184 f   libucrt:exit.obj
 0001:0000c18c       _cexit                     000000018000d18c f   libucrt:exit.obj
 0001:0000c19c       _exit                      000000018000d19c f   libucrt:exit.obj
 0001:0000c1a8       _is_c_termination_complete 000000018000d1a8 f   libucrt:exit.obj
 0001:0000c374       __acrt_allocate_buffer_for_argv 000000018000d374 f   libucrt:argv_parsing.obj
 0001:0000c3d4       _configure_narrow_argv     000000018000d3d4 f   libucrt:argv_parsing.obj
 0001:0000c74c       __dcrt_uninitialize_environments_nolock 000000018000d74c f   libucrt:environment_initialization.obj
 0001:0000c784       _initialize_narrow_environment 000000018000d784 f   libucrt:environment_initialization.obj
 0001:0000c8e0       _execute_onexit_table      000000018000d8e0 f   libucrt:onexit.obj
 0001:0000c91c       _initialize_onexit_table   000000018000d91c f   libucrt:onexit.obj
 0001:0000c97c       __acrt_uninitialize_command_line 000000018000d97c f   libucrt:argv_data.obj
 0001:0000ca74       __acrt_initialize          000000018000da74 f   libucrt:initialization.obj
 0001:0000ca88       __acrt_thread_attach       000000018000da88 f   libucrt:initialization.obj
 0001:0000ca9c       __acrt_thread_detach       000000018000da9c f   libucrt:initialization.obj
 0001:0000caac       __acrt_uninitialize        000000018000daac f   libucrt:initialization.obj
 0001:0000cae4       __acrt_uninitialize_critical 000000018000dae4 f   libucrt:initialization.obj
 0001:0000caf4       terminate                  000000018000daf4 f   libucrt:terminate.obj
 0001:0000cb14       strcpy_s                   000000018000db14 f   libucrt:strcpy_s.obj
 0001:0000cb74       ??$parse_integer@KV?$c_string_character_source@_W@__crt_strtox@@@__crt_strtox@@YAKQEAU__crt_locale_pointers@@V?$c_string_character_source@_W@0@H_N@Z 000000018000db74 f i libucrt:atox.obj
 0001:0000d240       strncmp                    000000018000e240 f   libucrt:strncmp.obj
 0001:0000d2c0       abort                      000000018000e2c0 f   libucrt:abort.obj
 0001:0000d318       calloc                     000000018000e318 f   libucrt:calloc.obj
 0001:0000d320       wcsncmp                    000000018000e320 f   libucrt:wcsncmp.obj
 0001:0000d34c       __acrt_errno_from_os_error 000000018000e34c f   libucrt:errno.obj
 0001:0000d394       __acrt_errno_map_os_error  000000018000e394 f   libucrt:errno.obj
 0001:0000d3e4       __doserrno                 000000018000e3e4 f   libucrt:errno.obj
 0001:0000d404       _errno                     000000018000e404 f   libucrt:errno.obj
 0001:0000d424       _fileno                    000000018000e424 f   libucrt:fileno.obj
 0001:0000d690       __acrt_stdio_flush_and_write_narrow_nolock 000000018000e690 f   libucrt:_flsbuf.obj
 0001:0000d77c       __acrt_stdio_flush_and_write_wide_nolock 000000018000e77c f   libucrt:_flsbuf.obj
 0001:0000da64       __acrt_initialize_lowio    000000018000ea64 f   libucrt:ioinit.obj
 0001:0000daa0       __acrt_uninitialize_lowio  000000018000eaa0 f   libucrt:ioinit.obj
 0001:0000dae0       _calloc_base               000000018000eae0 f   libucrt:calloc_base.obj
 0001:0000db58       _free_base                 000000018000eb58 f   libucrt:free_base.obj
 0001:0000dd70       __acrt_AppPolicyGetProcessTerminationMethodInternal 000000018000ed70 f   libucrt:winapi_thunks.obj
 0001:0000ddc0       __acrt_AppPolicyGetShowDeveloperDiagnosticInternal 000000018000edc0 f   libucrt:winapi_thunks.obj
 0001:0000de10       __acrt_AppPolicyGetWindowingModelInternal 000000018000ee10 f   libucrt:winapi_thunks.obj
 0001:0000de60       __acrt_AreFileApisANSI     000000018000ee60 f   libucrt:winapi_thunks.obj
 0001:0000de9c       __acrt_FlsAlloc            000000018000ee9c f   libucrt:winapi_thunks.obj
 0001:0000dee4       __acrt_FlsFree             000000018000eee4 f   libucrt:winapi_thunks.obj
 0001:0000df2c       __acrt_FlsGetValue         000000018000ef2c f   libucrt:winapi_thunks.obj
 0001:0000df74       __acrt_FlsSetValue         000000018000ef74 f   libucrt:winapi_thunks.obj
 0001:0000dfc8       __acrt_InitializeCriticalSectionEx 000000018000efc8 f   libucrt:winapi_thunks.obj
 0001:0000e02c       __acrt_LCMapStringEx       000000018000f02c f   libucrt:winapi_thunks.obj
 0001:0000e108       __acrt_LocaleNameToLCID    000000018000f108 f   libucrt:winapi_thunks.obj
 0001:0000e158       __acrt_MessageBoxW         000000018000f158 f   libucrt:winapi_thunks.obj
 0001:0000e1cc       __acrt_can_show_message_box 000000018000f1cc f   libucrt:winapi_thunks.obj
 0001:0000e23c       __acrt_get_parent_window   000000018000f23c f   libucrt:winapi_thunks.obj
 0001:0000e2b4       __acrt_initialize_winapi_thunks 000000018000f2b4 f   libucrt:winapi_thunks.obj
 0001:0000e2e8       __acrt_is_interactive      000000018000f2e8 f   libucrt:winapi_thunks.obj
 0001:0000e3b0       __acrt_uninitialize_winapi_thunks 000000018000f3b0 f   libucrt:winapi_thunks.obj
 0001:0000e3f4       _fcloseall                 000000018000f3f4 f   libucrt:closeall.obj
 0001:0000e6c4       __acrt_stdio_flush_nolock  000000018000f6c4 f   libucrt:fflush.obj
 0001:0000e740       _fflush_nolock             000000018000f740 f   libucrt:fflush.obj
 0001:0000e78c       _flushall                  000000018000f78c f   libucrt:fflush.obj
 0001:0000e794       fflush                     000000018000f794 f   libucrt:fflush.obj
 0001:0000e7fc       __acrt_stdio_free_buffer_nolock 000000018000f7fc f   libucrt:_freebuf.obj
 0001:0000ebb4       __acrt_freeptd             000000018000fbb4 f   libucrt:per_thread_data.obj
 0001:0000ebf8       __acrt_getptd              000000018000fbf8 f   libucrt:per_thread_data.obj
 0001:0000eccc       __acrt_getptd_head         000000018000fccc f   libucrt:per_thread_data.obj
 0001:0000ed74       __acrt_getptd_noexit       000000018000fd74 f   libucrt:per_thread_data.obj
 0001:0000ee40       __acrt_initialize_ptd      000000018000fe40 f   libucrt:per_thread_data.obj
 0001:0000ee7c       __acrt_uninitialize_ptd    000000018000fe7c f   libucrt:per_thread_data.obj
 0001:0000eea0       isdigit                    000000018000fea0 f i libucrt:_ctype.obj
 0001:0000ef94       _tolower_l                 000000018000ff94 f   libucrt:tolower_toupper.obj
 0001:0000f0d4       tolower                    00000001800100d4 f   libucrt:tolower_toupper.obj
 0001:0000f100       _malloc_base               0000000180010100 f   libucrt:malloc_base.obj
 0001:0000f160       wcstol                     0000000180010160 f   libucrt:strtox.obj
 0001:0000f18c       _mbtowc_l                  000000018001018c f   libucrt:mbtowc.obj
 0001:0000f308       mbtowc                     0000000180010308 f   libucrt:mbtowc.obj
 0001:0000f310       _wctomb_s_l                0000000180010310 f   libucrt:wctomb.obj
 0001:0000f4b0       wctomb_s                   00000001800104b0 f   libucrt:wctomb.obj
 0001:0000f4c4       wcsnlen                    00000001800104c4 f   libucrt:strnlen.obj
 0001:0000f69c       __acrt_update_locale_info  000000018001069c f   libucrt:locale_update.obj
 0001:0000f6d0       __acrt_update_multibyte_info 00000001800106d0 f   libucrt:locale_update.obj
 0001:000100d8       __acrt_fp_format           00000001800110d8 f   libucrt:cvt.obj
 0001:00010360       _fputwc_nolock             0000000180011360 f   libucrt:fputwc.obj
 0001:000104dc       _get_printf_count_output   00000001800114dc f   libucrt:printf_count_output.obj
 0001:000104f4       __acrt_stdio_begin_temporary_buffering_nolock 00000001800114f4 f   libucrt:_sftbuf.obj
 0001:000105c4       __acrt_stdio_end_temporary_buffering_nolock 00000001800115c4 f   libucrt:_sftbuf.obj
 0001:00010670       __acrt_set_locale_changed  0000000180011670 f   libucrt:wsetlocale.obj
 0001:0001067c       __acrt_uninitialize_locale 000000018001167c f   libucrt:wsetlocale.obj
 0001:000106ac       _query_app_type            00000001800116ac f   libucrt:report_runtime_error.obj
 0001:000107f4       _itow_s                    00000001800117f4 f   libucrt:xtoa.obj
 0001:00010814       _set_error_mode            0000000180011814 f   libucrt:set_error_mode.obj
 0001:00010854       wcscat_s                   0000000180011854 f   libucrt:wcscat_s.obj
 0001:000108d4       wcscpy_s                   00000001800118d4 f   libucrt:wcscpy_s.obj
 0001:0001093c       wcsncat_s                  000000018001193c f   libucrt:wcsncat_s.obj
 0001:00010a3c       ??$__acrt_wcs_to_mbs_cp@U__crt_win32_buffer_no_resizing@@@@YAHQEB_WAEAV?$__crt_win32_buffer@DU__crt_win32_buffer_no_resizing@@@@I@Z 0000000180011a3c f i libucrt:getmodulefilenamea.obj
 0001:00010b50       __acrt_GetModuleFileNameA  0000000180011b50 f   libucrt:getmodulefilenamea.obj
 0001:00010c70       __acrt_show_wide_message_box 0000000180011c70 f   libucrt:crtmbox.obj
 0001:00010e34       setvbuf                    0000000180011e34 f   libucrt:setvbuf.obj
 0001:00010f18       __acrt_get_sigabrt_handler 0000000180011f18 f   libucrt:signal.obj
 0001:00010f48       __acrt_initialize_signal_handlers 0000000180011f48 f   libucrt:signal.obj
 0001:00010f68       raise                      0000000180011f68 f   libucrt:signal.obj
 0001:000111d4       __acrt_initialize_locks    00000001800121d4 f   libucrt:locks.obj
 0001:0001121c       __acrt_lock                000000018001221c f   libucrt:locks.obj
 0001:00011238       __acrt_uninitialize_locks  0000000180012238 f   libucrt:locks.obj
 0001:00011270       __acrt_unlock              0000000180012270 f   libucrt:locks.obj
 0001:0001128c       __acrt_get_developer_information_policy 000000018001228c f   libucrt:win_policies.obj
 0001:000112e0       __acrt_get_process_end_policy 00000001800122e0 f   libucrt:win_policies.obj
 0001:0001131c       __acrt_get_windowing_model_policy 000000018001231c f   libucrt:win_policies.obj
 0001:0001139c       ??$__acrt_mbs_to_wcs_cp@U__crt_win32_buffer_internal_dynamic_resizing@@@@YAHQEBDAEAV?$__crt_win32_buffer@_WU__crt_win32_buffer_internal_dynamic_resizing@@@@I@Z 000000018001239c f i libucrt:argv_wildcards.obj
 0001:00011514       ??$__acrt_wcs_to_mbs_cp@U__crt_win32_buffer_internal_dynamic_resizing@@@@YAHQEB_WAEAV?$__crt_win32_buffer@DU__crt_win32_buffer_internal_dynamic_resizing@@@@I@Z 0000000180012514 f i libucrt:argv_wildcards.obj
 0001:00011d44       __acrt_expand_narrow_argv_wildcards 0000000180012d44 f   libucrt:argv_wildcards.obj
 0001:00012478       __acrt_initialize_multibyte 0000000180013478 f   libucrt:mbctype.obj
 0001:000124d8       __acrt_update_thread_multibyte_data 00000001800134d8 f   libucrt:mbctype.obj
 0001:000124f4       _setmbcp_nolock            00000001800134f4 f   libucrt:mbctype.obj
 0001:00012828       _ismbblead                 0000000180013828 f   libucrt:ismbbyte.obj
 0001:0001283c       __acrt_initialize_command_line 000000018001383c f   libucrt:argv_data.obj
 0001:00012864       __acrt_MultiByteToWideChar 0000000180013864 f   libucrt:multibytetowidechar.obj
 0001:000128c0       __acrt_WideCharToMultiByte 00000001800138c0 f   libucrt:widechartomultibyte.obj
 0001:00012958       __dcrt_get_narrow_environment_from_os 0000000180013958 f   libucrt:get_environment_from_os.obj
 0001:00012a5c       _recalloc_base             0000000180013a5c f   libucrt:recalloc.obj
 0001:00012af4       __acrt_initialize_heap     0000000180013af4 f   libucrt:heap_handle.obj
 0001:00012b10       __acrt_uninitialize_heap   0000000180013b10 f   libucrt:heap_handle.obj
 0001:00012b1c       __acrt_execute_initializers 0000000180013b1c f   libucrt:shared_initialization.obj
 0001:00012b9c       __acrt_execute_uninitializers 0000000180013b9c f   libucrt:shared_initialization.obj
 0001:00012bd8       __acrt_has_user_matherr    0000000180013bd8 f   libucrt:matherr.obj
 0001:00012bf8       __acrt_initialize_user_matherr 0000000180013bf8 f   libucrt:matherr.obj
 0001:00012c00       __acrt_invoke_user_matherr 0000000180013c00 f   libucrt:matherr.obj
 0001:00012c30       __pctype_func              0000000180013c30 f   libucrt:ctype.obj
 0001:00012c60       iswctype                   0000000180013c60 f   libucrt:iswctype.obj
 0001:00012cd0       _isctype_l                 0000000180013cd0 f   libucrt:isctype.obj
 0001:00012de0       __acrt_lowio_create_handle_array 0000000180013de0 f   libucrt:osfinfo.obj
 0001:00012e88       __acrt_lowio_destroy_handle_array 0000000180013e88 f   libucrt:osfinfo.obj
 0001:00012ed8       __acrt_lowio_ensure_fh_exists 0000000180013ed8 f   libucrt:osfinfo.obj
 0001:00012f80       __acrt_lowio_lock_fh       0000000180013f80 f   libucrt:osfinfo.obj
 0001:00012fa8       __acrt_lowio_unlock_fh     0000000180013fa8 f   libucrt:osfinfo.obj
 0001:00012fd0       _free_osfhnd               0000000180013fd0 f   libucrt:osfinfo.obj
 0001:0001308c       _get_osfhandle             000000018001408c f   libucrt:osfinfo.obj
 0001:00013104       _isatty                    0000000180014104 f   libucrt:isatty.obj
 0001:000139d0       _write                     00000001800149d0 f   libucrt:write.obj
 0001:00013abc       _write_nolock              0000000180014abc f   libucrt:write.obj
 0001:00013f24       _lseeki64                  0000000180014f24 f   libucrt:lseek.obj
 0001:00013f2c       _lseeki64_nolock           0000000180014f2c f   libucrt:lseek.obj
 0001:00013f34       __acrt_stdio_allocate_buffer_nolock 0000000180014f34 f   libucrt:_getbuf.obj
 0001:00013f9c       _query_new_mode            0000000180014f9c f   libucrt:new_mode.obj
 0001:0001408c       __acrt_DownlevelLocaleNameToLCID 000000018001508c f   libucrt:lcidtoname_downlevel.obj
 0001:000140c0       _fclose_nolock             00000001800150c0 f   libucrt:fclose.obj
 0001:00014144       fclose                     0000000180015144 f   libucrt:fclose.obj
 0001:00014234       _commit                    0000000180015234 f   libucrt:commit.obj
 0001:000142c8       __acrt_add_locale_ref      00000001800152c8 f   libucrt:locale_refcounting.obj
 0001:00014354       __acrt_free_locale         0000000180015354 f   libucrt:locale_refcounting.obj
 0001:000144cc       __acrt_locale_add_lc_time_reference 00000001800154cc f   libucrt:locale_refcounting.obj
 0001:000144f4       __acrt_locale_free_lc_time_if_unreferenced 00000001800154f4 f   libucrt:locale_refcounting.obj
 0001:0001452c       __acrt_locale_release_lc_time_reference 000000018001552c f   libucrt:locale_refcounting.obj
 0001:00014554       __acrt_release_locale_ref  0000000180015554 f   libucrt:locale_refcounting.obj
 0001:000145fc       __acrt_update_thread_locale_data 00000001800155fc f   libucrt:locale_refcounting.obj
 0001:0001466c       _updatetlocinfoEx_nolock   000000018001566c f   libucrt:locale_refcounting.obj
 0001:000146d4       _isleadbyte_l              00000001800156d4 f i libucrt:_wctype.obj
 0001:00014a38       __acrt_LCMapStringA        0000000180015a38 f   libucrt:lcmapstringa.obj
 0001:00014ad0       ?__mbrtowc_utf8@__crt_mbstring@@YA_KPEA_WPEBD_KPEAU_Mbstatet@@@Z 0000000180015ad0 f   libucrt:mbrtowc.obj
 0001:00014b0c       ?__mbsrtowcs_utf8@__crt_mbstring@@YA_KPEA_WPEAPEBD_KPEAU_Mbstatet@@@Z 0000000180015b0c f   libucrt:mbrtowc.obj
 0001:00014c84       ?__c32rtomb_utf8@__crt_mbstring@@YA_KPEAD_UPEAU_Mbstatet@@@Z 0000000180015c84 f   libucrt:c32rtomb.obj
 0001:00014d3c       __acrt_fp_strflt_to_string 0000000180015d3c f   libucrt:_fptostr.obj
 0001:00014e20       ?divide@__crt_strtox@@YA_KAEAUbig_integer@1@AEBU21@@Z 0000000180015e20 f i libucrt:cfout.obj
 0001:0001524c       __acrt_fltout              000000018001624c f   libucrt:cfout.obj
 0001:00016508       __acrt_locale_free_monetary 0000000180017508 f   libucrt:initmon.obj
 0001:00016614       __acrt_locale_free_numeric 0000000180017614 f   libucrt:initnum.obj
 0001:000166d8       __acrt_locale_free_time    00000001800176d8 f   libucrt:inittime.obj
 0001:000167e0       __acrt_GetStringTypeA      00000001800177e0 f   libucrt:getstringtypea.obj
 0001:00016970       qsort                      0000000180017970 f   libucrt:qsort.obj
 0001:00016d30       strncpy_s                  0000000180017d30 f   libucrt:strncpy_s.obj
 0001:00016eb0       strpbrk                    0000000180017eb0 f   libucrt:strpbrk.obj
 0001:00017290       _mbsdec                    0000000180018290 f   libucrt:mbsdec.obj
 0001:00017298       _mbsdec_l                  0000000180018298 f   libucrt:mbsdec.obj
 0001:00017344       _msize_base                0000000180018344 f   libucrt:msize.obj
 0001:00017380       _realloc_base              0000000180018380 f   libucrt:realloc_base.obj
 0001:000173fc       __acrt_GetStringTypeW      00000001800183fc f   libucrt:getstringtypew.obj
 0001:00017404       _putwch_nolock             0000000180018404 f   libucrt:putwch.obj
 0001:000174b4       _close                     00000001800184b4 f   libucrt:close.obj
 0001:00017558       _close_nolock              0000000180018558 f   libucrt:close.obj
 0001:00017618       ?__acrt_stdio_free_stream@@YAXV__crt_stdio_stream@@@Z 0000000180018618 f   libucrt:stream.obj
 0001:00017634       __strncnt                  0000000180018634 f   libucrt:strncnt.obj
 0001:0001764c       ?__mbrtoc32_utf8@__crt_mbstring@@YA_KPEA_UPEBD_KPEAU_Mbstatet@@@Z 000000018001864c f   libucrt:mbrtoc32.obj
 0001:00017828       fegetenv                   0000000180018828 f   libucrt:fegetenv.obj
 0001:00017848       fesetenv                   0000000180018848 f   libucrt:fesetenv.obj
 0001:00017898       feholdexcept               0000000180018898 f   libucrt:feholdexcept.obj
 0001:000178e8       ceil                       00000001800188e8 f   libucrt:ceil.obj
 0001:000179b0       log10                      00000001800189b0 f   libucrt:log10.obj
 0001:00017f5c       __dcrt_lowio_ensure_console_output_initialized 0000000180018f5c f   libucrt:initcon.obj
 0001:00017fb0       __dcrt_terminate_console_output 0000000180018fb0 f   libucrt:initcon.obj
 0001:00017fcc       __dcrt_write_console       0000000180018fcc f   libucrt:initcon.obj
 0001:0001808c       __acrt_fenv_get_control    000000018001908c f   libucrt:_fenvutils.obj
 0001:00018180       __acrt_fenv_get_status     0000000180019180 f   libucrt:_fenvutils.obj
 0001:000181d4       __acrt_fenv_set_control    00000001800191d4 f   libucrt:_fenvutils.obj
 0001:0001831c       __acrt_fenv_set_status     000000018001931c f   libucrt:_fenvutils.obj
 0001:000183a0       _clearfp                   00000001800193a0 f   libucrt:ieee.obj
 0001:00018534       _handle_error              0000000180019534 f   libucrt:libm_error.obj
 0001:0001865c       _handle_errorf             000000018001965c f   libucrt:libm_error.obj
 0001:00018790       _handle_nan                0000000180019790 f   libucrt:libm_error.obj
 0001:000187ac       _handle_nanf               00000001800197ac f   libucrt:libm_error.obj
 0001:000187c0       __acrt_initialize_fma3     00000001800197c0 f   libucrt:fma3_available.obj
 0001:00018830       _log10_special             0000000180019830 f   libucrt:log_special.obj
 0001:00018900       _get_fpsr                  0000000180019900 f   libucrt:fpsr.obj
 0001:00018910       _set_fpsr                  0000000180019910 f   libucrt:fpsr.obj
 0001:0001891a       _fclrf                     000000018001991a f   libucrt:fpsr.obj
 0001:0001892e       _frnd                      000000018001992e f   libucrt:fpsr.obj
 0001:00018950       _raise_exc                 0000000180019950 f   libucrt:fpexcept.obj
 0001:00018978       _raise_exc_ex              0000000180019978 f   libucrt:fpexcept.obj
 0001:00018c88       _raise_excf                0000000180019c88 f   libucrt:fpexcept.obj
 0001:00018cb4       _set_errno_from_matherr    0000000180019cb4 f   libucrt:fpexcept.obj
 0001:00018ce4       _clrfp                     0000000180019ce4 f   libucrt:fpctrl.obj
 0001:00018d04       _ctrlfp                    0000000180019d04 f   libucrt:fpctrl.obj
 0001:00018d80       _set_statfp                0000000180019d80 f   libucrt:fpctrl.obj
 0001:00018da0       _statfp                    0000000180019da0 f   libucrt:fpctrl.obj
 0001:00018db1       IsProcessorFeaturePresent  0000000180019db1 f   kernel32:KERNEL32.dll
 0001:00018db8       ?DloadAcquireSectionWriteAccess@@YAXXZ 0000000180019db8 f i DelayImp:delayhlp.obj
 0001:00018e64       ?DloadGetSRWLockFunctionPointers@@YAEXZ 0000000180019e64 f i DelayImp:delayhlp.obj
 0001:00018f00       ?DloadMakePermanentImageCommit@@YAXPEAX_K@Z 0000000180019f00 f i DelayImp:delayhlp.obj
 0001:00018f98       ?DloadObtainSection@@YAPEAXPEAK0@Z 0000000180019f98 f i DelayImp:delayhlp.obj
 0001:00019034       ?DloadProtectSection@@YAXKPEAK@Z 000000018001a034 f i DelayImp:delayhlp.obj
 0001:000190c4       ?DloadReleaseSectionWriteAccess@@YAXXZ 000000018001a0c4 f i DelayImp:delayhlp.obj
 0001:00019158       __delayLoadHelper2         000000018001a158 f   DelayImp:delayhlp.obj
 0001:00019420       _FindPESection             000000018001a420 f   LIBCMT:pesect.obj
 0001:00019470       _IsNonwritableInCurrentImage 000000018001a470 f   LIBCMT:pesect.obj
 0001:000194c0       _ValidateImageBase         000000018001a4c0 f   LIBCMT:pesect.obj
 0001:000194f0       __GSHandlerCheck           000000018001a4f0 f   LIBCMT:gshandler.obj
 0001:00019510       __GSHandlerCheckCommon     000000018001a510 f   LIBCMT:gshandler.obj
 0001:00019580       __chkstk                   000000018001a580 f   LIBCMT:chkstk.obj
 0001:00019580       _alloca_probe              000000018001a580 f   LIBCMT:chkstk.obj
 0001:000195d4       strrchr                    000000018001a5d4 f   libvcruntime:strrchr.obj
 0001:00019730       memcmp                     000000018001a730 f   libvcruntime:memcmp.obj
 0001:000197f8       acosf                      000000018001a7f8 f   libucrt:acosf.obj
 0001:00019a50       cosf                       000000018001aa50 f   libucrt:cosf.obj
 0001:00019f50       floorf                     000000018001af50 f   libucrt:floorf.obj
 0001:00019fd0       sinf                       000000018001afd0 f   libucrt:sinf.obj
 0001:0001a6c8       sqrtf                      000000018001b6c8 f   libucrt:sqrtf.obj
 0001:0001a780       __remainder_piby2d2f_forAsm 000000018001b780 f   libucrt:remainder_piby2f_forasm.obj
 0001:0001a8d0       __remainder_piby2_fma3     000000018001b8d0 f   libucrt:remainder_piby2_forfma3.obj
 0001:0001aac0       __remainder_piby2_fma3_bdl 000000018001bac0 f   libucrt:remainder_piby2_forfma3.obj
 0001:0001ab38       _cosf_special              000000018001bb38 f   libucrt:sincos_special.obj
 0001:0001abd8       _sinf_special              000000018001bbd8 f   libucrt:sincos_special.obj
 0001:0001abf0       __remainder_piby2d2f_forC  000000018001bbf0 f   libucrt:remainder_piby2f_forc.obj
 0001:0001ad90       _guard_dispatch_icall_nop  000000018001bd90 f   LIBCMT:guard_dispatch.obj
 0002:00000000       __imp_GetModuleHandleA     000000018001c000     kernel32:KERNEL32.dll
 0002:00000008       __imp_LoadLibraryExA       000000018001c008     kernel32:KERNEL32.dll
 0002:00000010       __imp_RtlCaptureContext    000000018001c010     kernel32:KERNEL32.dll
 0002:00000018       __imp_RtlLookupFunctionEntry 000000018001c018     kernel32:KERNEL32.dll
 0002:00000020       __imp_RtlVirtualUnwind     000000018001c020     kernel32:KERNEL32.dll
 0002:00000028       __imp_UnhandledExceptionFilter 000000018001c028     kernel32:KERNEL32.dll
 0002:00000030       __imp_SetUnhandledExceptionFilter 000000018001c030     kernel32:KERNEL32.dll
 0002:00000038       __imp_GetCurrentProcess    000000018001c038     kernel32:KERNEL32.dll
 0002:00000040       __imp_TerminateProcess     000000018001c040     kernel32:KERNEL32.dll
 0002:00000048       __imp_IsProcessorFeaturePresent 000000018001c048     kernel32:KERNEL32.dll
 0002:00000050       __imp_QueryPerformanceCounter 000000018001c050     kernel32:KERNEL32.dll
 0002:00000058       __imp_GetCurrentProcessId  000000018001c058     kernel32:KERNEL32.dll
 0002:00000060       __imp_GetCurrentThreadId   000000018001c060     kernel32:KERNEL32.dll
 0002:00000068       __imp_GetSystemTimeAsFileTime 000000018001c068     kernel32:KERNEL32.dll
 0002:00000070       __imp_InitializeSListHead  000000018001c070     kernel32:KERNEL32.dll
 0002:00000078       __imp_IsDebuggerPresent    000000018001c078     kernel32:KERNEL32.dll
 0002:00000080       __imp_GetStartupInfoW      000000018001c080     kernel32:KERNEL32.dll
 0002:00000088       __imp_GetModuleHandleW     000000018001c088     kernel32:KERNEL32.dll
 0002:00000090       __imp_RtlPcToFileHeader    000000018001c090     kernel32:KERNEL32.dll
 0002:00000098       __imp_RaiseException       000000018001c098     kernel32:KERNEL32.dll
 0002:000000a0       __imp_RtlUnwindEx          000000018001c0a0     kernel32:KERNEL32.dll
 0002:000000a8       __imp_InterlockedFlushSList 000000018001c0a8     kernel32:KERNEL32.dll
 0002:000000b0       __imp_GetLastError         000000018001c0b0     kernel32:KERNEL32.dll
 0002:000000b8       __imp_SetLastError         000000018001c0b8     kernel32:KERNEL32.dll
 0002:000000c0       __imp_EnterCriticalSection 000000018001c0c0     kernel32:KERNEL32.dll
 0002:000000c8       __imp_LeaveCriticalSection 000000018001c0c8     kernel32:KERNEL32.dll
 0002:000000d0       __imp_DeleteCriticalSection 000000018001c0d0     kernel32:KERNEL32.dll
 0002:000000d8       __imp_InitializeCriticalSectionAndSpinCount 000000018001c0d8     kernel32:KERNEL32.dll
 0002:000000e0       __imp_TlsAlloc             000000018001c0e0     kernel32:KERNEL32.dll
 0002:000000e8       __imp_TlsGetValue          000000018001c0e8     kernel32:KERNEL32.dll
 0002:000000f0       __imp_TlsSetValue          000000018001c0f0     kernel32:KERNEL32.dll
 0002:000000f8       __imp_TlsFree              000000018001c0f8     kernel32:KERNEL32.dll
 0002:00000100       __imp_FreeLibrary          000000018001c100     kernel32:KERNEL32.dll
 0002:00000108       __imp_GetProcAddress       000000018001c108     kernel32:KERNEL32.dll
 0002:00000110       __imp_LoadLibraryExW       000000018001c110     kernel32:KERNEL32.dll
 0002:00000118       __imp_GetStdHandle         000000018001c118     kernel32:KERNEL32.dll
 0002:00000120       __imp_GetFileType          000000018001c120     kernel32:KERNEL32.dll
 0002:00000128       __imp_GetModuleFileNameW   000000018001c128     kernel32:KERNEL32.dll
 0002:00000130       __imp_GetModuleHandleExW   000000018001c130     kernel32:KERNEL32.dll
 0002:00000138       __imp_WriteConsoleW        000000018001c138     kernel32:KERNEL32.dll
 0002:00000140       __imp_ExitProcess          000000018001c140     kernel32:KERNEL32.dll
 0002:00000148       __imp_GetFileSizeEx        000000018001c148     kernel32:KERNEL32.dll
 0002:00000150       __imp_SetFilePointerEx     000000018001c150     kernel32:KERNEL32.dll
 0002:00000158       __imp_HeapAlloc            000000018001c158     kernel32:KERNEL32.dll
 0002:00000160       __imp_HeapFree             000000018001c160     kernel32:KERNEL32.dll
 0002:00000168       __imp_LCMapStringW         000000018001c168     kernel32:KERNEL32.dll
 0002:00000170       __imp_WriteFile            000000018001c170     kernel32:KERNEL32.dll
 0002:00000178       __imp_OutputDebugStringW   000000018001c178     kernel32:KERNEL32.dll
 0002:00000180       __imp_FindClose            000000018001c180     kernel32:KERNEL32.dll
 0002:00000188       __imp_FindFirstFileExW     000000018001c188     kernel32:KERNEL32.dll
 0002:00000190       __imp_FindNextFileW        000000018001c190     kernel32:KERNEL32.dll
 0002:00000198       __imp_IsValidCodePage      000000018001c198     kernel32:KERNEL32.dll
 0002:000001a0       __imp_GetACP               000000018001c1a0     kernel32:KERNEL32.dll
 0002:000001a8       __imp_GetOEMCP             000000018001c1a8     kernel32:KERNEL32.dll
 0002:000001b0       __imp_GetCPInfo            000000018001c1b0     kernel32:KERNEL32.dll
 0002:000001b8       __imp_GetCommandLineA      000000018001c1b8     kernel32:KERNEL32.dll
 0002:000001c0       __imp_GetCommandLineW      000000018001c1c0     kernel32:KERNEL32.dll
 0002:000001c8       __imp_MultiByteToWideChar  000000018001c1c8     kernel32:KERNEL32.dll
 0002:000001d0       __imp_WideCharToMultiByte  000000018001c1d0     kernel32:KERNEL32.dll
 0002:000001d8       __imp_GetEnvironmentStringsW 000000018001c1d8     kernel32:KERNEL32.dll
 0002:000001e0       __imp_FreeEnvironmentStringsW 000000018001c1e0     kernel32:KERNEL32.dll
 0002:000001e8       __imp_GetProcessHeap       000000018001c1e8     kernel32:KERNEL32.dll
 0002:000001f0       __imp_SetStdHandle         000000018001c1f0     kernel32:KERNEL32.dll
 0002:000001f8       __imp_GetConsoleCP         000000018001c1f8     kernel32:KERNEL32.dll
 0002:00000200       __imp_GetConsoleMode       000000018001c200     kernel32:KERNEL32.dll
 0002:00000208       __imp_FlushFileBuffers     000000018001c208     kernel32:KERNEL32.dll
 0002:00000210       __imp_GetStringTypeW       000000018001c210     kernel32:KERNEL32.dll
 0002:00000218       __imp_HeapSize             000000018001c218     kernel32:KERNEL32.dll
 0002:00000220       __imp_HeapReAlloc          000000018001c220     kernel32:KERNEL32.dll
 0002:00000228       __imp_CloseHandle          000000018001c228     kernel32:KERNEL32.dll
 0002:00000230       __imp_CreateFileW          000000018001c230     kernel32:KERNEL32.dll
 0002:00000238       __imp_GetSystemInfo        000000018001c238     kernel32:KERNEL32.dll
 0002:00000240       __imp_VirtualProtect       000000018001c240     kernel32:KERNEL32.dll
 0002:00000248       __imp_VirtualQuery         000000018001c248     kernel32:KERNEL32.dll
 0002:00000250       \177KERNEL32_NULL_THUNK_DATA 000000018001c250     kernel32:KERNEL32.dll
 0002:00000258       __guard_check_icall_fptr   000000018001c258     LIBCMT:guard_support.obj
 0002:00000260       __guard_dispatch_icall_fptr 000000018001c260     LIBCMT:guard_support.obj
 0002:00000268       __xc_a                     000000018001c268     LIBCMT:initializers.obj
 0002:000002a8       _register_an_              000000018001c2a8     node_module.obj
 0002:000002b0       __xc_z                     000000018001c2b0     LIBCMT:initializers.obj
 0002:000002b8       __xi_a                     000000018001c2b8     LIBCMT:initializers.obj
 0002:000002c0       __acrt_stdio_initializer   000000018001c2c0     libucrt:stdio_initializer.obj
 0002:000002c8       __acrt_multibyte_initializer 000000018001c2c8     libucrt:multibyte_initializer.obj
 0002:000002d0       __acrt_tran_fma3_initializer 000000018001c2d0     libucrt:fma3_initializer.obj
 0002:000002d8       __xi_z                     000000018001c2d8     LIBCMT:initializers.obj
 0002:000002e0       __xp_a                     000000018001c2e0     LIBCMT:initializers.obj
 0002:000002e8       __acrt_locale_terminator   000000018001c2e8     libucrt:locale_initializer.obj
 0002:000002f0       __dcrt_console_output_terminator 000000018001c2f0     libucrt:console_output_initializer.obj
 0002:000002f8       __acrt_stdio_terminator    000000018001c2f8     libucrt:stdio_initializer.obj
 0002:00000300       __xp_z                     000000018001c300     LIBCMT:initializers.obj
 0002:00000308       __xt_a                     000000018001c308     LIBCMT:initializers.obj
 0002:00000310       __xt_z                     000000018001c310     LIBCMT:initializers.obj
 0002:00000320       __sz_node_exe              000000018001c320     node:node.exe
 0002:00000338       ??_7exception@std@@6B@     000000018001c338     libcpmt:xthrow.obj
 0002:00000348       ??_C@_0BC@EOODALEL@Unknown?5exception@ 000000018001c348     libcpmt:xthrow.obj
 0002:00000368       ??_7bad_alloc@std@@6B@     000000018001c368     libcpmt:xthrow.obj
 0002:00000378       ??_C@_0P@GHFPNOJB@bad?5allocation@ 000000018001c378     libcpmt:xthrow.obj
 0002:00000390       ??_7logic_error@std@@6B@   000000018001c390     libcpmt:xthrow.obj
 0002:000003a8       ??_7length_error@std@@6B@  000000018001c3a8     libcpmt:xthrow.obj
 0002:000003b8       _pDefaultRawDllMain        000000018001c3b8     LIBCMT:dll_dllmain.obj
 0002:000003b8       _pRawDllMain               000000018001c3b8     LIBCMT:dll_dllmain.obj
 0002:000003c8       ??_7type_info@@6B@         000000018001c3c8     LIBCMT:std_type_info_static.obj
 0002:000003e8       ??_7bad_array_new_length@std@@6B@ 000000018001c3e8     LIBCMT:throw_bad_alloc.obj
 0002:000003f8       ??_C@_0BF@KINCDENJ@bad?5array?5new?5length@ 000000018001c3f8     LIBCMT:throw_bad_alloc.obj
 0002:00000450       _pDestructExceptionObject  000000018001c450     libvcruntime:ehhelpers.obj
 0002:00000798       ??_C@_08EHJDFFNH@__based?$CI@ 000000018001c798     libvcruntime:undname.obj
 0002:000007a8       ??_C@_07KOLFKCDI@__cdecl@  000000018001c7a8     libvcruntime:undname.obj
 0002:000007b0       ??_C@_08GHMPAG@__pascal@   000000018001c7b0     libvcruntime:undname.obj
 0002:000007c0       ??_C@_09IFJBGAPI@__stdcall@ 000000018001c7c0     libvcruntime:undname.obj
 0002:000007d0       ??_C@_0L@NPHFGOKO@__thiscall@ 000000018001c7d0     libvcruntime:undname.obj
 0002:000007e0       ??_C@_0L@JMKHOMEK@__fastcall@ 000000018001c7e0     libvcruntime:undname.obj
 0002:000007f0       ??_C@_0N@BCKKPABJ@__vectorcall@ 000000018001c7f0     libvcruntime:undname.obj
 0002:00000800       ??_C@_09HIJEGCPM@__clrcall@ 000000018001c800     libvcruntime:undname.obj
 0002:0000080c       ??_C@_06GHPCKEAG@__eabi@   000000018001c80c     libvcruntime:undname.obj
 0002:00000818       ??_C@_09IOPIDJLG@__swift_1@ 000000018001c818     libvcruntime:undname.obj
 0002:00000828       ??_C@_09KFNFGKHF@__swift_2@ 000000018001c828     libvcruntime:undname.obj
 0002:00000838       ??_C@_07JOMMBBKO@__ptr64@  000000018001c838     libvcruntime:undname.obj
 0002:00000840       ??_C@_0L@PILCLIHE@__restrict@ 000000018001c840     libvcruntime:undname.obj
 0002:00000850       ??_C@_0M@GFIIJFMG@__unaligned@ 000000018001c850     libvcruntime:undname.obj
 0002:00000860       ??_C@_09DHDLOLLB@restrict?$CI@ 000000018001c860     libvcruntime:undname.obj
 0002:0000086a       ??_C@_00CNPNBAHC@@         000000018001c86a     libvcruntime:undname.obj
 0002:0000086c       ??_C@_04NIHEBCM@?5new@     000000018001c86c     libvcruntime:undname.obj
 0002:00000878       ??_C@_07FPCDHGMM@?5delete@ 000000018001c878     libvcruntime:undname.obj
 0002:00000880       ??_C@_01NEMOKFLO@?$DN@     000000018001c880     libvcruntime:undname.obj
 0002:00000884       ??_C@_02GPIOPFAK@?$DO?$DO@ 000000018001c884     libvcruntime:undname.obj
 0002:00000888       ??_C@_02FODMEDOG@?$DM?$DM@ 000000018001c888     libvcruntime:undname.obj
 0002:0000088c       ??_C@_01DCLJPIOD@?$CB@     000000018001c88c     libvcruntime:undname.obj
 0002:00000890       ??_C@_02EGOFBIJA@?$DN?$DN@ 000000018001c890     libvcruntime:undname.obj
 0002:00000894       ??_C@_02FDNJECIE@?$CB?$DN@ 000000018001c894     libvcruntime:undname.obj
 0002:00000898       ??_C@_02GPECMEKF@?$FL?$FN@ 000000018001c898     libvcruntime:undname.obj
 0002:000008a0       ??_C@_08LHJFAFGD@operator@ 000000018001c8a0     libvcruntime:undname.obj
 0002:000008ac       ??_C@_02HBOOOICD@?9?$DO@   000000018001c8ac     libvcruntime:undname.obj
 0002:000008b0       ??_C@_01NBENCBCI@?$CK@     000000018001c8b0     libvcruntime:undname.obj
 0002:000008b4       ??_C@_02ECNGHCIF@?$CL?$CL@ 000000018001c8b4     libvcruntime:undname.obj
 0002:000008b8       ??_C@_02BAABKJLB@?9?9@     000000018001c8b8     libvcruntime:undname.obj
 0002:000008bc       ??_C@_01JOAMLHOP@?9@       000000018001c8bc     libvcruntime:undname.obj
 0002:000008c0       ??_C@_01MIFGBAGJ@?$CL@     000000018001c8c0     libvcruntime:undname.obj
 0002:000008c4       ??_C@_01HNPIGOCE@?$CG@     000000018001c8c4     libvcruntime:undname.obj
 0002:000008c8       ??_C@_03MNHNFDLC@?9?$DO?$CK@ 000000018001c8c8     libvcruntime:undname.obj
 0002:000008cc       ??_C@_01KMDKNFGN@?1@       000000018001c8cc     libvcruntime:undname.obj
 0002:000008d0       ??_C@_01FGNFDNOH@?$CF@     000000018001c8d0     libvcruntime:undname.obj
 0002:000008d4       ??_C@_01MNNFJEPP@?$DM@     000000018001c8d4     libvcruntime:undname.obj
 0002:000008d8       ??_C@_02EHCHHCKH@?$DM?$DN@ 000000018001c8d8     libvcruntime:undname.obj
 0002:000008dc       ??_C@_01PPODPGHN@?$DO@     000000018001c8dc     libvcruntime:undname.obj
 0002:000008e0       ??_C@_02EEKDKGMJ@?$DO?$DN@ 000000018001c8e0     libvcruntime:undname.obj
 0002:000008e4       ??_C@_01IHBHIGKO@?0@       000000018001c8e4     libvcruntime:undname.obj
 0002:000008e8       ??_C@_02HCKGKOFO@?$CI?$CJ@ 000000018001c8e8     libvcruntime:undname.obj
 0002:000008ec       ??_C@_01PJKLJHI@?$HO@      000000018001c8ec     libvcruntime:undname.obj
 0002:000008f0       ??_C@_01JKBOJNNK@?$FO@     000000018001c8f0     libvcruntime:undname.obj
 0002:000008f4       ??_C@_01DNKMNLPK@?$HM@     000000018001c8f4     libvcruntime:undname.obj
 0002:000008f8       ??_C@_02PPKAJPJL@?$CG?$CG@ 000000018001c8f8     libvcruntime:undname.obj
 0002:000008fc       ??_C@_02NONPIBCD@?$HM?$HM@ 000000018001c8fc     libvcruntime:undname.obj
 0002:00000900       ??_C@_02FPIMKNGF@?$CK?$DN@ 000000018001c900     libvcruntime:undname.obj
 0002:00000904       ??_C@_02FOEOMHFC@?$CL?$DN@ 000000018001c904     libvcruntime:undname.obj
 0002:00000908       ??_C@_02FKMDLLOA@?9?$DN@   000000018001c908     libvcruntime:undname.obj
 0002:0000090c       ??_C@_02FJEHGPIO@?1?$DN@   000000018001c90c     libvcruntime:undname.obj
 0002:00000910       ??_C@_02FENAOKFI@?$CF?$DN@ 000000018001c910     libvcruntime:undname.obj
 0002:00000914       ??_C@_03IKFCCPFF@?$DO?$DO?$DN@ 000000018001c914     libvcruntime:undname.obj
 0002:00000918       ??_C@_03CDNPDDLA@?$DM?$DM?$DN@ 000000018001c918     libvcruntime:undname.obj
 0002:0000091c       ??_C@_02FGJGFEAB@?$CG?$DN@ 000000018001c91c     libvcruntime:undname.obj
 0002:00000920       ??_C@_02DHLNPPGH@?$HM?$DN@ 000000018001c920     libvcruntime:undname.obj
 0002:00000924       ??_C@_02MHEGNOJ@?$FO?$DN@  000000018001c924     libvcruntime:undname.obj
 0002:00000928       ??_C@_09IFPLHPGF@?$GAvftable?8@ 000000018001c928     libvcruntime:undname.obj
 0002:00000938       ??_C@_09BLBHBJP@?$GAvbtable?8@ 000000018001c938     libvcruntime:undname.obj
 0002:00000948       ??_C@_07FEEIOKP@?$GAvcall?8@ 000000018001c948     libvcruntime:undname.obj
 0002:00000950       ??_C@_08LLFFHHDJ@?$GAtypeof?8@ 000000018001c950     libvcruntime:undname.obj
 0002:00000960       ??_C@_0BF@KDPPACIK@?$GAlocal?5static?5guard?8@ 000000018001c960     libvcruntime:undname.obj
 0002:00000978       ??_C@_08OBABFOLI@?$GAstring?8@ 000000018001c978     libvcruntime:undname.obj
 0002:00000988       ??_C@_0BD@JDLKDPAB@?$GAvbase?5destructor?8@ 000000018001c988     libvcruntime:undname.obj
 0002:000009a0       ??_C@_0BN@DEGPLNFK@?$GAvector?5deleting?5destructor?8@ 000000018001c9a0     libvcruntime:undname.obj
 0002:000009c0       ??_C@_0BO@OBMKPJIG@?$GAdefault?5constructor?5closure?8@ 000000018001c9c0     libvcruntime:undname.obj
 0002:000009e0       ??_C@_0BN@IMDCHIKM@?$GAscalar?5deleting?5destructor?8@ 000000018001c9e0     libvcruntime:undname.obj
 0002:00000a00       ??_C@_0BO@PFGOCPJJ@?$GAvector?5constructor?5iterator?8@ 000000018001ca00     libvcruntime:undname.obj
 0002:00000a20       ??_C@_0BN@LFPFMEDL@?$GAvector?5destructor?5iterator?8@ 000000018001ca20     libvcruntime:undname.obj
 0002:00000a40       ??_C@_0CE@IKBNEHA@?$GAvector?5vbase?5constructor?5itera@ 000000018001ca40     libvcruntime:undname.obj
 0002:00000a68       ??_C@_0BL@NILFHHPC@?$GAvirtual?5displacement?5map?8@ 000000018001ca68     libvcruntime:undname.obj
 0002:00000a88       ??_C@_0CB@JONCMFFK@?$GAeh?5vector?5constructor?5iterator@ 000000018001ca88     libvcruntime:undname.obj
 0002:00000ab0       ??_C@_0CA@GCEOPDGL@?$GAeh?5vector?5destructor?5iterator?8@ 000000018001cab0     libvcruntime:undname.obj
 0002:00000ad0       ??_C@_0CH@OOJPLCPH@?$GAeh?5vector?5vbase?5constructor?5it@ 000000018001cad0     libvcruntime:undname.obj
 0002:00000af8       ??_C@_0BL@LLKPOHJI@?$GAcopy?5constructor?5closure?8@ 000000018001caf8     libvcruntime:undname.obj
 0002:00000b18       ??_C@_0BA@KBCDOMBN@?$GAudt?5returning?8@ 000000018001cb18     libvcruntime:undname.obj
 0002:00000b28       ??_C@_03KLGMFNMG@?$GAEH@   000000018001cb28     libvcruntime:undname.obj
 0002:00000b2c       ??_C@_05KHLCHHI@?$GARTTI@  000000018001cb2c     libvcruntime:undname.obj
 0002:00000b38       ??_C@_0BA@KKLDJDLB@?$GAlocal?5vftable?8@ 000000018001cb38     libvcruntime:undname.obj
 0002:00000b48       ??_C@_0CE@IIHCMGGL@?$GAlocal?5vftable?5constructor?5clos@ 000000018001cb48     libvcruntime:undname.obj
 0002:00000b6c       ??_C@_06FHBGPFGH@?5new?$FL?$FN@ 000000018001cb6c     libvcruntime:undname.obj
 0002:00000b78       ??_C@_09LBNFPBCA@?5delete?$FL?$FN@ 000000018001cb78     libvcruntime:undname.obj
 0002:00000b88       ??_C@_0P@HJKNJFNN@?$GAomni?5callsig?8@ 000000018001cb88     libvcruntime:undname.obj
 0002:00000b98       ??_C@_0BL@CNOONJFP@?$GAplacement?5delete?5closure?8@ 000000018001cb98     libvcruntime:undname.obj
 0002:00000bb8       ??_C@_0BN@CKNJLHMB@?$GAplacement?5delete?$FL?$FN?5closure?8@ 000000018001cbb8     libvcruntime:undname.obj
 0002:00000bd8       ??_C@_0CG@CFDHKGGD@?$GAmanaged?5vector?5constructor?5ite@ 000000018001cbd8     libvcruntime:undname.obj
 0002:00000c00       ??_C@_0CF@IMGKMJNO@?$GAmanaged?5vector?5destructor?5iter@ 000000018001cc00     libvcruntime:undname.obj
 0002:00000c28       ??_C@_0CG@HLDDJMAG@?$GAeh?5vector?5copy?5constructor?5ite@ 000000018001cc28     libvcruntime:undname.obj
 0002:00000c50       ??_C@_0CM@FCBBDIGB@?$GAeh?5vector?5vbase?5copy?5construct@ 000000018001cc50     libvcruntime:undname.obj
 0002:00000c80       ??_C@_0BL@CLIPGLGB@?$GAdynamic?5initializer?5for?5?8@ 000000018001cc80     libvcruntime:undname.obj
 0002:00000ca0       ??_C@_0CB@PDBIFEP@?$GAdynamic?5atexit?5destructor?5for?5@ 000000018001cca0     libvcruntime:undname.obj
 0002:00000cc8       ??_C@_0CD@CGAJBKEJ@?$GAvector?5copy?5constructor?5iterat@ 000000018001ccc8     libvcruntime:undname.obj
 0002:00000cf0       ??_C@_0CJ@GJELGAMM@?$GAvector?5vbase?5copy?5constructor?5@ 000000018001ccf0     libvcruntime:undname.obj
 0002:00000d20       ??_C@_0CL@FGIJHLCE@?$GAmanaged?5vector?5copy?5constructo@ 000000018001cd20     libvcruntime:undname.obj
 0002:00000d50       ??_C@_0BM@PMGGMLDN@?$GAlocal?5static?5thread?5guard?8@ 000000018001cd50     libvcruntime:undname.obj
 0002:00000d70       ??_C@_0N@BDNMDMOL@operator?5?$CC?$CC?5@ 000000018001cd70     libvcruntime:undname.obj
 0002:00000d80       ??_C@_0BC@GGEBGALA@operator?5co_await@ 000000018001cd80     libvcruntime:undname.obj
 0002:00000d98       ??_C@_0BC@DAFEJGAK@?5Type?5Descriptor?8@ 000000018001cd98     libvcruntime:undname.obj
 0002:00000db0       ??_C@_0BM@LDKODKLH@?5Base?5Class?5Descriptor?5at?5?$CI@ 000000018001cdb0     libvcruntime:undname.obj
 0002:00000dd0       ??_C@_0BD@LGICGFMM@?5Base?5Class?5Array?8@ 000000018001cdd0     libvcruntime:undname.obj
 0002:00000de8       ??_C@_0BN@MECKDCOJ@?5Class?5Hierarchy?5Descriptor?8@ 000000018001cde8     libvcruntime:undname.obj
 0002:00000e08       ??_C@_0BK@CFCOFLF@?5Complete?5Object?5Locator?8@ 000000018001ce08     libvcruntime:undname.obj
 0002:00000e40       ??_C@_1DM@KHCHBNEB@?$AAa?$AAp?$AAi?$AA?9?$AAm?$AAs?$AA?9?$AAw?$AAi?$AAn?$AA?9?$AAc?$AAo?$AAr?$AAe@ 000000018001ce40     libvcruntime:winapi_downlevel.obj
 0002:00000e80       ??_C@_1DK@LPPGFMPP@?$AAa?$AAp?$AAi?$AA?9?$AAm?$AAs?$AA?9?$AAw?$AAi?$AAn?$AA?9?$AAc?$AAo?$AAr?$AAe@ 000000018001ce80     libvcruntime:winapi_downlevel.obj
 0002:00000ec0       ??_C@_1BC@GDMECMAK@?$AAk?$AAe?$AAr?$AAn?$AAe?$AAl?$AA3?$AA2@ 000000018001cec0     libvcruntime:winapi_downlevel.obj
 0002:00000ed8       ??_C@_1BA@PFFKHIOG@?$AAa?$AAp?$AAi?$AA?9?$AAm?$AAs?$AA?9@ 000000018001ced8     libvcruntime:winapi_downlevel.obj
 0002:00000ee8       ??_C@_1BA@IAIFMGEF@?$AAe?$AAx?$AAt?$AA?9?$AAm?$AAs?$AA?9@ 000000018001cee8     libvcruntime:winapi_downlevel.obj
 0002:00000f00       ??_C@_08KNHFBNJ@FlsAlloc@  000000018001cf00     libvcruntime:winapi_downlevel.obj
 0002:00000f18       ??_C@_07PEJMOBNF@FlsFree@  000000018001cf18     libvcruntime:winapi_downlevel.obj
 0002:00000f28       ??_C@_0M@GDNOONDI@FlsGetValue@ 000000018001cf28     libvcruntime:winapi_downlevel.obj
 0002:00000f40       ??_C@_0M@JCPCPOEF@FlsSetValue@ 000000018001cf40     libvcruntime:winapi_downlevel.obj
 0002:00000f58       ??_C@_0BM@HCFOFFN@InitializeCriticalSectionEx@ 000000018001cf58     libvcruntime:winapi_downlevel.obj
 0002:00000f80       standard_lookup_table      000000018001cf80     libucrt:output.obj
 0002:00000fe0       ??_C@_1O@CEDCILHN@?$AA?$CI?$AAn?$AAu?$AAl?$AAl?$AA?$CJ?$AA?$AA@ 000000018001cfe0     libucrt:output.obj
 0002:00000ff0       ??_C@_06OJHGLDPL@?$CInull?$CJ?$AA@ 000000018001cff0     libucrt:output.obj
 0002:00001000       ??_C@_1FE@LHBLIKM@?$AAA?$AAs?$AAs?$AAe?$AAr?$AAt?$AAi?$AAo?$AAn?$AA?5?$AAf?$AAa?$AAi?$AAl?$AAe?$AAd?$AA?3?$AA?5?$AA?$CF?$AAT?$AAs?$AA?0?$AA?5?$AAf?$AAi?$AAl?$AAe?$AA?5?$AA?$CF?$AAT?$AAs?$AA?0@ 000000018001d000     libucrt:assert.obj
 0002:00001060       ??_C@_1EK@MBDPDCGA@?$AAM?$AAi?$AAc?$AAr?$AAo?$AAs?$AAo?$AAf?$AAt?$AA?5?$AAV?$AAi?$AAs?$AAu?$AAa?$AAl?$AA?5?$AAC?$AA?$CL?$AA?$CL?$AA?5?$AAR?$AAu?$AAn?$AAt?$AAi?$AAm?$AAe?$AA?5?$AAL?$AAi?$AAb@ 000000018001d060     libucrt:assert.obj
 0002:000010b0       ??_C@_1CE@OJBNHDMO@?$AAA?$AAs?$AAs?$AAe?$AAr?$AAt?$AAi?$AAo?$AAn?$AA?5?$AAf?$AAa?$AAi?$AAl?$AAe?$AAd?$AA?$CB?$AA?$AA@ 000000018001d0b0     libucrt:assert.obj
 0002:000010d8       ??_C@_1BE@PHKBBGE@?$AAP?$AAr?$AAo?$AAg?$AAr?$AAa?$AAm?$AA?3?$AA?5?$AA?$AA@ 000000018001d0d8     libucrt:assert.obj
 0002:000010f0       ??_C@_1O@HEMHKNDC@?$AAF?$AAi?$AAl?$AAe?$AA?3?$AA?5?$AA?$AA@ 000000018001d0f0     libucrt:assert.obj
 0002:00001100       ??_C@_1O@KCAFKHJE@?$AAL?$AAi?$AAn?$AAe?$AA?3?$AA?5?$AA?$AA@ 000000018001d100     libucrt:assert.obj
 0002:00001110       ??_C@_1BK@PEDCIPMA@?$AAE?$AAx?$AAp?$AAr?$AAe?$AAs?$AAs?$AAi?$AAo?$AAn?$AA?3?$AA?5?$AA?$AA@ 000000018001d110     libucrt:assert.obj
 0002:00001130       ??_C@_1OA@EGMLFBHJ@?$AAF?$AAo?$AAr?$AA?5?$AAi?$AAn?$AAf?$AAo?$AAr?$AAm?$AAa?$AAt?$AAi?$AAo?$AAn?$AA?5?$AAo?$AAn?$AA?5?$AAh?$AAo?$AAw?$AA?5?$AAy?$AAo?$AAu?$AAr?$AA?5?$AAp?$AAr?$AAo?$AAg@ 000000018001d130     libucrt:assert.obj
 0002:00001210       ??_C@_1HK@POCJMFGK@?$AA?$CI?$AAP?$AAr?$AAe?$AAs?$AAs?$AA?5?$AAR?$AAe?$AAt?$AAr?$AAy?$AA?5?$AAt?$AAo?$AA?5?$AAd?$AAe?$AAb?$AAu?$AAg?$AA?5?$AAt?$AAh?$AAe?$AA?5?$AAa?$AAp?$AAp?$AAl?$AAi?$AAc@ 000000018001d210     libucrt:assert.obj
 0002:00001290       ??_C@_17LGKOMLJ@?$AA?4?$AA?4?$AA?4?$AA?$AA@ 000000018001d290     libucrt:assert.obj
 0002:00001298       ??_C@_13LBAGMAIH@?$AA?6?$AA?$AA@ 000000018001d298     libucrt:assert.obj
 0002:0000129c       ??_C@_15IABLJNFO@?$AA?6?$AA?6?$AA?$AA@ 000000018001d29c     libucrt:assert.obj
 0002:000012a8       ??_C@_1CO@EAEJAADC@?$AA?$DM?$AAp?$AAr?$AAo?$AAg?$AAr?$AAa?$AAm?$AA?5?$AAn?$AAa?$AAm?$AAe?$AA?5?$AAu?$AAn?$AAk?$AAn?$AAo?$AAw?$AAn?$AA?$DO?$AA?$AA@ 000000018001d2a8     libucrt:assert.obj
 0002:000012e0       __acrt_exception_action_table 000000018001d2e0     libucrt:exception_filter.obj
 0002:000013a0       __acrt_signal_action_table_count 000000018001d3a0     libucrt:exception_filter.obj
 0002:000013a8       __acrt_signal_action_first_fpe_index 000000018001d3a8     libucrt:exception_filter.obj
 0002:000013b0       __acrt_signal_action_fpe_count 000000018001d3b0     libucrt:exception_filter.obj
 0002:000013b8       ??_C@_1BI@BGOHAHKC@?$AAm?$AAs?$AAc?$AAo?$AAr?$AAe?$AAe?$AA?4?$AAd?$AAl?$AAl?$AA?$AA@ 000000018001d3b8     libucrt:exit.obj
 0002:000013d0       ??_C@_0P@MIGLKIOC@CorExitProcess?$AA@ 000000018001d3d0     libucrt:exit.obj
 0002:000016f0       ??_C@_1EA@JGEFHKEI@?$AAa?$AAp?$AAi?$AA?9?$AAm?$AAs?$AA?9?$AAw?$AAi?$AAn?$AA?9?$AAc?$AAo?$AAr?$AAe?$AA?9?$AAd?$AAa?$AAt?$AAe?$AAt?$AAi?$AAm?$AAe?$AA?9?$AAl?$AA1?$AA?9?$AA1?$AA?9?$AA1?$AA?$AA@ 000000018001d6f0     libucrt:winapi_thunks.obj
 0002:00001730       ??_C@_1DM@KHCHBNEB@?$AAa?$AAp?$AAi?$AA?9?$AAm?$AAs?$AA?9?$AAw?$AAi?$AAn?$AA?9?$AAc?$AAo?$AAr?$AAe?$AA?9?$AAf?$AAi?$AAb?$AAe?$AAr?$AAs?$AA?9?$AAl?$AA1?$AA?9?$AA1?$AA?9?$AA1?$AA?$AA@ 000000018001d730     libucrt:winapi_thunks.obj
 0002:00001770       ??_C@_1DI@IJCEHOCB@?$AAa?$AAp?$AAi?$AA?9?$AAm?$AAs?$AA?9?$AAw?$AAi?$AAn?$AA?9?$AAc?$AAo?$AAr?$AAe?$AA?9?$AAf?$AAi?$AAl?$AAe?$AA?9?$AAl?$AA1?$AA?9?$AA2?$AA?9?$AA2?$AA?$AA@ 000000018001d770     libucrt:winapi_thunks.obj
 0002:000017b0       ??_C@_1EI@MPIAOHOC@?$AAa?$AAp?$AAi?$AA?9?$AAm?$AAs?$AA?9?$AAw?$AAi?$AAn?$AA?9?$AAc?$AAo?$AAr?$AAe?$AA?9?$AAl?$AAo?$AAc?$AAa?$AAl?$AAi?$AAz?$AAa?$AAt?$AAi?$AAo?$AAn?$AA?9?$AAl?$AA1?$AA?9@ 000000018001d7b0     libucrt:winapi_thunks.obj
 0002:00001800       ??_C@_1FK@FPHCKFIE@?$AAa?$AAp?$AAi?$AA?9?$AAm?$AAs?$AA?9?$AAw?$AAi?$AAn?$AA?9?$AAc?$AAo?$AAr?$AAe?$AA?9?$AAl?$AAo?$AAc?$AAa?$AAl?$AAi?$AAz?$AAa?$AAt?$AAi?$AAo?$AAn?$AA?9?$AAo?$AAb?$AAs@ 000000018001d800     libucrt:winapi_thunks.obj
 0002:00001860       ??_C@_1EM@DILCGIIO@?$AAa?$AAp?$AAi?$AA?9?$AAm?$AAs?$AA?9?$AAw?$AAi?$AAn?$AA?9?$AAc?$AAo?$AAr?$AAe?$AA?9?$AAp?$AAr?$AAo?$AAc?$AAe?$AAs?$AAs?$AAt?$AAh?$AAr?$AAe?$AAa?$AAd?$AAs?$AA?9?$AAl@ 000000018001d860     libucrt:winapi_thunks.obj
[...]
 0004:00000f3c       $pdata$?x_ismbbtype_l@@YAHPEAU__crt_locale_pointers@@IHH@Z 00000001815c8f3c     libucrt:ismbbyte.obj
 0004:00000f48       $pdata$__acrt_initialize_command_line 00000001815c8f48     libucrt:argv_data.obj
 0004:00000f54       $pdata$__acrt_WideCharToMultiByte 00000001815c8f54     libucrt:widechartomultibyte.obj
 0004:00000f60       $pdata$__dcrt_get_narrow_environment_from_os 00000001815c8f60     libucrt:get_environment_from_os.obj
 0004:00000f6c       $pdata$_recalloc_base      00000001815c8f6c     libucrt:recalloc.obj
 0004:00000f78       $pdata$__acrt_initialize_heap 00000001815c8f78     libucrt:heap_handle.obj
 0004:00000f84       $pdata$__acrt_execute_initializers 00000001815c8f84     libucrt:shared_initialization.obj
 0004:00000f90       $pdata$__acrt_execute_uninitializers 00000001815c8f90     libucrt:shared_initialization.obj
 0004:00000f9c       $pdata$__pctype_func       00000001815c8f9c     libucrt:ctype.obj
 0004:00000fa8       $pdata$iswctype            00000001815c8fa8     libucrt:iswctype.obj
 0004:00000fb4       $pdata$_isctype_l          00000001815c8fb4     libucrt:isctype.obj
 0004:00000fc0       $pdata$__acrt_lowio_create_handle_array 00000001815c8fc0     libucrt:osfinfo.obj
 0004:00000fcc       $pdata$__acrt_lowio_destroy_handle_array 00000001815c8fcc     libucrt:osfinfo.obj
 0004:00000fd8       $pdata$__acrt_lowio_ensure_fh_exists 00000001815c8fd8     libucrt:osfinfo.obj
 0004:00000fe4       $pdata$_free_osfhnd        00000001815c8fe4     libucrt:osfinfo.obj
 0004:00000ff0       $pdata$_get_osfhandle      00000001815c8ff0     libucrt:osfinfo.obj
 0004:00000ffc       $pdata$_isatty             00000001815c8ffc     libucrt:isatty.obj
 0004:00001008       $pdata$?write_double_translated_ansi_nolock@@YA?AUwrite_result@?A0x17268360@@HQEBDI@Z 00000001815c9008     libucrt:write.obj
 0004:00001014       $pdata$?write_text_ansi_nolock@@YA?AUwrite_result@?A0x17268360@@HQEBDI@Z 00000001815c9014     libucrt:write.obj
 0004:00001020       $pdata$?write_text_utf16le_nolock@@YA?AUwrite_result@?A0x17268360@@HQEBDI@Z 00000001815c9020     libucrt:write.obj
 0004:0000102c       $pdata$?write_text_utf8_nolock@@YA?AUwrite_result@?A0x17268360@@HQEBDI@Z 00000001815c902c     libucrt:write.obj
 0004:00001038       $pdata$_write              00000001815c9038     libucrt:write.obj
 0004:00001044       $pdata$_write_nolock       00000001815c9044     libucrt:write.obj
 0004:00001050       $pdata$??$common_lseek@_J@@YA_JH_JH@Z 00000001815c9050     libucrt:lseek.obj
 0004:0000105c       $pdata$??$common_lseek_nolock@_J@@YA_JH_JH@Z 00000001815c905c     libucrt:lseek.obj
 0004:00001068       $pdata$__acrt_stdio_allocate_buffer_nolock 00000001815c9068     libucrt:_getbuf.obj
 0004:00001074       $pdata$?GetTableIndexFromLocaleName@@YAHPEB_W@Z 00000001815c9074     libucrt:lcidtoname_downlevel.obj
 0004:00001080       $pdata$__acrt_DownlevelLocaleNameToLCID 00000001815c9080     libucrt:lcidtoname_downlevel.obj
 0004:0000108c       $pdata$_fclose_nolock      00000001815c908c     libucrt:fclose.obj
 0004:00001098       $pdata$fclose              00000001815c9098     libucrt:fclose.obj
 0004:000010a4       $pdata$??$?RV<lambda_a37b2b86f63e897a80ea819b0eb08c01>@@AEAV<lambda_38ce7e780aa69e748d6df282ebc68efe>@@V<lambda_99fb1378e971ab6e7edea83e3a7a83a2>@@@?$__crt_seh_guarded_call@H@@QEAAH$$QEAV<lambda_a37b2b86f63e897a80ea819b0eb08c01>@@AEAV<lambda_38ce7e780aa69e748d6df282ebc68efe>@@$$QEAV<lambda_99fb1378e971ab6e7edea83e3a7a83a2>@@@Z 00000001815c90a4     libucrt:commit.obj
 0004:000010b0       $pdata$_commit             00000001815c90b0     libucrt:commit.obj
 0004:000010bc       $pdata$__acrt_free_locale  00000001815c90bc     libucrt:locale_refcounting.obj
 0004:000010c8       $pdata$__acrt_locale_free_lc_time_if_unreferenced 00000001815c90c8     libucrt:locale_refcounting.obj
 0004:000010d4       $pdata$__acrt_release_locale_ref 00000001815c90d4     libucrt:locale_refcounting.obj
 0004:000010e0       $pdata$__acrt_update_thread_locale_data 00000001815c90e0     libucrt:locale_refcounting.obj
 0004:000010ec       $pdata$_updatetlocinfoEx_nolock 00000001815c90ec     libucrt:locale_refcounting.obj
 0004:000010f8       $pdata$_isleadbyte_l       00000001815c90f8     libucrt:_wctype.obj
 0004:00001104       $pdata$?__acrt_LCMapStringA_stat@@YAHPEAU__crt_locale_pointers@@PEB_WKPEBDHPEADHHH@Z 00000001815c9104     libucrt:lcmapstringa.obj
 0004:00001110       $pdata$__acrt_LCMapStringA 00000001815c9110     libucrt:lcmapstringa.obj
 0004:0000111c       $pdata$?__mbrtowc_utf8@__crt_mbstring@@YA_KPEA_WPEBD_KPEAU_Mbstatet@@@Z 00000001815c911c     libucrt:mbrtowc.obj
 0004:00001128       $pdata$?__mbsrtowcs_utf8@__crt_mbstring@@YA_KPEA_WPEAPEBD_KPEAU_Mbstatet@@@Z 00000001815c9128     libucrt:mbrtowc.obj
 0004:00001134       $pdata$?__c32rtomb_utf8@__crt_mbstring@@YA_KPEAD_UPEAU_Mbstatet@@@Z 00000001815c9134     libucrt:c32rtomb.obj
 0004:00001140       $pdata$__acrt_fp_strflt_to_string 00000001815c9140     libucrt:_fptostr.obj
 0004:0000114c       $pdata$?divide@__crt_strtox@@YA_KAEAUbig_integer@1@AEBU21@@Z 00000001815c914c     libucrt:cfout.obj
 0004:00001158       $pdata$0$?divide@__crt_strtox@@YA_KAEAUbig_integer@1@AEBU21@@Z 00000001815c9158     libucrt:cfout.obj
 0004:00001164       $pdata$1$?divide@__crt_strtox@@YA_KAEAUbig_integer@1@AEBU21@@Z 00000001815c9164     libucrt:cfout.obj
 0004:00001170       $pdata$__acrt_fltout       00000001815c9170     libucrt:cfout.obj
 0004:0000117c       $pdata$memcpy_s            00000001815c917c     libucrt:cfout.obj
 0004:00001188       $pdata$__acrt_locale_free_monetary 00000001815c9188     libucrt:initmon.obj
 0004:00001194       $pdata$__acrt_locale_free_numeric 00000001815c9194     libucrt:initnum.obj
 0004:000011a0       $pdata$?free_crt_array_internal@@YAXQEAPEBX_K@Z 00000001815c91a0     libucrt:inittime.obj
 0004:000011ac       $pdata$__acrt_locale_free_time 00000001815c91ac     libucrt:inittime.obj
 0004:000011b8       $pdata$__acrt_GetStringTypeA 00000001815c91b8     libucrt:getstringtypea.obj
 0004:000011c4       $pdata$qsort               00000001815c91c4     libucrt:qsort.obj
 0004:000011d0       $pdata$4$qsort             00000001815c91d0     libucrt:qsort.obj
 0004:000011dc       $pdata$5$qsort             00000001815c91dc     libucrt:qsort.obj
 0004:000011e8       $pdata$strncpy_s           00000001815c91e8     libucrt:strncpy_s.obj
 0004:000011f4       $pdata$fallbackMethod      00000001815c91f4     libucrt:strpbrk.obj
 0004:00001200       $pdata$strpbrk             00000001815c9200     libucrt:strpbrk.obj
 0004:0000120c       $pdata$_mbsdec_l           00000001815c920c     libucrt:mbsdec.obj
 0004:00001218       $pdata$?initialize_multibyte@@YAHXZ 00000001815c9218     libucrt:multibyte_initializer.obj
 0004:00001224       $pdata$_msize_base         00000001815c9224     libucrt:msize.obj
 0004:00001230       $pdata$_realloc_base       00000001815c9230     libucrt:realloc_base.obj
 0004:0000123c       $pdata$_putwch_nolock      00000001815c923c     libucrt:putwch.obj
 0004:00001248       $pdata$??$?RV<lambda_751a882b2c74d4b022dec766aa51a29a>@@AEAV<lambda_628dfdc04ba53c8bfc02c9951375f3f5>@@V<lambda_f6c7be5f7998530c34de24c7437d6b54>@@@?$__crt_seh_guarded_call@H@@QEAAH$$QEAV<lambda_751a882b2c74d4b022dec766aa51a29a>@@AEAV<lambda_628dfdc04ba53c8bfc02c9951375f3f5>@@$$QEAV<lambda_f6c7be5f7998530c34de24c7437d6b54>@@@Z 00000001815c9248     libucrt:close.obj
 0004:00001254       $pdata$_close              00000001815c9254     libucrt:close.obj
 0004:00001260       $pdata$_close_nolock       00000001815c9260     libucrt:close.obj
 0004:0000126c       $pdata$?__mbrtoc32_utf8@__crt_mbstring@@YA_KPEA_UPEBD_KPEAU_Mbstatet@@@Z 00000001815c926c     libucrt:mbrtoc32.obj
 0004:00001278       $pdata$fegetenv            00000001815c9278     libucrt:fegetenv.obj
 0004:00001284       $pdata$fesetenv            00000001815c9284     libucrt:fesetenv.obj
 0004:00001290       $pdata$feholdexcept        00000001815c9290     libucrt:feholdexcept.obj
 0004:000012a8       $pdata$__dcrt_lowio_ensure_console_output_initialized 00000001815c92a8     libucrt:initcon.obj
 0004:000012b4       $pdata$__dcrt_terminate_console_output 00000001815c92b4     libucrt:initcon.obj
 0004:000012c0       $pdata$__dcrt_write_console 00000001815c92c0     libucrt:initcon.obj
 0004:000012cc       $pdata$__acrt_fenv_set_control 00000001815c92cc     libucrt:_fenvutils.obj
 0004:000012d8       $pdata$_clearfp            00000001815c92d8     libucrt:ieee.obj
 0004:000012e4       $pdata$_call_matherr       00000001815c92e4     libucrt:libm_error.obj
 0004:000012f0       $pdata$_exception_enabled  00000001815c92f0     libucrt:libm_error.obj
 0004:000012fc       $pdata$_handle_error       00000001815c92fc     libucrt:libm_error.obj
 0004:00001308       $pdata$_handle_errorf      00000001815c9308     libucrt:libm_error.obj
 0004:00001314       $pdata$__acrt_initialize_fma3 00000001815c9314     libucrt:fma3_available.obj
 0004:00001320       $pdata$_log10_special      00000001815c9320     libucrt:log_special.obj
 0004:0000132c       $pdata$_log_special_common 00000001815c932c     libucrt:log_special.obj
 0004:00001344       $pdata$_raise_exc          00000001815c9344     libucrt:fpexcept.obj
 0004:00001350       $pdata$_raise_exc_ex       00000001815c9350     libucrt:fpexcept.obj
 0004:0000135c       $pdata$_raise_excf         00000001815c935c     libucrt:fpexcept.obj
 0004:00001368       $pdata$_set_errno_from_matherr 00000001815c9368     libucrt:fpexcept.obj
 0004:00001374       $pdata$_clrfp              00000001815c9374     libucrt:fpctrl.obj
 0004:00001380       $pdata$_ctrlfp             00000001815c9380     libucrt:fpctrl.obj
 0004:0000138c       $pdata$_set_statfp         00000001815c938c     libucrt:fpctrl.obj
 0004:00001398       $pdata$_statfp             00000001815c9398     libucrt:fpctrl.obj
 0004:000013a4       $pdata$?DloadAcquireSectionWriteAccess@@YAXXZ 00000001815c93a4     DelayImp:delayhlp.obj
 0004:000013b0       $pdata$?DloadGetSRWLockFunctionPointers@@YAEXZ 00000001815c93b0     DelayImp:delayhlp.obj
 0004:000013bc       $pdata$?DloadMakePermanentImageCommit@@YAXPEAX_K@Z 00000001815c93bc     DelayImp:delayhlp.obj
 0004:000013c8       $pdata$?DloadObtainSection@@YAPEAXPEAK0@Z 00000001815c93c8     DelayImp:delayhlp.obj
 0004:000013d4       $pdata$?DloadProtectSection@@YAXKPEAK@Z 00000001815c93d4     DelayImp:delayhlp.obj
 0004:000013e0       $pdata$?DloadReleaseSectionWriteAccess@@YAXXZ 00000001815c93e0     DelayImp:delayhlp.obj
 0004:000013ec       $pdata$__delayLoadHelper2  00000001815c93ec     DelayImp:delayhlp.obj
 0004:000013f8       $pdata$_IsNonwritableInCurrentImage 00000001815c93f8     LIBCMT:pesect.obj
 0004:00001404       $pdata$__GSHandlerCheck    00000001815c9404     LIBCMT:gshandler.obj
 0004:00001410       $pdata$__GSHandlerCheckCommon 00000001815c9410     LIBCMT:gshandler.obj
 0004:00001428       $pdata$strrchr             00000001815c9428     libvcruntime:strrchr.obj
 0004:00001440       $pdata$acosf               00000001815c9440     libucrt:acosf.obj
 0004:00001464       $pdata$sqrtf               00000001815c9464     libucrt:sqrtf.obj
 0004:00001494       $pdata$_sincosf_special    00000001815c9494     libucrt:sincos_special.obj
 0004:000014b8       $pdata$?fin$0@?0??dllmain_crt_process_attach@@YAHQEAUHINSTANCE__@@QEAX@Z@4HA 00000001815c94b8     LIBCMT:dll_dllmain.obj
 0004:000014c4       $pdata$?fin$0@?0??dllmain_crt_process_detach@@YAH_N@Z@4HA 00000001815c94c4     LIBCMT:dll_dllmain.obj
 0004:000014d0       $pdata$?filt$0@?0??dllmain_dispatch@@YAHQEAUHINSTANCE__@@KQEAX@Z@4HA 00000001815c94d0     LIBCMT:dll_dllmain.obj
 0004:000014dc       $pdata$__scrt_is_nonwritable_in_current_image$filt$0 00000001815c94dc     LIBCMT:utility.obj
 0004:000014e8       $pdata$__DestructExceptionObject$filt$0 00000001815c94e8     libvcruntime:ehhelpers.obj
 0004:000014f4       $pdata$?fin$0@?0???$?RV<lambda_84ec643ea9557e2f7dc01bb0e9624395>@@AEAV<lambda_ca71763b3c0644891230e4f79ea54fa6>@@V<lambda_439a761618c59b0600e24586724d733b>@@@?$__crt_seh_guarded_call@H@@QEAAH$$QEAV<lambda_84ec643ea9557e2f7dc01bb0e9624395>@@AEAV<lambda_ca71763b3c0644891230e4f79ea54fa6>@@$$QEAV<lambda_439a761618c59b0600e24586724d733b>@@@Z@4HA 00000001815c94f4     libucrt:setvbuf.obj
 0004:000014f4       $pdata$?fin$0@?0???$?RV<lambda_0d412022a4b28cc8a401ea49574e8ae6>@@AEAV<lambda_a775ed57af18ba8e4d5dc780aa9068fe>@@V<lambda_975a71a6baa488a08f4e15f6b0339b9e>@@@?$__crt_seh_guarded_call@H@@QEAAH$$QEAV<lambda_0d412022a4b28cc8a401ea49574e8ae6>@@AEAV<lambda_a775ed57af18ba8e4d5dc780aa9068fe>@@$$QEAV<lambda_975a71a6baa488a08f4e15f6b0339b9e>@@@Z@4HA 00000001815c94f4     libucrt:output.obj
 0004:000014f4       $pdata$?fin$0@?0???$?RV<lambda_842d9ff0dc9ef11c61343bbaebe7f885>@@AEAV<lambda_c5860995281e5c4ce005b3de8f5874ee>@@V<lambda_d90129c13df834fdcbf8d2b88dafcf2d>@@@?$__crt_seh_guarded_call@X@@QEAAX$$QEAV<lambda_842d9ff0dc9ef11c61343bbaebe7f885>@@AEAV<lambda_c5860995281e5c4ce005b3de8f5874ee>@@$$QEAV<lambda_d90129c13df834fdcbf8d2b88dafcf2d>@@@Z@4HA 00000001815c94f4     libucrt:fflush.obj
 0004:000014f4       $pdata$?fin$0@?0???$?RV<lambda_c376a267cfb53b6959b3b692ec76b120>@@AEAV<lambda_9a32fed5bf61b6b509b2d3f6003082a1>@@V<lambda_572fbb9fa0ab338edf41edfd4b5fcc8d>@@@?$__crt_seh_guarded_call@H@@QEAAH$$QEAV<lambda_c376a267cfb53b6959b3b692ec76b120>@@AEAV<lambda_9a32fed5bf61b6b509b2d3f6003082a1>@@$$QEAV<lambda_572fbb9fa0ab338edf41edfd4b5fcc8d>@@@Z@4HA 00000001815c94f4     libucrt:fflush.obj
 0004:00001500       $pdata$_query_new_handler$fin$0 00000001815c9500     libucrt:new_handler.obj
 0004:0000150c       $pdata$?fin$0@?0???$?RV<lambda_2d41944a1d46af3157314b8a01080d33>@@AEAV<lambda_8f455de75cd7d7f24b4096f044d8b9e6>@@V<lambda_aa500f224e6afead328df44964fe2772>@@@?$__crt_seh_guarded_call@X@@QEAAX$$QEAV<lambda_2d41944a1d46af3157314b8a01080d33>@@AEAV<lambda_8f455de75cd7d7f24b4096f044d8b9e6>@@$$QEAV<lambda_aa500f224e6afead328df44964fe2772>@@@Z@4HA 00000001815c950c     libucrt:per_thread_data.obj
 0004:0000150c       $pdata$?fin$0@?0???$?RV<lambda_d80eeec6fff315bfe5c115232f3240e3>@@AEAV<lambda_6e4b09c48022b2350581041d5f6b0c4c>@@V<lambda_2358e3775559c9db80273638284d5e45>@@@?$__crt_seh_guarded_call@X@@QEAAX$$QEAV<lambda_d80eeec6fff315bfe5c115232f3240e3>@@AEAV<lambda_6e4b09c48022b2350581041d5f6b0c4c>@@$$QEAV<lambda_2358e3775559c9db80273638284d5e45>@@@Z@4HA 00000001815c950c     libucrt:exit.obj
 0004:0000150c       $pdata$?fin$0@?0???$?RV<lambda_0ae27a3a962d80f24befdcbee591983d>@@AEAV<lambda_8d0ee55de4b1038c4002e0adecdf1839>@@V<lambda_dc504788e8f1664fe9b84e20bfb512f2>@@@?$__crt_seh_guarded_call@X@@QEAAX$$QEAV<lambda_0ae27a3a962d80f24befdcbee591983d>@@AEAV<lambda_8d0ee55de4b1038c4002e0adecdf1839>@@$$QEAV<lambda_dc504788e8f1664fe9b84e20bfb512f2>@@@Z@4HA 00000001815c950c     libucrt:per_thread_data.obj
 0004:0000150c       $pdata$?fin$0@?0???$?RV<lambda_aa87e3671a710a21b5dc78c0bdf72e11>@@AEAV<lambda_92619d2358a28f41a33ba319515a20b9>@@V<lambda_6992ecaafeb10aed2b74cb1fae11a551>@@@?$__crt_seh_guarded_call@X@@QEAAX$$QEAV<lambda_aa87e3671a710a21b5dc78c0bdf72e11>@@AEAV<lambda_92619d2358a28f41a33ba319515a20b9>@@$$QEAV<lambda_6992ecaafeb10aed2b74cb1fae11a551>@@@Z@4HA 00000001815c950c     libucrt:per_thread_data.obj
 0004:0000150c       $pdata$?fin$0@?0???$?RV<lambda_f2e299630e499de9f9a165e60fcd3db5>@@AEAV<lambda_2ae9d31cdba2644fcbeaf08da7c24588>@@V<lambda_40d01ff24d0e7b3814fdbdcee8eab3c7>@@@?$__crt_seh_guarded_call@X@@QEAAX$$QEAV<lambda_f2e299630e499de9f9a165e60fcd3db5>@@AEAV<lambda_2ae9d31cdba2644fcbeaf08da7c24588>@@$$QEAV<lambda_40d01ff24d0e7b3814fdbdcee8eab3c7>@@@Z@4HA 00000001815c950c     libucrt:per_thread_data.obj
 0004:0000150c       $pdata$?fin$0@?0???$?RV<lambda_7777bce6b2f8c936911f934f8298dc43>@@AEAV<lambda_f03950bc5685219e0bcd2087efbe011e>@@V<lambda_3883c3dff614d5e0c5f61bb1ac94921c>@@@?$__crt_seh_guarded_call@H@@QEAAH$$QEAV<lambda_7777bce6b2f8c936911f934f8298dc43>@@AEAV<lambda_f03950bc5685219e0bcd2087efbe011e>@@$$QEAV<lambda_3883c3dff614d5e0c5f61bb1ac94921c>@@@Z@4HA 00000001815c950c     libucrt:onexit.obj
 0004:0000150c       $pdata$?fin$0@?0???$?RV<lambda_450d765d439847d4c735a33c368b5fc0>@@AEAV<lambda_44731a7d0e6d81c3e6aa82d741081786>@@V<lambda_601a2a7da3b7a96e9554ac7215c4b07c>@@@?$__crt_seh_guarded_call@P6AXH@Z@@QEAAP6AXH@Z$$QEAV<lambda_450d765d439847d4c735a33c368b5fc0>@@AEAV<lambda_44731a7d0e6d81c3e6aa82d741081786>@@$$QEAV<lambda_601a2a7da3b7a96e9554ac7215c4b07c>@@@Z@4HA 00000001815c950c     libucrt:signal.obj
 0004:0000150c       $pdata$?fin$0@?0???$?RV<lambda_efdfa57d1f175319df784efa44bb7b81>@@AEAV<lambda_5f0a4c1567f8adc6734073e5d1e1b35c>@@V<lambda_2e8a7d3640ea6ccb4c2413664c2db6fd>@@@?$__crt_seh_guarded_call@X@@QEAAX$$QEAV<lambda_efdfa57d1f175319df784efa44bb7b81>@@AEAV<lambda_5f0a4c1567f8adc6734073e5d1e1b35c>@@$$QEAV<lambda_2e8a7d3640ea6ccb4c2413664c2db6fd>@@@Z@4HA 00000001815c950c     libucrt:mbctype.obj
 0004:00001518       $pdata$?filt$0@?0???R<lambda_6e4b09c48022b2350581041d5f6b0c4c>@@QEBA@XZ@4HA 00000001815c9518     libucrt:exit.obj
 0004:00001524       $pdata$__acrt_lowio_ensure_fh_exists$fin$0 00000001815c9524     libucrt:osfinfo.obj
 0004:00001524       $pdata$__acrt_initialize_lowio$fin$0 00000001815c9524     libucrt:ioinit.obj
 0004:00001530       $pdata$_fcloseall$fin$0    00000001815c9530     libucrt:closeall.obj
 0004:0000153c       $pdata$?fin$0@?0???$?RV<lambda_886d6c58226a84441f68b9f2b8217b83>@@AEAV<lambda_ab61a845afdef5b7c387490eaf3616ee>@@V<lambda_f7f22ab5edc0698d5f6905b0d3f44752>@@@?$__crt_seh_guarded_call@X@@QEAAX$$QEAV<lambda_886d6c58226a84441f68b9f2b8217b83>@@AEAV<lambda_ab61a845afdef5b7c387490eaf3616ee>@@$$QEAV<lambda_f7f22ab5edc0698d5f6905b0d3f44752>@@@Z@4HA 00000001815c953c     libucrt:fflush.obj
 0004:00001548       $pdata$?fin$0@?0???$?RV<lambda_410d79af7f07d98d83a3f525b3859a53>@@AEAV<lambda_3e16ef9562a7dcce91392c22ab16ea36>@@V<lambda_38119f0e861e05405d8a144b9b982f0a>@@@?$__crt_seh_guarded_call@X@@QEAAX$$QEAV<lambda_410d79af7f07d98d83a3f525b3859a53>@@AEAV<lambda_3e16ef9562a7dcce91392c22ab16ea36>@@$$QEAV<lambda_38119f0e861e05405d8a144b9b982f0a>@@@Z@4HA 00000001815c9548     libucrt:wsetlocale.obj
 0004:00001554       $pdata$raise$fin$0         00000001815c9554     libucrt:signal.obj
 0004:00001560       $pdata$?fin$0@?0??update_thread_multibyte_data_internal@@YAPEAU__crt_multibyte_data@@QEAU__acrt_ptd@@QEAPEAU1@@Z@4HA 00000001815c9560     libucrt:mbctype.obj
 0004:0000156c       $pdata$?fin$0@?0???$common_lseek@_J@@YA_JH_JH@Z@4HA 00000001815c956c     libucrt:lseek.obj
 0004:0000156c       $pdata$_write$fin$0        00000001815c956c     libucrt:write.obj
 0004:00001578       $pdata$fclose$fin$0        00000001815c9578     libucrt:fclose.obj
 0004:00001584       $pdata$?fin$0@?0???$?RV<lambda_751a882b2c74d4b022dec766aa51a29a>@@AEAV<lambda_628dfdc04ba53c8bfc02c9951375f3f5>@@V<lambda_f6c7be5f7998530c34de24c7437d6b54>@@@?$__crt_seh_guarded_call@H@@QEAAH$$QEAV<lambda_751a882b2c74d4b022dec766aa51a29a>@@AEAV<lambda_628dfdc04ba53c8bfc02c9951375f3f5>@@$$QEAV<lambda_f6c7be5f7998530c34de24c7437d6b54>@@@Z@4HA 00000001815c9584     libucrt:close.obj
 0004:00001584       $pdata$?fin$0@?0???$?RV<lambda_a37b2b86f63e897a80ea819b0eb08c01>@@AEAV<lambda_38ce7e780aa69e748d6df282ebc68efe>@@V<lambda_99fb1378e971ab6e7edea83e3a7a83a2>@@@?$__crt_seh_guarded_call@H@@QEAAH$$QEAV<lambda_a37b2b86f63e897a80ea819b0eb08c01>@@AEAV<lambda_38ce7e780aa69e748d6df282ebc68efe>@@$$QEAV<lambda_99fb1378e971ab6e7edea83e3a7a83a2>@@@Z@4HA 00000001815c9584     libucrt:commit.obj
 0004:00001590       $pdata$__acrt_update_thread_locale_data$fin$0 00000001815c9590     libucrt:locale_refcounting.obj
 0004:0000159c       $pdata$_ctrlfp$filt$0      00000001815c959c     libucrt:fpctrl.obj
 0004:000015a8       $pdata$_IsNonwritableInCurrentImage$filt$0 00000001815c95a8     LIBCMT:pesect.obj
 0005:00000060       $R000000                   00000001815ca060     * linker generated manifest res *

 Exports

  ordinal    name

        1    _register_an_
