 an

 Timestamp is 5c7546d3 (Tue Feb 26 09:01:55 2019)

 Preferred load address is 0000000180000000

 Start         Length     Name                   Class
 0001:00000000 000002b0H .text$di                CODE
 0001:000002b0 00019fe0H .text$mn                CODE
 0001:0001a290 00000020H .text$mn$00             CODE
 0001:0001a2b0 00000250H .text$x                 CODE
 0002:00000000 00000258H .idata$5                DATA
 0002:00000258 00000010H .00cfg                  DATA
 0002:00000268 00000008H .CRT$XCA                DATA
 0002:00000270 00000040H .CRT$XCU                DATA
 0002:000002b0 00000008H .CRT$XCZ                DATA
 0002:000002b8 00000008H .CRT$XIA                DATA
 0002:000002c0 00000018H .CRT$XIC                DATA
 0002:000002d8 00000008H .CRT$XIZ                DATA
 0002:000002e0 00000008H .CRT$XPA                DATA
 0002:000002e8 00000010H .CRT$XPX                DATA
 0002:000002f8 00000008H .CRT$XPXA               DATA
 0002:00000300 00000008H .CRT$XPZ                DATA
 0002:00000308 00000008H .CRT$XTA                DATA
 0002:00000310 00000010H .CRT$XTZ                DATA
 0002:00000318 00000000H .gfids$y                DATA
 0002:00000320 00008c90H .rdata                  DATA
 0002:00008fb0 000002fcH .rdata$r                DATA
 0002:000092ac 000003acH .rdata$zzzdbg           DATA
 0002:00009658 00000008H .rtc$IAA                DATA
 0002:00009660 00000008H .rtc$IZZ                DATA
 0002:00009668 00000008H .rtc$TAA                DATA
 0002:00009670 00000008H .rtc$TZZ                DATA
 0002:00009678 00001350H .xdata                  DATA
 0002:0000a9c8 0000017cH .xdata$x                DATA
 0002:0000ab44 00000020H .didat$2                DATA
 0002:0000ab64 00000024H .didat$3                DATA
 0002:0000ab88 00000038H .didat$4                DATA
 0002:0000abc0 00000090H .didat$6                DATA
 0002:0000ac50 00000040H .didat$7                DATA
 0002:0000ac90 00000048H .edata                  DATA
 0002:0000acd8 00000014H .idata$2                DATA
 0002:0000acec 00000014H .idata$3                DATA
 0002:0000ad00 00000258H .idata$4                DATA
 0002:0000af58 0000057aH .idata$6                DATA
 0003:00000000 000009a0H .data                   DATA
 0003:000009a0 000000f0H .data$r                 DATA
 0003:00000a90 00000040H .didat$5                DATA
 0003:00000ad0 0159eae8H .bss                    DATA
 0004:00000000 000014c4H .pdata                  DATA
 0005:00000000 00000060H .rsrc$01                DATA
 0005:00000060 00000180H .rsrc$02                DATA

  Address         Publics by Value              Rva+Base               Lib:Object

 0000:00000000       __guard_iat_table          0000000000000000     <absolute>
 0000:00000000       __dynamic_value_reloc_table 0000000000000000     <absolute>
 0000:00000000       __hybrid_code_map          0000000000000000     <absolute>
 0000:00000000       __hybrid_code_map_count    0000000000000000     <absolute>
 0000:00000000       __guard_iat_count          0000000000000000     <absolute>
 0000:00000000       __hybrid_auxiliary_iat     0000000000000000     <absolute>
 0000:00000000       __guard_longjmp_table      0000000000000000     <absolute>
 0000:00000000       __guard_longjmp_count      0000000000000000     <absolute>
 0000:00000000       __guard_fids_count         0000000000000000     <absolute>
 0000:00000000       __enclave_config           0000000000000000     <absolute>
 0000:00000000       ___safe_se_handler_table   0000000000000000     <absolute>
 0000:00000000       ___safe_se_handler_count   0000000000000000     <absolute>
 0000:00000000       __guard_fids_table         0000000000000000     <absolute>
 0000:00000100       __guard_flags              0000000000000100     <absolute>
 0000:00000000       __ImageBase                0000000180000000     <linker-defined>
 0001:000002b0       __local_stdio_printf_options 00000001800012b0 f i node_module.obj
 0001:000002c0       ?turn_toward@@YA?AU?$tquat@M$0A@@glm@@U12@U?$tvec3@M$0A@@2@@Z 00000001800012c0 f   node_module.obj
 0001:00000730       ?reset@Agent@@QEAAXH@Z     0000000180001730 f i node_module.obj
 0001:00000b70       ?init@Shared@@QEAAXXZ      0000000180001b70 f i node_module.obj
 0001:00001840       ?main_update@Shared@@QEAAXM@Z 0000000180002840 f i node_module.obj
 0001:00002290       ?simulation_update@Shared@@QEAAXN@Z 0000000180003290 f i node_module.obj
 0001:00003080       ??0Shared@@QEAA@XZ         0000000180004080 f i node_module.obj
 0001:000037f0       ??0?$Hashspace@$0BAAA@$04@@QEAA@XZ 00000001800047f0 f i node_module.obj
 0001:00003890       ?node_init@@YAPEAUnapi_value__@@PEAUnapi_env__@@PEAUnapi_callback_info__@@@Z 0000000180004890 f   node_module.obj
 0001:000038a0       ?node_update@@YAPEAUnapi_value__@@PEAUnapi_env__@@PEAUnapi_callback_info__@@@Z 00000001800048a0 f   node_module.obj
 0001:00003980       ?Init@@YAPEAUnapi_value__@@PEAUnapi_env__@@PEAU1@@Z 0000000180004980 f   node_module.obj
 0001:00003a80       ?move@?$Hashspace@$0BAAA@$04@@QEAAXIU?$tvec3@M$0A@@glm@@@Z 0000000180004a80 f i node_module.obj
 0001:00003c90       ?query@?$Hashspace@$0BAAA@$04@@QEAAHAEAV?$vector@HV?$allocator@H@std@@@std@@HU?$tvec3@M$0A@@glm@@HMM@Z 0000000180004c90 f i node_module.obj
 0001:00003fa0       ?reset@?$Hashspace@$0BAAA@$04@@QEAAAEAU1@U?$tvec3@M$0A@@glm@@0@Z 0000000180004fa0 f i node_module.obj
 0001:000045c0       ?splat@?$Array3DSized@U?$tvec4@M$0A@@glm@@$0EA@$0EA@$0EA@@@QEAAAEAU1@U?$tvec4@M$0A@@glm@@U?$tvec3@M$0A@@3@@Z 00000001800055c0 f i node_module.obj
 0001:00004db0       ?sample@?$Array2DSized@U?$tvec3@M$0A@@glm@@$0HP@$0HP@@@QEAA?AU?$tvec3@M$0A@@glm@@U?$tvec2@M$0A@@3@@Z 0000000180005db0 f i node_module.obj
 0001:00005040       ??$?DM$0A@@glm@@YA?AU?$tmat4x4@M$0A@@0@AEBU10@0@Z 0000000180006040 f i node_module.obj
 0001:00005ad0       ??$_Emplace_reallocate@AEBH@?$vector@HV?$allocator@H@std@@@std@@QEAAPEAHQEAHAEBH@Z 0000000180006ad0 f i node_module.obj
 0001:00005c90       ?_Xlength@?$vector@HV?$allocator@H@std@@@std@@CAXXZ 0000000180006c90 f i node_module.obj
 0001:00005cb0       ?call@?$compute_rand@I$0A@Utvec1@glm@@@detail@glm@@SA?AU?$tvec1@I$0A@@3@XZ 0000000180006cb0 f i node_module.obj
 0001:00005da0       ?call@?$compute_rand@G$0A@Utvec4@glm@@@detail@glm@@SA?AU?$tvec4@G$0A@@3@XZ 0000000180006da0 f i node_module.obj
 0001:00005f50       ?call@?$compute_rand@G$0A@Utvec3@glm@@@detail@glm@@SA?AU?$tvec3@G$0A@@3@XZ 0000000180006f50 f i node_module.obj
 0001:000060a0       ??$compute_inverse@M$0A@@detail@glm@@YA?AU?$tmat4x4@M$0A@@1@AEBU21@@Z 00000001800070a0 f i node_module.obj
 0001:0000685c       __imp_load_napi_create_external_arraybuffer 000000018000785c f   node:node.exe
 0001:00006868       __tailMerge_node_exe       0000000180007868     node:node.exe
 0001:000068e1       __imp_load_napi_module_register 00000001800078e1 f   node:node.exe
 0001:000068ed       __imp_load_napi_define_properties 00000001800078ed f   node:node.exe
 0001:000068f9       __imp_load_napi_typeof     00000001800078f9 f   node:node.exe
 0001:00006905       __imp_load_napi_get_cb_info 0000000180007905 f   node:node.exe
 0001:00006911       __imp_load_napi_get_value_double 0000000180007911 f   node:node.exe
 0001:00006920       ??0bad_alloc@std@@QEAA@AEBV01@@Z 0000000180007920 f i libcpmt:xthrow.obj
 0001:00006960       ??0bad_alloc@std@@QEAA@XZ  0000000180007960 f i libcpmt:xthrow.obj
 0001:00006980       ??0exception@std@@QEAA@AEBV01@@Z 0000000180007980 f i libcpmt:xthrow.obj
 0001:000069b8       ??0length_error@std@@QEAA@AEBV01@@Z 00000001800079b8 f i libcpmt:xthrow.obj
 0001:000069f8       ??0length_error@std@@QEAA@PEBD@Z 00000001800079f8 f i libcpmt:xthrow.obj
 0001:00006a44       ??0logic_error@std@@QEAA@AEBV01@@Z 0000000180007a44 f i libcpmt:xthrow.obj
 0001:00006a84       ??1bad_alloc@std@@UEAA@XZ  0000000180007a84 f i libcpmt:xthrow.obj
 0001:00006a84       ??1length_error@std@@UEAA@XZ 0000000180007a84 f i libcpmt:xthrow.obj
 0001:00006a84       ??1bad_array_new_length@std@@UEAA@XZ 0000000180007a84 f i LIBCMT:throw_bad_alloc.obj
 0001:00006a98       ??_Glength_error@std@@UEAAPEAXI@Z 0000000180007a98 f i libcpmt:xthrow.obj
 0001:00006a98       ??_Elogic_error@std@@UEAAPEAXI@Z 0000000180007a98 f i libcpmt:xthrow.obj
 0001:00006a98       ??_Gbad_alloc@std@@UEAAPEAXI@Z 0000000180007a98 f i libcpmt:xthrow.obj
 0001:00006a98       ??_Ebad_array_new_length@std@@UEAAPEAXI@Z 0000000180007a98 f i LIBCMT:throw_bad_alloc.obj
 0001:00006a98       ??_Elength_error@std@@UEAAPEAXI@Z 0000000180007a98 f i libcpmt:xthrow.obj
 0001:00006a98       ??_Gexception@std@@UEAAPEAXI@Z 0000000180007a98 f i libcpmt:xthrow.obj
 0001:00006a98       ??_Gbad_array_new_length@std@@UEAAPEAXI@Z 0000000180007a98 f i LIBCMT:throw_bad_alloc.obj
 0001:00006a98       ??_Ebad_alloc@std@@UEAAPEAXI@Z 0000000180007a98 f i libcpmt:xthrow.obj
 0001:00006a98       ??_Eexception@std@@UEAAPEAXI@Z 0000000180007a98 f i libcpmt:xthrow.obj
 0001:00006a98       ??_Glogic_error@std@@UEAAPEAXI@Z 0000000180007a98 f i libcpmt:xthrow.obj
 0001:00006adc       ?_Xlength_error@std@@YAXPEBD@Z 0000000180007adc f   libcpmt:xthrow.obj
 0001:00006b00       ?what@exception@std@@UEBAPEBDXZ 0000000180007b00 f i libcpmt:xthrow.obj
 0001:00006b30       __security_check_cookie    0000000180007b30 f   LIBCMT:_amdsecgs_.obj
 0001:00006b54       ??2@YAPEAX_K@Z             0000000180007b54 f   LIBCMT:new_scalar.obj
 0001:00006b90       ??3@YAXPEAX_K@Z            0000000180007b90 f   LIBCMT:delete_scalar_size.obj
 0001:00006eb8       _DllMainCRTStartup         0000000180007eb8 f   LIBCMT:dll_dllmain.obj
 0001:00006ef8       ??_Gtype_info@@UEAAPEAXI@Z 0000000180007ef8 f i LIBCMT:std_type_info_static.obj
 0001:00006ef8       ??_Etype_info@@UEAAPEAXI@Z 0000000180007ef8 f i LIBCMT:std_type_info_static.obj
 0001:00006f24       __raise_securityfailure    0000000180007f24 f   LIBCMT:gs_report.obj
 0001:00006f58       __report_gsfailure         0000000180007f58 f   LIBCMT:gs_report.obj
 0001:0000702c       __report_rangecheckfailure 000000018000802c f   LIBCMT:gs_report.obj
 0001:00007040       __report_securityfailure   0000000180008040 f   LIBCMT:gs_report.obj
 0001:000071c0       ??0bad_array_new_length@std@@QEAA@AEBV01@@Z 00000001800081c0 f i LIBCMT:throw_bad_alloc.obj
 0001:00007200       ??0bad_array_new_length@std@@QEAA@XZ 0000000180008200 f i LIBCMT:throw_bad_alloc.obj
 0001:00007220       ?__scrt_throw_std_bad_alloc@@YAXXZ 0000000180008220 f   LIBCMT:throw_bad_alloc.obj
 0001:00007240       ?__scrt_throw_std_bad_array_new_length@@YAXXZ 0000000180008240 f   LIBCMT:throw_bad_alloc.obj
 0001:00007260       ??3@YAXPEAX@Z              0000000180008260 f   LIBCMT:delete_scalar.obj
 0001:00007268       __security_init_cookie     0000000180008268 f   LIBCMT:gs_support.obj
 0001:00007318       DllMain                    0000000180008318 f   LIBCMT:dll_dllmain_stub.obj
 0001:00007318       _get_startup_argv_mode     0000000180008318 f   LIBCMT:argv_mode.obj
 0001:00007320       ?__scrt_initialize_type_info@@YAXXZ 0000000180008320 f   LIBCMT:tncleanup.obj
 0001:00007330       ?__scrt_uninitialize_type_info@@YAXXZ 0000000180008330 f   LIBCMT:tncleanup.obj
 0001:0000733c       __local_stdio_scanf_options 000000018000833c f i LIBCMT:default_local_stdio_options.obj
 0001:00007344       __scrt_initialize_default_local_stdio_options 0000000180008344 f   LIBCMT:default_local_stdio_options.obj
 0001:00007360       __scrt_acquire_startup_lock 0000000180008360 f   LIBCMT:utility.obj
 0001:0000739c       __scrt_dllmain_after_initialize_c 000000018000839c f   LIBCMT:utility.obj
 0001:000073d0       __scrt_dllmain_before_initialize_c 00000001800083d0 f   LIBCMT:utility.obj
 0001:000073e8       __scrt_dllmain_crt_thread_attach 00000001800083e8 f   LIBCMT:utility.obj
 0001:00007410       __scrt_dllmain_crt_thread_detach 0000000180008410 f   LIBCMT:utility.obj
 0001:00007428       __scrt_dllmain_exception_filter 0000000180008428 f   LIBCMT:utility.obj
 0001:00007488       __scrt_dllmain_uninitialize_c 0000000180008488 f   LIBCMT:utility.obj
 0001:000074b8       __scrt_dllmain_uninitialize_critical 00000001800084b8 f   LIBCMT:utility.obj
 0001:000074cc       __scrt_initialize_crt      00000001800084cc f   LIBCMT:utility.obj
 0001:00007518       __scrt_initialize_onexit_tables 0000000180008518 f   LIBCMT:utility.obj
 0001:000075f4       __scrt_is_nonwritable_in_current_image 00000001800085f4 f   LIBCMT:utility.obj
 0001:00007690       __scrt_release_startup_lock 0000000180008690 f   LIBCMT:utility.obj
 0001:000076b4       __scrt_uninitialize_crt    00000001800086b4 f   LIBCMT:utility.obj
 0001:000076e0       __scrt_get_dyn_tls_init_callback 00000001800086e0 f   LIBCMT:dyn_tls_init.obj
 0001:000076e8       __crt_debugger_hook        00000001800086e8 f   LIBCMT:utility_desktop.obj
 0001:000076f0       __scrt_fastfail            00000001800086f0 f   LIBCMT:utility_desktop.obj
 0001:0000783c       _RTC_Initialize            000000018000883c f   LIBCMT:_initsect_.obj
 0001:00007878       _RTC_Terminate             0000000180008878 f   LIBCMT:_initsect_.obj
 0001:000078b4       _guard_check_icall_nop     00000001800088b4 f i LIBCMT:guard_support.obj
 0001:000078b8       __isa_available_init       00000001800088b8 f   LIBCMT:_cpu_disp_.obj
 0001:00007a74       __scrt_is_ucrt_dll_in_use  0000000180008a74 f   LIBCMT:ucrt_detection.obj
 0001:00007a80       __std_exception_copy       0000000180008a80 f   libvcruntime:std_exception.obj
 0001:00007b10       __std_exception_destroy    0000000180008b10 f   libvcruntime:std_exception.obj
 0001:00007b38       _CxxThrowException         0000000180008b38 f   libvcruntime:throw.obj
 0001:00007bf8       __C_specific_handler       0000000180008bf8 f   libvcruntime:_riscchandler_.obj
 0001:00007e04       __std_type_info_destroy_list 0000000180008e04 f   libvcruntime:std_type_info.obj
 0001:00007e30       __vcrt_initialize          0000000180008e30 f   libvcruntime:initialization.obj
 0001:00007e64       __vcrt_thread_attach       0000000180008e64 f   libvcruntime:initialization.obj
 0001:00007e78       __vcrt_thread_detach       0000000180008e78 f   libvcruntime:initialization.obj
 0001:00007e8c       __vcrt_uninitialize        0000000180008e8c f   libvcruntime:initialization.obj
 0001:00007eac       __vcrt_uninitialize_critical 0000000180008eac f   libvcruntime:initialization.obj
 0001:00007ed0       memset                     0000000180008ed0 f   libvcruntime:memset.obj
 0001:00008090       _local_unwind              0000000180009090 f   libvcruntime:_jmpuwind_.obj
 0001:000080c0       _NLG_Notify                00000001800090c0 f   libvcruntime:_jmpuwind_.obj
 0001:000080e0       __NLG_Dispatch2            00000001800090e0 f   libvcruntime:_jmpuwind_.obj
 0001:000080f0       __NLG_Return2              00000001800090f0 f   libvcruntime:_jmpuwind_.obj
 0001:000080f4       __except_validate_context_record 00000001800090f4 f   libvcruntime:jbcxrval.obj
 0001:0000812c       __vcrt_freefls             000000018000912c f   libvcruntime:per_thread_data.obj
 0001:0000814c       __vcrt_freeptd             000000018000914c f   libvcruntime:per_thread_data.obj
 0001:0000819c       __vcrt_getptd_noexit       000000018000919c f   libvcruntime:per_thread_data.obj
 0001:00008254       __vcrt_initialize_ptd      0000000180009254 f   libvcruntime:per_thread_data.obj
 0001:000082a4       __vcrt_uninitialize_ptd    00000001800092a4 f   libvcruntime:per_thread_data.obj
 0001:000082c8       __vcrt_initialize_locks    00000001800092c8 f   libvcruntime:locks.obj
 0001:00008310       __vcrt_uninitialize_locks  0000000180009310 f   libvcruntime:locks.obj
 0001:00008520       __vcrt_FlsAlloc            0000000180009520 f   libvcruntime:winapi_downlevel.obj
 0001:00008568       __vcrt_FlsFree             0000000180009568 f   libvcruntime:winapi_downlevel.obj
 0001:000085b0       __vcrt_FlsGetValue         00000001800095b0 f   libvcruntime:winapi_downlevel.obj
 0001:000085f8       __vcrt_FlsSetValue         00000001800095f8 f   libvcruntime:winapi_downlevel.obj
 0001:0000864c       __vcrt_InitializeCriticalSectionEx 000000018000964c f   libvcruntime:winapi_downlevel.obj
 0001:000086b0       __vcrt_initialize_winapi_thunks 00000001800096b0 f   libvcruntime:winapi_downlevel.obj
 0001:000086e0       __vcrt_uninitialize_winapi_thunks 00000001800096e0 f   libvcruntime:winapi_downlevel.obj
 0001:00008720       __vcrt_initialize_pure_virtual_call_handler 0000000180009720 f   libvcruntime:purevirt_data.obj
 0001:00008740       memcpy                     0000000180009740 f   libvcruntime:memcpy.obj
 0001:00008740       memmove                    0000000180009740 f   libvcruntime:memcpy.obj
 0001:00008ba0       _CallSettingFrame          0000000180009ba0 f   libvcruntime:handlers.obj
 0001:00008be0       __DestructExceptionObject  0000000180009be0 f   libvcruntime:ehhelpers.obj
 0001:00008c54       ?_CallMemberFunction0@@YAXQEAX0@Z 0000000180009c54 f i libvcruntime:ehhelpers.obj
 0001:00008c58       _fputc_nolock              0000000180009c58 f   libucrt:fputc.obj
 0001:00008c70       __acrt_initialize_stdio    0000000180009c70 f   libucrt:_file.obj
 0001:00008d90       __acrt_iob_func            0000000180009d90 f   libucrt:_file.obj
 0001:00008da4       __acrt_uninitialize_stdio  0000000180009da4 f   libucrt:_file.obj
 0001:00008e00       _lock_file                 0000000180009e00 f   libucrt:_file.obj
 0001:00008e0c       _unlock_file               0000000180009e0c f   libucrt:_file.obj
 0001:00008e18       rand                       0000000180009e18 f   libucrt:rand.obj
 0001:00009058       ??$ensure_buffer_is_big_enough@D@formatting_buffer@__crt_stdio_output@@QEAA_N_K@Z 000000018000a058 f i libucrt:output.obj
 0001:00009100       ??$ensure_buffer_is_big_enough@_W@formatting_buffer@__crt_stdio_output@@QEAA_N_K@Z 000000018000a100 f i libucrt:output.obj
 0001:000091ac       ??$is_wide_character_specifier@_W@__crt_stdio_output@@YA_N_K_WW4length_modifier@0@@Z 000000018000a1ac f i libucrt:output.obj
 0001:000091ec       ??$type_case_integer_parse_into_buffer@I@?$output_processor@_WV?$string_output_adapter@_W@__crt_stdio_output@@V?$standard_base@_WV?$string_output_adapter@_W@__crt_stdio_output@@@2@@__crt_stdio_output@@AEAAXII_N@Z 000000018000a1ec f i libucrt:output.obj
 0001:000091ec       ??$type_case_integer_parse_into_buffer@I@?$output_processor@_WV?$stream_output_adapter@_W@__crt_stdio_output@@V?$standard_base@_WV?$stream_output_adapter@_W@__crt_stdio_output@@@2@@__crt_stdio_output@@AEAAXII_N@Z 000000018000a1ec f i libucrt:output.obj
 0001:00009288       ??$type_case_integer_parse_into_buffer@_K@?$output_processor@_WV?$stream_output_adapter@_W@__crt_stdio_output@@V?$standard_base@_WV?$stream_output_adapter@_W@__crt_stdio_output@@@2@@__crt_stdio_output@@AEAAX_KI_N@Z 000000018000a288 f i libucrt:output.obj
 0001:00009288       ??$type_case_integer_parse_into_buffer@_K@?$output_processor@_WV?$string_output_adapter@_W@__crt_stdio_output@@V?$standard_base@_WV?$string_output_adapter@_W@__crt_stdio_output@@@2@@__crt_stdio_output@@AEAAX_KI_N@Z 000000018000a288 f i libucrt:output.obj
 0001:00009328       ??$write_multiple_characters@V?$stream_output_adapter@_W@__crt_stdio_output@@D@__crt_stdio_output@@YAXAEBV?$stream_output_adapter@_W@0@DHQEAH@Z 000000018000a328 f i libucrt:output.obj
 0001:000093b4       ??$write_multiple_characters@V?$string_output_adapter@_W@__crt_stdio_output@@D@__crt_stdio_output@@YAXAEBV?$string_output_adapter@_W@0@DHQEAH@Z 000000018000a3b4 f i libucrt:output.obj
 0001:00009424       ??0_LocaleUpdate@@QEAA@QEAU__crt_locale_pointers@@@Z 000000018000a424 f i libucrt:output.obj
 0001:000095e8       ?force_decimal_point@__crt_stdio_output@@YAXPEADQEAU__crt_locale_pointers@@@Z 000000018000a5e8 f i libucrt:output.obj
 0001:00009658       ?parse_int_from_format_string@?$output_processor@_WV?$stream_output_adapter@_W@__crt_stdio_output@@V?$standard_base@_WV?$stream_output_adapter@_W@__crt_stdio_output@@@2@@__crt_stdio_output@@AEAA_NQEAH@Z 000000018000a658 f i libucrt:output.obj
 0001:00009658       ?parse_int_from_format_string@?$output_processor@_WV?$string_output_adapter@_W@__crt_stdio_output@@V?$standard_base@_WV?$string_output_adapter@_W@__crt_stdio_output@@@2@@__crt_stdio_output@@AEAA_NQEAH@Z 000000018000a658 f i libucrt:output.obj
 0001:000096fc       ?process@?$output_processor@_WV?$stream_output_adapter@_W@__crt_stdio_output@@V?$standard_base@_WV?$stream_output_adapter@_W@__crt_stdio_output@@@2@@__crt_stdio_output@@QEAAHXZ 000000018000a6fc f i libucrt:output.obj
 0001:0000996c       ?process@?$output_processor@_WV?$string_output_adapter@_W@__crt_stdio_output@@V?$standard_base@_WV?$string_output_adapter@_W@__crt_stdio_output@@@2@@__crt_stdio_output@@QEAAHXZ 000000018000a96c f i libucrt:output.obj
 0001:00009bd4       ?state_case_size@?$output_processor@_WV?$stream_output_adapter@_W@__crt_stdio_output@@V?$standard_base@_WV?$stream_output_adapter@_W@__crt_stdio_output@@@2@@__crt_stdio_output@@AEAA_NXZ 000000018000abd4 f i libucrt:output.obj
 0001:00009d78       ?state_case_size@?$output_processor@_WV?$string_output_adapter@_W@__crt_stdio_output@@V?$standard_base@_WV?$string_output_adapter@_W@__crt_stdio_output@@@2@@__crt_stdio_output@@AEAA_NXZ 000000018000ad78 f i libucrt:output.obj
 0001:00009f1c       ?state_case_type@?$output_processor@_WV?$stream_output_adapter@_W@__crt_stdio_output@@V?$standard_base@_WV?$stream_output_adapter@_W@__crt_stdio_output@@@2@@__crt_stdio_output@@AEAA_NXZ 000000018000af1c f i libucrt:output.obj
 0001:0000a208       ?state_case_type@?$output_processor@_WV?$string_output_adapter@_W@__crt_stdio_output@@V?$standard_base@_WV?$string_output_adapter@_W@__crt_stdio_output@@@2@@__crt_stdio_output@@AEAA_NXZ 000000018000b208 f i libucrt:output.obj
 0001:0000a4e4       ?type_case_Z@?$output_processor@_WV?$string_output_adapter@_W@__crt_stdio_output@@V?$standard_base@_WV?$string_output_adapter@_W@__crt_stdio_output@@@2@@__crt_stdio_output@@AEAA_NXZ 000000018000b4e4 f i libucrt:output.obj
 0001:0000a4e4       ?type_case_Z@?$output_processor@_WV?$stream_output_adapter@_W@__crt_stdio_output@@V?$standard_base@_WV?$stream_output_adapter@_W@__crt_stdio_output@@@2@@__crt_stdio_output@@AEAA_NXZ 000000018000b4e4 f i libucrt:output.obj
 0001:0000a564       ?type_case_a@?$output_processor@_WV?$string_output_adapter@_W@__crt_stdio_output@@V?$standard_base@_WV?$string_output_adapter@_W@__crt_stdio_output@@@2@@__crt_stdio_output@@AEAA_NXZ 000000018000b564 f i libucrt:output.obj
 0001:0000a564       ?type_case_a@?$output_processor@_WV?$stream_output_adapter@_W@__crt_stdio_output@@V?$standard_base@_WV?$stream_output_adapter@_W@__crt_stdio_output@@@2@@__crt_stdio_output@@AEAA_NXZ 000000018000b564 f i libucrt:output.obj
 0001:0000a7a4       ?type_case_c_tchar@?$output_processor@_WV?$string_output_adapter@_W@__crt_stdio_output@@V?$standard_base@_WV?$string_output_adapter@_W@__crt_stdio_output@@@2@@__crt_stdio_output@@AEAA_N_W@Z 000000018000b7a4 f i libucrt:output.obj
 0001:0000a7a4       ?type_case_c_tchar@?$output_processor@_WV?$stream_output_adapter@_W@__crt_stdio_output@@V?$standard_base@_WV?$stream_output_adapter@_W@__crt_stdio_output@@@2@@__crt_stdio_output@@AEAA_N_W@Z 000000018000b7a4 f i libucrt:output.obj
 0001:0000a84c       ?type_case_integer@?$output_processor@_WV?$string_output_adapter@_W@__crt_stdio_output@@V?$standard_base@_WV?$string_output_adapter@_W@__crt_stdio_output@@@2@@__crt_stdio_output@@AEAA_NI_N@Z 000000018000b84c f i libucrt:output.obj
 0001:0000a84c       ?type_case_integer@?$output_processor@_WV?$stream_output_adapter@_W@__crt_stdio_output@@V?$standard_base@_WV?$stream_output_adapter@_W@__crt_stdio_output@@@2@@__crt_stdio_output@@AEAA_NI_N@Z 000000018000b84c f i libucrt:output.obj
 0001:0000aa18       ?type_case_n@?$output_processor@_WV?$string_output_adapter@_W@__crt_stdio_output@@V?$standard_base@_WV?$string_output_adapter@_W@__crt_stdio_output@@@2@@__crt_stdio_output@@AEAA_NXZ 000000018000ba18 f i libucrt:output.obj
 0001:0000aa18       ?type_case_n@?$output_processor@_WV?$stream_output_adapter@_W@__crt_stdio_output@@V?$standard_base@_WV?$stream_output_adapter@_W@__crt_stdio_output@@@2@@__crt_stdio_output@@AEAA_NXZ 000000018000ba18 f i libucrt:output.obj
 0001:0000aaf4       ?type_case_s@?$output_processor@_WV?$string_output_adapter@_W@__crt_stdio_output@@V?$standard_base@_WV?$string_output_adapter@_W@__crt_stdio_output@@@2@@__crt_stdio_output@@AEAA_NXZ 000000018000baf4 f i libucrt:output.obj
 0001:0000aaf4       ?type_case_s@?$output_processor@_WV?$stream_output_adapter@_W@__crt_stdio_output@@V?$standard_base@_WV?$stream_output_adapter@_W@__crt_stdio_output@@@2@@__crt_stdio_output@@AEAA_NXZ 000000018000baf4 f i libucrt:output.obj
 0001:0000abbc       ?write_stored_string_tchar@?$output_processor@_WV?$stream_output_adapter@_W@__crt_stdio_output@@V?$standard_base@_WV?$stream_output_adapter@_W@__crt_stdio_output@@@2@@__crt_stdio_output@@AEAA_N_W@Z 000000018000bbbc f i libucrt:output.obj
 0001:0000acc4       ?write_stored_string_tchar@?$output_processor@_WV?$string_output_adapter@_W@__crt_stdio_output@@V?$standard_base@_WV?$string_output_adapter@_W@__crt_stdio_output@@@2@@__crt_stdio_output@@AEAA_N_W@Z 000000018000bcc4 f i libucrt:output.obj
 0001:0000adb4       ?write_string@?$string_output_adapter@_W@__crt_stdio_output@@QEBAXQEB_WHQEAHAEAV__crt_deferred_errno_cache@@@Z 000000018000bdb4 f i libucrt:output.obj
 0001:0000ae5c       ?write_string_impl@?$output_adapter_common@_WV?$stream_output_adapter@_W@__crt_stdio_output@@@__crt_stdio_output@@IEBAXQEB_WHQEAHAEAV__crt_deferred_errno_cache@@@Z 000000018000be5c f i libucrt:output.obj
 0001:0000af60       __stdio_common_vfwprintf   000000018000bf60 f   libucrt:output.obj
 0001:0000afec       __stdio_common_vswprintf   000000018000bfec f   libucrt:output.obj
 0001:0000b9c8       ??$ftprintf@PEAU_iobuf@@PEB_WAEBQEB_WAEBQEB_WAEBI@?$__crt_char_traits@_W@@SAH$$QEAPEAU_iobuf@@$$QEAPEB_WAEBQEB_W2AEBI@Z 000000018000c9c8 f i libucrt:assert.obj
 0001:0000b9f0       _wassert                   000000018000c9f0 f   libucrt:assert.obj
 0001:0000ba74       fwprintf                   000000018000ca74 f i libucrt:assert.obj
 0001:0000bab8       swprintf                   000000018000cab8 f i libucrt:assert.obj
 0001:0000bb0c       __acrt_call_reportfault    000000018000cb0c f   libucrt:invalid_parameter.obj
 0001:0000bc68       __acrt_initialize_invalid_parameter_handler 000000018000cc68 f   libucrt:invalid_parameter.obj
 0001:0000bc70       _invalid_parameter         000000018000cc70 f   libucrt:invalid_parameter.obj
 0001:0000bd20       _invalid_parameter_noinfo  000000018000cd20 f   libucrt:invalid_parameter.obj
 0001:0000bd40       _invalid_parameter_noinfo_noreturn 000000018000cd40 f   libucrt:invalid_parameter.obj
 0001:0000bd70       _invoke_watson             000000018000cd70 f   libucrt:invalid_parameter.obj
 0001:0000bdb8       __ascii_stricmp            000000018000cdb8 f   libucrt:stricmp.obj
 0001:0000bdf8       _stricmp                   000000018000cdf8 f   libucrt:stricmp.obj
 0001:0000be40       _stricmp_l                 000000018000ce40 f   libucrt:stricmp.obj
 0001:0000bef4       __acrt_initialize_new_handler 000000018000cef4 f   libucrt:new_handler.obj
 0001:0000befc       _callnewh                  000000018000cefc f   libucrt:new_handler.obj
 0001:0000bf2c       _query_new_handler         000000018000cf2c f   libucrt:new_handler.obj
 0001:0000bf60       malloc                     000000018000cf60 f   libucrt:malloc.obj
 0001:0000bf68       _initterm                  000000018000cf68 f   libucrt:initterm.obj
 0001:0000bfcc       _initterm_e                000000018000cfcc f   libucrt:initterm.obj
 0001:0000c00c       free                       000000018000d00c f   libucrt:free.obj
 0001:0000c020       _seh_filter_dll            000000018000d020 f   libucrt:exception_filter.obj
 0001:0000c034       _seh_filter_exe            000000018000d034 f   libucrt:exception_filter.obj
 0001:0000c440       __acrt_initialize_thread_local_exit_callback 000000018000d440 f   libucrt:exit.obj
 0001:0000c448       _cexit                     000000018000d448 f   libucrt:exit.obj
 0001:0000c458       _exit                      000000018000d458 f   libucrt:exit.obj
 0001:0000c464       _is_c_termination_complete 000000018000d464 f   libucrt:exit.obj
 0001:0000c628       __acrt_allocate_buffer_for_argv 000000018000d628 f   libucrt:argv_parsing.obj
 0001:0000c688       _configure_narrow_argv     000000018000d688 f   libucrt:argv_parsing.obj
 0001:0000ca04       __dcrt_uninitialize_environments_nolock 000000018000da04 f   libucrt:environment_initialization.obj
 0001:0000ca3c       _initialize_narrow_environment 000000018000da3c f   libucrt:environment_initialization.obj
 0001:0000cbcc       _execute_onexit_table      000000018000dbcc f   libucrt:onexit.obj
 0001:0000cc08       _initialize_onexit_table   000000018000dc08 f   libucrt:onexit.obj
 0001:0000cc80       __acrt_uninitialize_command_line 000000018000dc80 f   libucrt:argv_data.obj
 0001:0000cd8c       __acrt_initialize          000000018000dd8c f   libucrt:initialization.obj
 0001:0000cda0       __acrt_thread_attach       000000018000dda0 f   libucrt:initialization.obj
 0001:0000cdb4       __acrt_thread_detach       000000018000ddb4 f   libucrt:initialization.obj
 0001:0000cdc4       __acrt_uninitialize        000000018000ddc4 f   libucrt:initialization.obj
 0001:0000cdfc       __acrt_uninitialize_critical 000000018000ddfc f   libucrt:initialization.obj
 0001:0000ce0c       terminate                  000000018000de0c f   libucrt:terminate.obj
 0001:0000ce2c       strcpy_s                   000000018000de2c f   libucrt:strcpy_s.obj
 0001:0000ce8c       ??$parse_integer@KV?$c_string_character_source@_W@__crt_strtox@@@__crt_strtox@@YAKQEAU__crt_locale_pointers@@V?$c_string_character_source@_W@0@H_N@Z 000000018000de8c f i libucrt:atox.obj
 0001:0000d560       strncmp                    000000018000e560 f   libucrt:strncmp.obj
 0001:0000d5e0       abort                      000000018000e5e0 f   libucrt:abort.obj
 0001:0000d638       calloc                     000000018000e638 f   libucrt:calloc.obj
 0001:0000d640       wcsncmp                    000000018000e640 f   libucrt:wcsncmp.obj
 0001:0000d66c       __acrt_errno_from_os_error 000000018000e66c f   libucrt:errno.obj
 0001:0000d6b4       __acrt_errno_map_os_error  000000018000e6b4 f   libucrt:errno.obj
 0001:0000d704       __doserrno                 000000018000e704 f   libucrt:errno.obj
 0001:0000d724       _errno                     000000018000e724 f   libucrt:errno.obj
 0001:0000d744       _fileno                    000000018000e744 f   libucrt:fileno.obj
 0001:0000d930       __acrt_stdio_flush_and_write_narrow_nolock 000000018000e930 f   libucrt:_flsbuf.obj
 0001:0000da18       __acrt_stdio_flush_and_write_wide_nolock 000000018000ea18 f   libucrt:_flsbuf.obj
 0001:0000dcec       __acrt_initialize_lowio    000000018000ecec f   libucrt:ioinit.obj
 0001:0000dd28       __acrt_uninitialize_lowio  000000018000ed28 f   libucrt:ioinit.obj
 0001:0000dd68       _calloc_base               000000018000ed68 f   libucrt:calloc_base.obj
 0001:0000dde0       _free_base                 000000018000ede0 f   libucrt:free_base.obj
 0001:0000dff8       __acrt_AppPolicyGetProcessTerminationMethodInternal 000000018000eff8 f   libucrt:winapi_thunks.obj
 0001:0000e048       __acrt_AppPolicyGetShowDeveloperDiagnosticInternal 000000018000f048 f   libucrt:winapi_thunks.obj
 0001:0000e098       __acrt_AppPolicyGetWindowingModelInternal 000000018000f098 f   libucrt:winapi_thunks.obj
 0001:0000e0e8       __acrt_FlsAlloc            000000018000f0e8 f   libucrt:winapi_thunks.obj
 0001:0000e130       __acrt_FlsFree             000000018000f130 f   libucrt:winapi_thunks.obj
 0001:0000e178       __acrt_FlsGetValue         000000018000f178 f   libucrt:winapi_thunks.obj
 0001:0000e1c0       __acrt_FlsSetValue         000000018000f1c0 f   libucrt:winapi_thunks.obj
 0001:0000e214       __acrt_InitializeCriticalSectionEx 000000018000f214 f   libucrt:winapi_thunks.obj
 0001:0000e278       __acrt_LCMapStringEx       000000018000f278 f   libucrt:winapi_thunks.obj
 0001:0000e354       __acrt_LocaleNameToLCID    000000018000f354 f   libucrt:winapi_thunks.obj
 0001:0000e3a4       __acrt_MessageBoxW         000000018000f3a4 f   libucrt:winapi_thunks.obj
 0001:0000e418       __acrt_OutputDebugStringW  000000018000f418 f   libucrt:winapi_thunks.obj
 0001:0000e420       __acrt_can_show_message_box 000000018000f420 f   libucrt:winapi_thunks.obj
 0001:0000e490       __acrt_get_parent_window   000000018000f490 f   libucrt:winapi_thunks.obj
 0001:0000e50c       __acrt_initialize_winapi_thunks 000000018000f50c f   libucrt:winapi_thunks.obj
 0001:0000e554       __acrt_is_interactive      000000018000f554 f   libucrt:winapi_thunks.obj
 0001:0000e61c       __acrt_uninitialize_winapi_thunks 000000018000f61c f   libucrt:winapi_thunks.obj
 0001:0000e660       _fcloseall                 000000018000f660 f   libucrt:closeall.obj
 0001:0000e938       __acrt_stdio_flush_nolock  000000018000f938 f   libucrt:fflush.obj
 0001:0000e9b4       _fflush_nolock             000000018000f9b4 f   libucrt:fflush.obj
 0001:0000ea00       _flushall                  000000018000fa00 f   libucrt:fflush.obj
 0001:0000ea08       fflush                     000000018000fa08 f   libucrt:fflush.obj
 0001:0000ea70       __acrt_stdio_free_buffer_nolock 000000018000fa70 f   libucrt:_freebuf.obj
 0001:0000ee28       __acrt_freeptd             000000018000fe28 f   libucrt:per_thread_data.obj
 0001:0000ee6c       __acrt_getptd              000000018000fe6c f   libucrt:per_thread_data.obj
 0001:0000ef38       __acrt_getptd_head         000000018000ff38 f   libucrt:per_thread_data.obj
 0001:0000efe0       __acrt_getptd_noexit       000000018000ffe0 f   libucrt:per_thread_data.obj
 0001:0000f0b0       __acrt_initialize_ptd      00000001800100b0 f   libucrt:per_thread_data.obj
 0001:0000f0ec       __acrt_uninitialize_ptd    00000001800100ec f   libucrt:per_thread_data.obj
 0001:0000f110       isdigit                    0000000180010110 f i libucrt:_ctype.obj
 0001:0000f1c8       _tolower_l                 00000001800101c8 f   libucrt:tolower_toupper.obj
 0001:0000f308       tolower                    0000000180010308 f   libucrt:tolower_toupper.obj
 0001:0000f334       _malloc_base               0000000180010334 f   libucrt:malloc_base.obj
 0001:0000f394       wcstol                     0000000180010394 f   libucrt:strtox.obj
 0001:0000f3c0       _mbtowc_l                  00000001800103c0 f   libucrt:mbtowc.obj
 0001:0000f508       mbtowc                     0000000180010508 f   libucrt:mbtowc.obj
 0001:0000f510       _wctomb_s_l                0000000180010510 f   libucrt:wctomb.obj
 0001:0000f694       wctomb_s                   0000000180010694 f   libucrt:wctomb.obj
 0001:0000f6a8       wcsnlen                    00000001800106a8 f   libucrt:strnlen.obj
 0001:0000f870       __acrt_update_locale_info  0000000180010870 f   libucrt:locale_update.obj
 0001:0000f8a4       __acrt_update_multibyte_info 00000001800108a4 f   libucrt:locale_update.obj
 0001:00010294       __acrt_fp_format           0000000180011294 f   libucrt:cvt.obj
 0001:0001051c       _fputwc_nolock             000000018001151c f   libucrt:fputwc.obj
 0001:00010694       _get_printf_count_output   0000000180011694 f   libucrt:printf_count_output.obj
 0001:000106ac       __acrt_stdio_begin_temporary_buffering_nolock 00000001800116ac f   libucrt:_sftbuf.obj
 0001:0001077c       __acrt_stdio_end_temporary_buffering_nolock 000000018001177c f   libucrt:_sftbuf.obj
 0001:00010828       __acrt_set_locale_changed  0000000180011828 f   libucrt:wsetlocale.obj
 0001:00010834       __acrt_uninitialize_locale 0000000180011834 f   libucrt:wsetlocale.obj
 0001:00010864       _query_app_type            0000000180011864 f   libucrt:report_runtime_error.obj
 0001:00010980       _itow_s                    0000000180011980 f   libucrt:xtoa.obj
 0001:000109a0       _set_error_mode            00000001800119a0 f   libucrt:set_error_mode.obj
 0001:000109e0       wcscat_s                   00000001800119e0 f   libucrt:wcscat_s.obj
 0001:00010a60       wcscpy_s                   0000000180011a60 f   libucrt:wcscpy_s.obj
 0001:00010ac8       wcsncat_s                  0000000180011ac8 f   libucrt:wcsncat_s.obj
 0001:00010bc8       __acrt_show_wide_message_box 0000000180011bc8 f   libucrt:crtmbox.obj
 0001:00010d9c       setvbuf                    0000000180011d9c f   libucrt:setvbuf.obj
 0001:00010e80       __acrt_get_sigabrt_handler 0000000180011e80 f   libucrt:signal.obj
 0001:00010eb0       __acrt_initialize_signal_handlers 0000000180011eb0 f   libucrt:signal.obj
 0001:00010ed0       raise                      0000000180011ed0 f   libucrt:signal.obj
 0001:00011144       __acrt_initialize_locks    0000000180012144 f   libucrt:locks.obj
 0001:0001118c       __acrt_lock                000000018001218c f   libucrt:locks.obj
 0001:000111a8       __acrt_uninitialize_locks  00000001800121a8 f   libucrt:locks.obj
 0001:000111e0       __acrt_unlock              00000001800121e0 f   libucrt:locks.obj
 0001:000111fc       __acrt_get_developer_information_policy 00000001800121fc f   libucrt:win_policies.obj
 0001:00011250       __acrt_get_process_end_policy 0000000180012250 f   libucrt:win_policies.obj
 0001:0001128c       __acrt_get_windowing_model_policy 000000018001228c f   libucrt:win_policies.obj
 0001:0001185c       __acrt_expand_narrow_argv_wildcards 000000018001285c f   libucrt:argv_wildcards.obj
 0001:00011fa4       __acrt_initialize_multibyte 0000000180012fa4 f   libucrt:mbctype.obj
 0001:00012004       __acrt_update_thread_multibyte_data 0000000180013004 f   libucrt:mbctype.obj
 0001:00012020       _setmbcp_nolock            0000000180013020 f   libucrt:mbctype.obj
 0001:00012358       _ismbblead                 0000000180013358 f   libucrt:ismbbyte.obj
 0001:0001236c       __acrt_initialize_command_line 000000018001336c f   libucrt:argv_data.obj
 0001:00012394       __dcrt_get_narrow_environment_from_os 0000000180013394 f   libucrt:get_environment_from_os.obj
 0001:00012498       _recalloc                  0000000180013498 f   libucrt:recalloc.obj
 0001:000124a0       _recalloc_base             00000001800134a0 f   libucrt:recalloc.obj
 0001:00012538       __acrt_initialize_heap     0000000180013538 f   libucrt:heap_handle.obj
 0001:00012554       __acrt_uninitialize_heap   0000000180013554 f   libucrt:heap_handle.obj
 0001:00012560       __acrt_execute_initializers 0000000180013560 f   libucrt:shared_initialization.obj
 0001:000125e0       __acrt_execute_uninitializers 00000001800135e0 f   libucrt:shared_initialization.obj
 0001:0001261c       __acrt_has_user_matherr    000000018001361c f   libucrt:matherr.obj
 0001:0001263c       __acrt_initialize_user_matherr 000000018001363c f   libucrt:matherr.obj
 0001:00012644       __acrt_invoke_user_matherr 0000000180013644 f   libucrt:matherr.obj
 0001:00012674       __pctype_func              0000000180013674 f   libucrt:ctype.obj
 0001:000126a4       iswctype                   00000001800136a4 f   libucrt:iswctype.obj
 0001:00012714       _isctype_l                 0000000180013714 f   libucrt:isctype.obj
 0001:00012824       _isatty                    0000000180013824 f   libucrt:isatty.obj
 0001:00012e3c       _write                     0000000180013e3c f   libucrt:write.obj
 0001:00012f28       _write_nolock              0000000180013f28 f   libucrt:write.obj
 0001:000133f8       _lseeki64                  00000001800143f8 f   libucrt:lseek.obj
 0001:00013400       _lseeki64_nolock           0000000180014400 f   libucrt:lseek.obj
 0001:00013408       __acrt_stdio_allocate_buffer_nolock 0000000180014408 f   libucrt:_getbuf.obj
 0001:0001346c       __acrt_lowio_create_handle_array 000000018001446c f   libucrt:osfinfo.obj
 0001:00013504       __acrt_lowio_destroy_handle_array 0000000180014504 f   libucrt:osfinfo.obj
 0001:00013554       __acrt_lowio_ensure_fh_exists 0000000180014554 f   libucrt:osfinfo.obj
 0001:000135fc       __acrt_lowio_lock_fh       00000001800145fc f   libucrt:osfinfo.obj
 0001:00013620       __acrt_lowio_unlock_fh     0000000180014620 f   libucrt:osfinfo.obj
 0001:00013644       _free_osfhnd               0000000180014644 f   libucrt:osfinfo.obj
 0001:00013700       _get_osfhandle             0000000180014700 f   libucrt:osfinfo.obj
 0001:00013778       _query_new_mode            0000000180014778 f   libucrt:new_mode.obj
 0001:0001384c       __acrt_DownlevelLocaleNameToLCID 000000018001484c f   libucrt:lcidtoname_downlevel.obj
 0001:00013880       _fclose_nolock             0000000180014880 f   libucrt:fclose.obj
 0001:00013904       fclose                     0000000180014904 f   libucrt:fclose.obj
 0001:000139f4       _commit                    00000001800149f4 f   libucrt:commit.obj
 0001:00013a88       __acrt_add_locale_ref      0000000180014a88 f   libucrt:locale_refcounting.obj
 0001:00013b14       __acrt_free_locale         0000000180014b14 f   libucrt:locale_refcounting.obj
 0001:00013c8c       __acrt_locale_add_lc_time_reference 0000000180014c8c f   libucrt:locale_refcounting.obj
 0001:00013cb4       __acrt_locale_free_lc_time_if_unreferenced 0000000180014cb4 f   libucrt:locale_refcounting.obj
 0001:00013cec       __acrt_locale_release_lc_time_reference 0000000180014cec f   libucrt:locale_refcounting.obj
 0001:00013d14       __acrt_release_locale_ref  0000000180014d14 f   libucrt:locale_refcounting.obj
 0001:00013dbc       __acrt_update_thread_locale_data 0000000180014dbc f   libucrt:locale_refcounting.obj
 0001:00013e2c       _updatetlocinfoEx_nolock   0000000180014e2c f   libucrt:locale_refcounting.obj
 0001:00013e94       _isleadbyte_l              0000000180014e94 f i libucrt:_wctype.obj
 0001:000141ec       __acrt_LCMapStringA        00000001800151ec f   libucrt:lcmapstringa.obj
 0001:00014284       __acrt_MultiByteToWideChar 0000000180015284 f   libucrt:multibytetowidechar.obj
 0001:0001428c       __acrt_WideCharToMultiByte 000000018001528c f   libucrt:widechartomultibyte.obj
 0001:00014294       __acrt_fp_strflt_to_string 0000000180015294 f   libucrt:_fptostr.obj
 0001:00014360       ?divide@__crt_strtox@@YA_KAEAUbig_integer@1@AEBU21@@Z 0000000180015360 f i libucrt:cfout.obj
 0001:000147f4       __acrt_fltout              00000001800157f4 f   libucrt:cfout.obj
 0001:00015bd0       __acrt_locale_free_monetary 0000000180016bd0 f   libucrt:initmon.obj
 0001:00015cdc       __acrt_locale_free_numeric 0000000180016cdc f   libucrt:initnum.obj
 0001:00015d9c       __acrt_locale_free_time    0000000180016d9c f   libucrt:inittime.obj
 0001:00015ea4       __acrt_GetStringTypeA      0000000180016ea4 f   libucrt:getstringtypea.obj
 0001:00016040       qsort                      0000000180017040 f   libucrt:qsort.obj
 0001:000163f0       strncpy_s                  00000001800173f0 f   libucrt:strncpy_s.obj
 0001:00016570       strpbrk                    0000000180017570 f   libucrt:strpbrk.obj
 0001:00016950       _mbsdec                    0000000180017950 f   libucrt:mbsdec.obj
 0001:00016958       _mbsdec_l                  0000000180017958 f   libucrt:mbsdec.obj
 0001:00016a00       _msize                     0000000180017a00 f   libucrt:msize.obj
 0001:00016a08       _msize_base                0000000180017a08 f   libucrt:msize.obj
 0001:00016a44       _realloc_base              0000000180017a44 f   libucrt:realloc_base.obj
 0001:00016ac0       __acrt_GetStringTypeW      0000000180017ac0 f   libucrt:getstringtypew.obj
 0001:00016ac8       _putwch_nolock             0000000180017ac8 f   libucrt:putwch.obj
 0001:00016b78       _close                     0000000180017b78 f   libucrt:close.obj
 0001:00016c1c       _close_nolock              0000000180017c1c f   libucrt:close.obj
 0001:00016cd8       ?__acrt_stdio_free_stream@@YAXV__crt_stdio_stream@@@Z 0000000180017cd8 f   libucrt:stream.obj
 0001:00016cf4       __strncnt                  0000000180017cf4 f   libucrt:strncnt.obj
 0001:00016d0c       fegetenv                   0000000180017d0c f   libucrt:fegetenv.obj
 0001:00016d2c       fesetenv                   0000000180017d2c f   libucrt:fesetenv.obj
 0001:00016d7c       feholdexcept               0000000180017d7c f   libucrt:feholdexcept.obj
 0001:00016dcc       ceil                       0000000180017dcc f   libucrt:ceil.obj
 0001:00016e90       log10                      0000000180017e90 f   libucrt:log10.obj
 0001:0001743c       __dcrt_lowio_ensure_console_output_initialized 000000018001843c f   libucrt:initcon.obj
 0001:00017490       __dcrt_terminate_console_output 0000000180018490 f   libucrt:initcon.obj
 0001:000174ac       __dcrt_write_console_w     00000001800184ac f   libucrt:initcon.obj
 0001:0001756c       __acrt_fenv_get_control    000000018001856c f   libucrt:_fenvutils.obj
 0001:0001766c       __acrt_fenv_get_status     000000018001866c f   libucrt:_fenvutils.obj
 0001:000176c4       __acrt_fenv_set_control    00000001800186c4 f   libucrt:_fenvutils.obj
 0001:0001780c       __acrt_fenv_set_status     000000018001880c f   libucrt:_fenvutils.obj
 0001:00017890       _clearfp                   0000000180018890 f   libucrt:ieee.obj
 0001:00017a24       _handle_error              0000000180018a24 f   libucrt:libm_error.obj
 0001:00017b4c       _handle_errorf             0000000180018b4c f   libucrt:libm_error.obj
 0001:00017c80       _handle_nan                0000000180018c80 f   libucrt:libm_error.obj
 0001:00017c9c       _handle_nanf               0000000180018c9c f   libucrt:libm_error.obj
 0001:00017cb0       __acrt_initialize_fma3     0000000180018cb0 f   libucrt:fma3_available.obj
 0001:00017d20       _log10_special             0000000180018d20 f   libucrt:log_special.obj
 0001:00017df0       _get_fpsr                  0000000180018df0 f   libucrt:fpsr.obj
 0001:00017e00       _set_fpsr                  0000000180018e00 f   libucrt:fpsr.obj
 0001:00017e0a       _fclrf                     0000000180018e0a f   libucrt:fpsr.obj
 0001:00017e1e       _frnd                      0000000180018e1e f   libucrt:fpsr.obj
 0001:00017e40       _raise_exc                 0000000180018e40 f   libucrt:fpexcept.obj
 0001:00017e68       _raise_exc_ex              0000000180018e68 f   libucrt:fpexcept.obj
 0001:00018170       _raise_excf                0000000180019170 f   libucrt:fpexcept.obj
 0001:0001819c       _set_errno_from_matherr    000000018001919c f   libucrt:fpexcept.obj
 0001:000181cc       _clrfp                     00000001800191cc f   libucrt:fpctrl.obj
 0001:000181ec       _ctrlfp                    00000001800191ec f   libucrt:fpctrl.obj
 0001:00018268       _set_statfp                0000000180019268 f   libucrt:fpctrl.obj
 0001:00018288       _statfp                    0000000180019288 f   libucrt:fpctrl.obj
 0001:00018299       IsProcessorFeaturePresent  0000000180019299 f   kernel32:KERNEL32.dll
 0001:0001829f       RtlUnwindEx                000000018001929f f   kernel32:KERNEL32.dll
 0001:000182a8       ?DloadAcquireSectionWriteAccess@@YAXXZ 00000001800192a8 f i DelayImp:delayhlp.obj
 0001:00018354       ?DloadGetSRWLockFunctionPointers@@YAEXZ 0000000180019354 f i DelayImp:delayhlp.obj
 0001:000183f0       ?DloadMakePermanentImageCommit@@YAXPEAX_K@Z 00000001800193f0 f i DelayImp:delayhlp.obj
 0001:00018488       ?DloadObtainSection@@YAPEAXPEAK0@Z 0000000180019488 f i DelayImp:delayhlp.obj
 0001:00018524       ?DloadProtectSection@@YAXKPEAK@Z 0000000180019524 f i DelayImp:delayhlp.obj
 0001:000185b4       ?DloadReleaseSectionWriteAccess@@YAXXZ 00000001800195b4 f i DelayImp:delayhlp.obj
 0001:00018648       __delayLoadHelper2         0000000180019648 f   DelayImp:delayhlp.obj
 0001:00018910       _FindPESection             0000000180019910 f   LIBCMT:pesect.obj
 0001:00018960       _IsNonwritableInCurrentImage 0000000180019960 f   LIBCMT:pesect.obj
 0001:000189b0       _ValidateImageBase         00000001800199b0 f   LIBCMT:pesect.obj
 0001:000189e0       __GSHandlerCheck           00000001800199e0 f   LIBCMT:_gshandler_.obj
 0001:00018a00       __GSHandlerCheckCommon     0000000180019a00 f   LIBCMT:_gshandler_.obj
 0001:00018a70       _alloca_probe              0000000180019a70 f   LIBCMT:_chkstk_.obj
 0001:00018a70       __chkstk                   0000000180019a70 f   LIBCMT:_chkstk_.obj
 0001:00018ac4       strrchr                    0000000180019ac4 f   libvcruntime:strrchr.obj
 0001:00018c20       memcmp                     0000000180019c20 f   libvcruntime:memcmp.obj
 0001:00018ce8       acosf                      0000000180019ce8 f   libucrt:acosf.obj
 0001:00018f50       cosf                       0000000180019f50 f   libucrt:cosf.obj
 0001:00019450       floorf                     000000018001a450 f   libucrt:floorf.obj
 0001:000194e0       sinf                       000000018001a4e0 f   libucrt:sinf.obj
 0001:00019bd8       sqrtf                      000000018001abd8 f   libucrt:sqrtf.obj
 0001:00019c90       __remainder_piby2d2f_forAsm 000000018001ac90 f   libucrt:remainder_piby2f_forasm.obj
 0001:00019de0       __remainder_piby2_fma3     000000018001ade0 f   libucrt:remainder_piby2_forfma3.obj
 0001:00019fd0       __remainder_piby2_fma3_bdl 000000018001afd0 f   libucrt:remainder_piby2_forfma3.obj
 0001:0001a048       _cosf_special              000000018001b048 f   libucrt:sincos_special.obj
 0001:0001a0e8       _sinf_special              000000018001b0e8 f   libucrt:sincos_special.obj
 0001:0001a100       __remainder_piby2d2f_forC  000000018001b100 f   libucrt:remainder_piby2f_forc.obj
 0001:0001a2a0       _guard_dispatch_icall_nop  000000018001b2a0 f   LIBCMT:_guard_dispatch_.obj
 0002:00000000       __imp_GetModuleHandleA     000000018001c000     kernel32:KERNEL32.dll
 0002:00000008       __imp_VirtualQuery         000000018001c008     kernel32:KERNEL32.dll
 0002:00000010       __imp_RtlCaptureContext    000000018001c010     kernel32:KERNEL32.dll
 0002:00000018       __imp_RtlLookupFunctionEntry 000000018001c018     kernel32:KERNEL32.dll
 0002:00000020       __imp_RtlVirtualUnwind     000000018001c020     kernel32:KERNEL32.dll
 0002:00000028       __imp_UnhandledExceptionFilter 000000018001c028     kernel32:KERNEL32.dll
 0002:00000030       __imp_SetUnhandledExceptionFilter 000000018001c030     kernel32:KERNEL32.dll
 0002:00000038       __imp_GetCurrentProcess    000000018001c038     kernel32:KERNEL32.dll
 0002:00000040       __imp_TerminateProcess     000000018001c040     kernel32:KERNEL32.dll
 0002:00000048       __imp_IsProcessorFeaturePresent 000000018001c048     kernel32:KERNEL32.dll
 0002:00000050       __imp_QueryPerformanceCounter 000000018001c050     kernel32:KERNEL32.dll
 0002:00000058       __imp_GetCurrentProcessId  000000018001c058     kernel32:KERNEL32.dll
 0002:00000060       __imp_GetCurrentThreadId   000000018001c060     kernel32:KERNEL32.dll
 0002:00000068       __imp_GetSystemTimeAsFileTime 000000018001c068     kernel32:KERNEL32.dll
 0002:00000070       __imp_InitializeSListHead  000000018001c070     kernel32:KERNEL32.dll
 0002:00000078       __imp_IsDebuggerPresent    000000018001c078     kernel32:KERNEL32.dll
 0002:00000080       __imp_GetStartupInfoW      000000018001c080     kernel32:KERNEL32.dll
 0002:00000088       __imp_GetModuleHandleW     000000018001c088     kernel32:KERNEL32.dll
 0002:00000090       __imp_RtlPcToFileHeader    000000018001c090     kernel32:KERNEL32.dll
 0002:00000098       __imp_RaiseException       000000018001c098     kernel32:KERNEL32.dll
 0002:000000a0       __imp_RtlUnwindEx          000000018001c0a0     kernel32:KERNEL32.dll
 0002:000000a8       __imp_InterlockedFlushSList 000000018001c0a8     kernel32:KERNEL32.dll
 0002:000000b0       __imp_GetLastError         000000018001c0b0     kernel32:KERNEL32.dll
 0002:000000b8       __imp_SetLastError         000000018001c0b8     kernel32:KERNEL32.dll
 0002:000000c0       __imp_EnterCriticalSection 000000018001c0c0     kernel32:KERNEL32.dll
 0002:000000c8       __imp_LeaveCriticalSection 000000018001c0c8     kernel32:KERNEL32.dll
 0002:000000d0       __imp_DeleteCriticalSection 000000018001c0d0     kernel32:KERNEL32.dll
 0002:000000d8       __imp_InitializeCriticalSectionAndSpinCount 000000018001c0d8     kernel32:KERNEL32.dll
 0002:000000e0       __imp_TlsAlloc             000000018001c0e0     kernel32:KERNEL32.dll
 0002:000000e8       __imp_TlsGetValue          000000018001c0e8     kernel32:KERNEL32.dll
 0002:000000f0       __imp_TlsSetValue          000000018001c0f0     kernel32:KERNEL32.dll
 0002:000000f8       __imp_TlsFree              000000018001c0f8     kernel32:KERNEL32.dll
 0002:00000100       __imp_FreeLibrary          000000018001c100     kernel32:KERNEL32.dll
 0002:00000108       __imp_GetProcAddress       000000018001c108     kernel32:KERNEL32.dll
 0002:00000110       __imp_LoadLibraryExW       000000018001c110     kernel32:KERNEL32.dll
 0002:00000118       __imp_GetStdHandle         000000018001c118     kernel32:KERNEL32.dll
 0002:00000120       __imp_GetFileType          000000018001c120     kernel32:KERNEL32.dll
 0002:00000128       __imp_GetModuleFileNameA   000000018001c128     kernel32:KERNEL32.dll
 0002:00000130       __imp_GetModuleFileNameW   000000018001c130     kernel32:KERNEL32.dll
 0002:00000138       __imp_GetModuleHandleExW   000000018001c138     kernel32:KERNEL32.dll
 0002:00000140       __imp_WriteConsoleW        000000018001c140     kernel32:KERNEL32.dll
 0002:00000148       __imp_ExitProcess          000000018001c148     kernel32:KERNEL32.dll
 0002:00000150       __imp_MultiByteToWideChar  000000018001c150     kernel32:KERNEL32.dll
 0002:00000158       __imp_WideCharToMultiByte  000000018001c158     kernel32:KERNEL32.dll
 0002:00000160       __imp_HeapAlloc            000000018001c160     kernel32:KERNEL32.dll
 0002:00000168       __imp_HeapFree             000000018001c168     kernel32:KERNEL32.dll
 0002:00000170       __imp_OutputDebugStringW   000000018001c170     kernel32:KERNEL32.dll
 0002:00000178       __imp_LCMapStringW         000000018001c178     kernel32:KERNEL32.dll
 0002:00000180       __imp_GetACP               000000018001c180     kernel32:KERNEL32.dll
 0002:00000188       __imp_WriteFile            000000018001c188     kernel32:KERNEL32.dll
 0002:00000190       __imp_FindClose            000000018001c190     kernel32:KERNEL32.dll
 0002:00000198       __imp_FindFirstFileExA     000000018001c198     kernel32:KERNEL32.dll
 0002:000001a0       __imp_FindNextFileA        000000018001c1a0     kernel32:KERNEL32.dll
 0002:000001a8       __imp_IsValidCodePage      000000018001c1a8     kernel32:KERNEL32.dll
 0002:000001b0       __imp_GetOEMCP             000000018001c1b0     kernel32:KERNEL32.dll
 0002:000001b8       __imp_GetCPInfo            000000018001c1b8     kernel32:KERNEL32.dll
 0002:000001c0       __imp_GetCommandLineA      000000018001c1c0     kernel32:KERNEL32.dll
 0002:000001c8       __imp_GetCommandLineW      000000018001c1c8     kernel32:KERNEL32.dll
 0002:000001d0       __imp_GetEnvironmentStringsW 000000018001c1d0     kernel32:KERNEL32.dll
 0002:000001d8       __imp_FreeEnvironmentStringsW 000000018001c1d8     kernel32:KERNEL32.dll
 0002:000001e0       __imp_GetProcessHeap       000000018001c1e0     kernel32:KERNEL32.dll
 0002:000001e8       __imp_GetConsoleCP         000000018001c1e8     kernel32:KERNEL32.dll
 0002:000001f0       __imp_GetConsoleMode       000000018001c1f0     kernel32:KERNEL32.dll
 0002:000001f8       __imp_SetFilePointerEx     000000018001c1f8     kernel32:KERNEL32.dll
 0002:00000200       __imp_SetStdHandle         000000018001c200     kernel32:KERNEL32.dll
 0002:00000208       __imp_FlushFileBuffers     000000018001c208     kernel32:KERNEL32.dll
 0002:00000210       __imp_GetStringTypeW       000000018001c210     kernel32:KERNEL32.dll
 0002:00000218       __imp_HeapSize             000000018001c218     kernel32:KERNEL32.dll
 0002:00000220       __imp_HeapReAlloc          000000018001c220     kernel32:KERNEL32.dll
 0002:00000228       __imp_CloseHandle          000000018001c228     kernel32:KERNEL32.dll
 0002:00000230       __imp_CreateFileW          000000018001c230     kernel32:KERNEL32.dll
 0002:00000238       __imp_GetSystemInfo        000000018001c238     kernel32:KERNEL32.dll
 0002:00000240       __imp_VirtualProtect       000000018001c240     kernel32:KERNEL32.dll
 0002:00000248       __imp_LoadLibraryExA       000000018001c248     kernel32:KERNEL32.dll
 0002:00000250       \177KERNEL32_NULL_THUNK_DATA 000000018001c250     kernel32:KERNEL32.dll
 0002:00000258       __guard_check_icall_fptr   000000018001c258     LIBCMT:guard_support.obj
 0002:00000260       __guard_dispatch_icall_fptr 000000018001c260     LIBCMT:guard_support.obj
 0002:00000268       __xc_a                     000000018001c268     LIBCMT:initializers.obj
 0002:000002a8       _register_an_              000000018001c2a8     node_module.obj
 0002:000002b0       __xc_z                     000000018001c2b0     LIBCMT:initializers.obj
 0002:000002b8       __xi_a                     000000018001c2b8     LIBCMT:initializers.obj
 0002:000002c0       __acrt_stdio_initializer   000000018001c2c0     libucrt:stdio_initializer.obj
 0002:000002c8       __acrt_multibyte_initializer 000000018001c2c8     libucrt:multibyte_initializer.obj
 0002:000002d0       __acrt_tran_fma3_initializer 000000018001c2d0     libucrt:fma3_initializer.obj
 0002:000002d8       __xi_z                     000000018001c2d8     LIBCMT:initializers.obj
 0002:000002e0       __xp_a                     000000018001c2e0     LIBCMT:initializers.obj
 0002:000002e8       __acrt_locale_terminator   000000018001c2e8     libucrt:locale_initializer.obj
 0002:000002f0       __dcrt_console_output_terminator 000000018001c2f0     libucrt:console_output_initializer.obj
 0002:000002f8       __acrt_stdio_terminator    000000018001c2f8     libucrt:stdio_initializer.obj
 0002:00000300       __xp_z                     000000018001c300     LIBCMT:initializers.obj
 0002:00000308       __xt_a                     000000018001c308     LIBCMT:initializers.obj
 0002:00000310       __xt_z                     000000018001c310     LIBCMT:initializers.obj
 0002:00000320       __sz_node_exe              000000018001c320     node:node.exe
 0002:00000338       ??_7exception@std@@6B@     000000018001c338     libcpmt:xthrow.obj
 0002:00000348       ??_C@_0BC@EOODALEL@Unknown?5exception?$AA@ 000000018001c348     libcpmt:xthrow.obj
 0002:00000368       ??_7bad_alloc@std@@6B@     000000018001c368     libcpmt:xthrow.obj
 0002:00000378       ??_C@_0P@GHFPNOJB@bad?5allocation?$AA@ 000000018001c378     libcpmt:xthrow.obj
 0002:00000390       ??_7logic_error@std@@6B@   000000018001c390     libcpmt:xthrow.obj
 0002:000003a8       ??_7length_error@std@@6B@  000000018001c3a8     libcpmt:xthrow.obj
 0002:000003b8       _pDefaultRawDllMain        000000018001c3b8     LIBCMT:dll_dllmain.obj
 0002:000003b8       _pRawDllMain               000000018001c3b8     LIBCMT:dll_dllmain.obj
 0002:000003c8       ??_7type_info@@6B@         000000018001c3c8     LIBCMT:std_type_info_static.obj
 0002:000003e8       ??_7bad_array_new_length@std@@6B@ 000000018001c3e8     LIBCMT:throw_bad_alloc.obj
 0002:000003f8       ??_C@_0BF@KINCDENJ@bad?5array?5new?5length?$AA@ 000000018001c3f8     LIBCMT:throw_bad_alloc.obj
 0002:00000780       ??_C@_08EHJDFFNH@__based?$CI?$AA@ 000000018001c780     libvcruntime:undname.obj
 0002:00000790       ??_C@_07KOLFKCDI@__cdecl?$AA@ 000000018001c790     libvcruntime:undname.obj
 0002:00000798       ??_C@_08GHMPAG@__pascal?$AA@ 000000018001c798     libvcruntime:undname.obj
 0002:000007a8       ??_C@_09IFJBGAPI@__stdcall?$AA@ 000000018001c7a8     libvcruntime:undname.obj
 0002:000007b8       ??_C@_0L@NPHFGOKO@__thiscall?$AA@ 000000018001c7b8     libvcruntime:undname.obj
 0002:000007c8       ??_C@_0L@JMKHOMEK@__fastcall?$AA@ 000000018001c7c8     libvcruntime:undname.obj
 0002:000007d8       ??_C@_0N@BCKKPABJ@__vectorcall?$AA@ 000000018001c7d8     libvcruntime:undname.obj
 0002:000007e8       ??_C@_09HIJEGCPM@__clrcall?$AA@ 000000018001c7e8     libvcruntime:undname.obj
 0002:000007f4       ??_C@_06GHPCKEAG@__eabi?$AA@ 000000018001c7f4     libvcruntime:undname.obj
 0002:00000800       ??_C@_07EECFKIPL@__swift?$AA@ 000000018001c800     libvcruntime:undname.obj
 0002:00000808       ??_C@_07JOMMBBKO@__ptr64?$AA@ 000000018001c808     libvcruntime:undname.obj
 0002:00000810       ??_C@_0L@PILCLIHE@__restrict?$AA@ 000000018001c810     libvcruntime:undname.obj
 0002:00000820       ??_C@_0M@GFIIJFMG@__unaligned?$AA@ 000000018001c820     libvcruntime:undname.obj
 0002:00000830       ??_C@_09DHDLOLLB@restrict?$CI?$AA@ 000000018001c830     libvcruntime:undname.obj
 0002:0000083a       ??_C@_00CNPNBAHC@?$AA@     000000018001c83a     libvcruntime:undname.obj
 0002:0000083c       ??_C@_04NIHEBCM@?5new?$AA@ 000000018001c83c     libvcruntime:undname.obj
 0002:00000848       ??_C@_07FPCDHGMM@?5delete?$AA@ 000000018001c848     libvcruntime:undname.obj
 0002:00000850       ??_C@_01NEMOKFLO@?$DN?$AA@ 000000018001c850     libvcruntime:undname.obj
 0002:00000854       ??_C@_02GPIOPFAK@?$DO?$DO?$AA@ 000000018001c854     libvcruntime:undname.obj
 0002:00000858       ??_C@_02FODMEDOG@?$DM?$DM?$AA@ 000000018001c858     libvcruntime:undname.obj
 0002:0000085c       ??_C@_01DCLJPIOD@?$CB?$AA@ 000000018001c85c     libvcruntime:undname.obj
 0002:00000860       ??_C@_02EGOFBIJA@?$DN?$DN?$AA@ 000000018001c860     libvcruntime:undname.obj
 0002:00000864       ??_C@_02FDNJECIE@?$CB?$DN?$AA@ 000000018001c864     libvcruntime:undname.obj
 0002:00000868       ??_C@_02GPECMEKF@?$FL?$FN?$AA@ 000000018001c868     libvcruntime:undname.obj
 0002:00000870       ??_C@_08LHJFAFGD@operator?$AA@ 000000018001c870     libvcruntime:undname.obj
 0002:0000087c       ??_C@_02HBOOOICD@?9?$DO?$AA@ 000000018001c87c     libvcruntime:undname.obj
 0002:00000880       ??_C@_01NBENCBCI@?$CK?$AA@ 000000018001c880     libvcruntime:undname.obj
 0002:00000884       ??_C@_02ECNGHCIF@?$CL?$CL?$AA@ 000000018001c884     libvcruntime:undname.obj
 0002:00000888       ??_C@_02BAABKJLB@?9?9?$AA@ 000000018001c888     libvcruntime:undname.obj
 0002:0000088c       ??_C@_01JOAMLHOP@?9?$AA@   000000018001c88c     libvcruntime:undname.obj
 0002:00000890       ??_C@_01MIFGBAGJ@?$CL?$AA@ 000000018001c890     libvcruntime:undname.obj
 0002:00000894       ??_C@_01HNPIGOCE@?$CG?$AA@ 000000018001c894     libvcruntime:undname.obj
 0002:00000898       ??_C@_03MNHNFDLC@?9?$DO?$CK?$AA@ 000000018001c898     libvcruntime:undname.obj
 0002:0000089c       ??_C@_01KMDKNFGN@?1?$AA@   000000018001c89c     libvcruntime:undname.obj
 0002:000008a0       ??_C@_01FGNFDNOH@?$CF?$AA@ 000000018001c8a0     libvcruntime:undname.obj
 0002:000008a4       ??_C@_01MNNFJEPP@?$DM?$AA@ 000000018001c8a4     libvcruntime:undname.obj
 0002:000008a8       ??_C@_02EHCHHCKH@?$DM?$DN?$AA@ 000000018001c8a8     libvcruntime:undname.obj
 0002:000008ac       ??_C@_01PPODPGHN@?$DO?$AA@ 000000018001c8ac     libvcruntime:undname.obj
 0002:000008b0       ??_C@_02EEKDKGMJ@?$DO?$DN?$AA@ 000000018001c8b0     libvcruntime:undname.obj
 0002:000008b4       ??_C@_01IHBHIGKO@?0?$AA@   000000018001c8b4     libvcruntime:undname.obj
 0002:000008b8       ??_C@_02HCKGKOFO@?$CI?$CJ?$AA@ 000000018001c8b8     libvcruntime:undname.obj
 0002:000008bc       ??_C@_01PJKLJHI@?$HO?$AA@  000000018001c8bc     libvcruntime:undname.obj
 0002:000008c0       ??_C@_01JKBOJNNK@?$FO?$AA@ 000000018001c8c0     libvcruntime:undname.obj
 0002:000008c4       ??_C@_01DNKMNLPK@?$HM?$AA@ 000000018001c8c4     libvcruntime:undname.obj
 0002:000008c8       ??_C@_02PPKAJPJL@?$CG?$CG?$AA@ 000000018001c8c8     libvcruntime:undname.obj
 0002:000008cc       ??_C@_02NONPIBCD@?$HM?$HM?$AA@ 000000018001c8cc     libvcruntime:undname.obj
 0002:000008d0       ??_C@_02FPIMKNGF@?$CK?$DN?$AA@ 000000018001c8d0     libvcruntime:undname.obj
 0002:000008d4       ??_C@_02FOEOMHFC@?$CL?$DN?$AA@ 000000018001c8d4     libvcruntime:undname.obj
 0002:000008d8       ??_C@_02FKMDLLOA@?9?$DN?$AA@ 000000018001c8d8     libvcruntime:undname.obj
 0002:000008dc       ??_C@_02FJEHGPIO@?1?$DN?$AA@ 000000018001c8dc     libvcruntime:undname.obj
 0002:000008e0       ??_C@_02FENAOKFI@?$CF?$DN?$AA@ 000000018001c8e0     libvcruntime:undname.obj
 0002:000008e4       ??_C@_03IKFCCPFF@?$DO?$DO?$DN?$AA@ 000000018001c8e4     libvcruntime:undname.obj
 0002:000008e8       ??_C@_03CDNPDDLA@?$DM?$DM?$DN?$AA@ 000000018001c8e8     libvcruntime:undname.obj
 0002:000008ec       ??_C@_02FGJGFEAB@?$CG?$DN?$AA@ 000000018001c8ec     libvcruntime:undname.obj
 0002:000008f0       ??_C@_02DHLNPPGH@?$HM?$DN?$AA@ 000000018001c8f0     libvcruntime:undname.obj
 0002:000008f4       ??_C@_02MHEGNOJ@?$FO?$DN?$AA@ 000000018001c8f4     libvcruntime:undname.obj
 0002:000008f8       ??_C@_09IFPLHPGF@?$GAvftable?8?$AA@ 000000018001c8f8     libvcruntime:undname.obj
 0002:00000908       ??_C@_09BLBHBJP@?$GAvbtable?8?$AA@ 000000018001c908     libvcruntime:undname.obj
 0002:00000918       ??_C@_07FEEIOKP@?$GAvcall?8?$AA@ 000000018001c918     libvcruntime:undname.obj
 0002:00000920       ??_C@_08LLFFHHDJ@?$GAtypeof?8?$AA@ 000000018001c920     libvcruntime:undname.obj
 0002:00000930       ??_C@_0BF@KDPPACIK@?$GAlocal?5static?5guard?8?$AA@ 000000018001c930     libvcruntime:undname.obj
 0002:00000948       ??_C@_08OBABFOLI@?$GAstring?8?$AA@ 000000018001c948     libvcruntime:undname.obj
 0002:00000958       ??_C@_0BD@JDLKDPAB@?$GAvbase?5destructor?8?$AA@ 000000018001c958     libvcruntime:undname.obj
 0002:00000970       ??_C@_0BN@DEGPLNFK@?$GAvector?5deleting?5destructor?8?$AA@ 000000018001c970     libvcruntime:undname.obj
 0002:00000990       ??_C@_0BO@OBMKPJIG@?$GAdefault?5constructor?5closure?8?$AA@ 000000018001c990     libvcruntime:undname.obj
 0002:000009b0       ??_C@_0BN@IMDCHIKM@?$GAscalar?5deleting?5destructor?8?$AA@ 000000018001c9b0     libvcruntime:undname.obj
 0002:000009d0       ??_C@_0BO@PFGOCPJJ@?$GAvector?5constructor?5iterator?8?$AA@ 000000018001c9d0     libvcruntime:undname.obj
 0002:000009f0       ??_C@_0BN@LFPFMEDL@?$GAvector?5destructor?5iterator?8?$AA@ 000000018001c9f0     libvcruntime:undname.obj
 0002:00000a10       ??_C@_0CE@IKBNEHA@?$GAvector?5vbase?5constructor?5iterat@ 000000018001ca10     libvcruntime:undname.obj
 0002:00000a38       ??_C@_0BL@NILFHHPC@?$GAvirtual?5displacement?5map?8?$AA@ 000000018001ca38     libvcruntime:undname.obj
 0002:00000a58       ??_C@_0CB@JONCMFFK@?$GAeh?5vector?5constructor?5iterator?8@ 000000018001ca58     libvcruntime:undname.obj
 0002:00000a80       ??_C@_0CA@GCEOPDGL@?$GAeh?5vector?5destructor?5iterator?8?$AA@ 000000018001ca80     libvcruntime:undname.obj
 0002:00000aa0       ??_C@_0CH@OOJPLCPH@?$GAeh?5vector?5vbase?5constructor?5ite@ 000000018001caa0     libvcruntime:undname.obj
 0002:00000ac8       ??_C@_0BL@LLKPOHJI@?$GAcopy?5constructor?5closure?8?$AA@ 000000018001cac8     libvcruntime:undname.obj
 0002:00000ae8       ??_C@_0BA@KBCDOMBN@?$GAudt?5returning?8?$AA@ 000000018001cae8     libvcruntime:undname.obj
 0002:00000af8       ??_C@_03KLGMFNMG@?$GAEH?$AA@ 000000018001caf8     libvcruntime:undname.obj
 0002:00000afc       ??_C@_05KHLCHHI@?$GARTTI?$AA@ 000000018001cafc     libvcruntime:undname.obj
 0002:00000b08       ??_C@_0BA@KKLDJDLB@?$GAlocal?5vftable?8?$AA@ 000000018001cb08     libvcruntime:undname.obj
 0002:00000b18       ??_C@_0CE@IIHCMGGL@?$GAlocal?5vftable?5constructor?5closu@ 000000018001cb18     libvcruntime:undname.obj
 0002:00000b3c       ??_C@_06FHBGPFGH@?5new?$FL?$FN?$AA@ 000000018001cb3c     libvcruntime:undname.obj
 0002:00000b48       ??_C@_09LBNFPBCA@?5delete?$FL?$FN?$AA@ 000000018001cb48     libvcruntime:undname.obj
 0002:00000b58       ??_C@_0P@HJKNJFNN@?$GAomni?5callsig?8?$AA@ 000000018001cb58     libvcruntime:undname.obj
 0002:00000b68       ??_C@_0BL@CNOONJFP@?$GAplacement?5delete?5closure?8?$AA@ 000000018001cb68     libvcruntime:undname.obj
 0002:00000b88       ??_C@_0BN@CKNJLHMB@?$GAplacement?5delete?$FL?$FN?5closure?8?$AA@ 000000018001cb88     libvcruntime:undname.obj
 0002:00000ba8       ??_C@_0CG@CFDHKGGD@?$GAmanaged?5vector?5constructor?5iter@ 000000018001cba8     libvcruntime:undname.obj
 0002:00000bd0       ??_C@_0CF@IMGKMJNO@?$GAmanaged?5vector?5destructor?5itera@ 000000018001cbd0     libvcruntime:undname.obj
 0002:00000bf8       ??_C@_0CG@HLDDJMAG@?$GAeh?5vector?5copy?5constructor?5iter@ 000000018001cbf8     libvcruntime:undname.obj
 0002:00000c20       ??_C@_0CM@FCBBDIGB@?$GAeh?5vector?5vbase?5copy?5constructo@ 000000018001cc20     libvcruntime:undname.obj
 0002:00000c50       ??_C@_0BL@CLIPGLGB@?$GAdynamic?5initializer?5for?5?8?$AA@ 000000018001cc50     libvcruntime:undname.obj
 0002:00000c70       ??_C@_0CB@PDBIFEP@?$GAdynamic?5atexit?5destructor?5for?5?8@ 000000018001cc70     libvcruntime:undname.obj
 0002:00000c98       ??_C@_0CD@CGAJBKEJ@?$GAvector?5copy?5constructor?5iterato@ 000000018001cc98     libvcruntime:undname.obj
 0002:00000cc0       ??_C@_0CJ@GJELGAMM@?$GAvector?5vbase?5copy?5constructor?5i@ 000000018001ccc0     libvcruntime:undname.obj
 0002:00000cf0       ??_C@_0CL@FGIJHLCE@?$GAmanaged?5vector?5copy?5constructor@ 000000018001ccf0     libvcruntime:undname.obj
 0002:00000d20       ??_C@_0BM@PMGGMLDN@?$GAlocal?5static?5thread?5guard?8?$AA@ 000000018001cd20     libvcruntime:undname.obj
 0002:00000d40       ??_C@_0N@BDNMDMOL@operator?5?$CC?$CC?5?$AA@ 000000018001cd40     libvcruntime:undname.obj
 0002:00000d50       ??_C@_0BC@GGEBGALA@operator?5co_await?$AA@ 000000018001cd50     libvcruntime:undname.obj
 0002:00000d68       ??_C@_0BC@DAFEJGAK@?5Type?5Descriptor?8?$AA@ 000000018001cd68     libvcruntime:undname.obj
 0002:00000d80       ??_C@_0BM@LDKODKLH@?5Base?5Class?5Descriptor?5at?5?$CI?$AA@ 000000018001cd80     libvcruntime:undname.obj
 0002:00000da0       ??_C@_0BD@LGICGFMM@?5Base?5Class?5Array?8?$AA@ 000000018001cda0     libvcruntime:undname.obj
 0002:00000db8       ??_C@_0BN@MECKDCOJ@?5Class?5Hierarchy?5Descriptor?8?$AA@ 000000018001cdb8     libvcruntime:undname.obj
 0002:00000dd8       ??_C@_0BK@CFCOFLF@?5Complete?5Object?5Locator?8?$AA@ 000000018001cdd8     libvcruntime:undname.obj
 0002:00000e10       ??_C@_1DM@KHCHBNEB@?$AAa?$AAp?$AAi?$AA?9?$AAm?$AAs?$AA?9?$AAw?$AAi?$AAn?$AA?9?$AAc?$AAo?$AAr?$AAe?$AA?9?$AAf?$AAi?$AAb?$AAe?$AAr?$AAs?$AA?9?$AAl?$AA1?$AA?9?$AA1?$AA?9?$AA1?$AA?$AA@ 000000018001ce10     libvcruntime:winapi_downlevel.obj
 0002:00000e50       ??_C@_1DK@LPPGFMPP@?$AAa?$AAp?$AAi?$AA?9?$AAm?$AAs?$AA?9?$AAw?$AAi?$AAn?$AA?9?$AAc?$AAo?$AAr?$AAe?$AA?9?$AAs?$AAy?$AAn?$AAc?$AAh?$AA?9?$AAl?$AA1?$AA?9?$AA2?$AA?9?$AA0?$AA?$AA@ 000000018001ce50     libvcruntime:winapi_downlevel.obj
 0002:00000e90       ??_C@_1BC@GDMECMAK@?$AAk?$AAe?$AAr?$AAn?$AAe?$AAl?$AA3?$AA2?$AA?$AA@ 000000018001ce90     libvcruntime:winapi_downlevel.obj
 0002:00000ea8       ??_C@_1BA@PFFKHIOG@?$AAa?$AAp?$AAi?$AA?9?$AAm?$AAs?$AA?9?$AA?$AA@ 000000018001cea8     libvcruntime:winapi_downlevel.obj
 0002:00000eb8       ??_C@_1BA@IAIFMGEF@?$AAe?$AAx?$AAt?$AA?9?$AAm?$AAs?$AA?9?$AA?$AA@ 000000018001ceb8     libvcruntime:winapi_downlevel.obj
 0002:00000ed0       ??_C@_08KNHFBNJ@FlsAlloc?$AA@ 000000018001ced0     libvcruntime:winapi_downlevel.obj
 0002:00000ee8       ??_C@_07PEJMOBNF@FlsFree?$AA@ 000000018001cee8     libvcruntime:winapi_downlevel.obj
 0002:00000ef8       ??_C@_0M@GDNOONDI@FlsGetValue?$AA@ 000000018001cef8     libvcruntime:winapi_downlevel.obj
 0002:00000f10       ??_C@_0M@JCPCPOEF@FlsSetValue?$AA@ 000000018001cf10     libvcruntime:winapi_downlevel.obj
 0002:00000f28       ??_C@_0BM@HCFOFFN@InitializeCriticalSectionEx?$AA@ 000000018001cf28     libvcruntime:winapi_downlevel.obj
 0002:00000f48       _pDestructExceptionObject  000000018001cf48     libvcruntime:ehhelpers.obj
 0002:00000f50       standard_lookup_table      000000018001cf50     libucrt:output.obj
 0002:00000fb0       ??_C@_1O@CEDCILHN@?$AA?$CI?$AAn?$AAu?$AAl?$AAl?$AA?$CJ?$AA?$AA@ 000000018001cfb0     libucrt:output.obj
 0002:00000fc0       ??_C@_06OJHGLDPL@?$CInull?$CJ?$AA@ 000000018001cfc0     libucrt:output.obj
 0002:00000fd0       ??_C@_1FE@LHBLIKM@?$AAA?$AAs?$AAs?$AAe?$AAr?$AAt?$AAi?$AAo?$AAn?$AA?5?$AAf?$AAa?$AAi?$AAl?$AAe?$AAd?$AA?3?$AA?5?$AA?$CF?$AAT?$AAs?$AA?0?$AA?5?$AAf?$AAi?$AAl?$AAe?$AA?5?$AA?$CF?$AAT?$AAs?$AA?0@ 000000018001cfd0     libucrt:assert.obj
 0002:00001030       ??_C@_1EK@MBDPDCGA@?$AAM?$AAi?$AAc?$AAr?$AAo?$AAs?$AAo?$AAf?$AAt?$AA?5?$AAV?$AAi?$AAs?$AAu?$AAa?$AAl?$AA?5?$AAC?$AA?$CL?$AA?$CL?$AA?5?$AAR?$AAu?$AAn?$AAt?$AAi?$AAm?$AAe?$AA?5?$AAL?$AAi?$AAb@ 000000018001d030     libucrt:assert.obj
 0002:00001080       ??_C@_1CE@OJBNHDMO@?$AAA?$AAs?$AAs?$AAe?$AAr?$AAt?$AAi?$AAo?$AAn?$AA?5?$AAf?$AAa?$AAi?$AAl?$AAe?$AAd?$AA?$CB?$AA?$AA@ 000000018001d080     libucrt:assert.obj
 0002:000010a8       ??_C@_1BE@PHKBBGE@?$AAP?$AAr?$AAo?$AAg?$AAr?$AAa?$AAm?$AA?3?$AA?5?$AA?$AA@ 000000018001d0a8     libucrt:assert.obj
 0002:000010c0       ??_C@_1O@HEMHKNDC@?$AAF?$AAi?$AAl?$AAe?$AA?3?$AA?5?$AA?$AA@ 000000018001d0c0     libucrt:assert.obj
 0002:000010d0       ??_C@_1O@KCAFKHJE@?$AAL?$AAi?$AAn?$AAe?$AA?3?$AA?5?$AA?$AA@ 000000018001d0d0     libucrt:assert.obj
 0002:000010e0       ??_C@_1BK@PEDCIPMA@?$AAE?$AAx?$AAp?$AAr?$AAe?$AAs?$AAs?$AAi?$AAo?$AAn?$AA?3?$AA?5?$AA?$AA@ 000000018001d0e0     libucrt:assert.obj
 0002:00001100       ??_C@_1OA@EGMLFBHJ@?$AAF?$AAo?$AAr?$AA?5?$AAi?$AAn?$AAf?$AAo?$AAr?$AAm?$AAa?$AAt?$AAi?$AAo?$AAn?$AA?5?$AAo?$AAn?$AA?5?$AAh?$AAo?$AAw?$AA?5?$AAy?$AAo?$AAu?$AAr?$AA?5?$AAp?$AAr?$AAo?$AAg@ 000000018001d100     libucrt:assert.obj
 0002:000011e0       ??_C@_1HK@POCJMFGK@?$AA?$CI?$AAP?$AAr?$AAe?$AAs?$AAs?$AA?5?$AAR?$AAe?$AAt?$AAr?$AAy?$AA?5?$AAt?$AAo?$AA?5?$AAd?$AAe?$AAb?$AAu?$AAg?$AA?5?$AAt?$AAh?$AAe?$AA?5?$AAa?$AAp?$AAp?$AAl?$AAi?$AAc@ 000000018001d1e0     libucrt:assert.obj
 0002:00001260       ??_C@_17LGKOMLJ@?$AA?4?$AA?4?$AA?4?$AA?$AA@ 000000018001d260     libucrt:assert.obj
 0002:00001268       ??_C@_13LBAGMAIH@?$AA?6?$AA?$AA@ 000000018001d268     libucrt:assert.obj
 0002:0000126c       ??_C@_15IABLJNFO@?$AA?6?$AA?6?$AA?$AA@ 000000018001d26c     libucrt:assert.obj
 0002:00001278       ??_C@_1CO@EAEJAADC@?$AA?$DM?$AAp?$AAr?$AAo?$AAg?$AAr?$AAa?$AAm?$AA?5?$AAn?$AAa?$AAm?$AAe?$AA?5?$AAu?$AAn?$AAk?$AAn?$AAo?$AAw?$AAn?$AA?$DO?$AA?$AA@ 000000018001d278     libucrt:assert.obj
 0002:000012b0       __acrt_exception_action_table 000000018001d2b0     libucrt:exception_filter.obj
 0002:00001370       __acrt_signal_action_table_count 000000018001d370     libucrt:exception_filter.obj
 0002:00001378       __acrt_signal_action_first_fpe_index 000000018001d378     libucrt:exception_filter.obj
 0002:00001380       __acrt_signal_action_fpe_count 000000018001d380     libucrt:exception_filter.obj
 0002:00001388       ??_C@_1BI@BGOHAHKC@?$AAm?$AAs?$AAc?$AAo?$AAr?$AAe?$AAe?$AA?4?$AAd?$AAl?$AAl?$AA?$AA@ 000000018001d388     libucrt:exit.obj
 0002:000013a0       ??_C@_0P@MIGLKIOC@CorExitProcess?$AA@ 000000018001d3a0     libucrt:exit.obj
 0002:000016b0       ??_C@_1EA@JGEFHKEI@?$AAa?$AAp?$AAi?$AA?9?$AAm?$AAs?$AA?9?$AAw?$AAi?$AAn?$AA?9?$AAc?$AAo?$AAr?$AAe?$AA?9?$AAd?$AAa?$AAt?$AAe?$AAt?$AAi?$AAm?$AAe?$AA?9?$AAl?$AA1?$AA?9?$AA1?$AA?9?$AA1?$AA?$AA@ 000000018001d6b0     libucrt:winapi_thunks.obj
 0002:000016f0       ??_C@_1DI@IJCEHOCB@?$AAa?$AAp?$AAi?$AA?9?$AAm?$AAs?$AA?9?$AAw?$AAi?$AAn?$AA?9?$AAc?$AAo?$AAr?$AAe?$AA?9?$AAf?$AAi?$AAl?$AAe?$AA?9?$AAl?$AA1?$AA?9?$AA2?$AA?9?$AA2?$AA?$AA@ 000000018001d6f0     libucrt:winapi_thunks.obj
 0002:00001730       ??_C@_1EI@MPIAOHOC@?$AAa?$AAp?$AAi?$AA?9?$AAm?$AAs?$AA?9?$AAw?$AAi?$AAn?$AA?9?$AAc?$AAo?$AAr?$AAe?$AA?9?$AAl?$AAo?$AAc?$AAa?$AAl?$AAi?$AAz?$AAa?$AAt?$AAi?$AAo?$AAn?$AA?9?$AAl?$AA1?$AA?9@ 000000018001d730     libucrt:winapi_thunks.obj
 0002:00001780       ??_C@_1FK@FPHCKFIE@?$AAa?$AAp?$AAi?$AA?9?$AAm?$AAs?$AA?9?$AAw?$AAi?$AAn?$AA?9?$AAc?$AAo?$AAr?$AAe?$AA?9?$AAl?$AAo?$AAc?$AAa?$AAl?$AAi?$AAz?$AAa?$AAt?$AAi?$AAo?$AAn?$AA?9?$AAo?$AAb?$AAs@ 000000018001d780     libucrt:winapi_thunks.obj
 0002:000017e0       ??_C@_1EM@DILCGIIO@?$AAa?$AAp?$AAi?$AA?9?$AAm?$AAs?$AA?9?$AAw?$AAi?$AAn?$AA?9?$AAc?$AAo?$AAr?$AAe?$AA?9?$AAp?$AAr?$AAo?$AAc?$AAe?$AAs?$AAs?$AAt?$AAh?$AAr?$AAe?$AAa?$AAd?$AAs?$AA?9?$AAl@ 000000018001d7e0     libucrt:winapi_thunks.obj
 0002:00001830       ??_C@_1DM@LNCGDDPN@?$AAa?$AAp?$AAi?$AA?9?$AAm?$AAs?$AA?9?$AAw?$AAi?$AAn?$AA?9?$AAc?$AAo?$AAr?$AAe?$AA?9?$AAs?$AAt?$AAr?$AAi?$AAn?$AAg?$AA?9?$AAl?$AA1?$AA?9?$AA1?$AA?9?$AA0?$AA?$AA@ 000000018001d830     libucrt:winapi_thunks.obj
 0002:00001870       ??_C@_1DO@FPAPJEMD@?$AAa?$AAp?$AAi?$AA?9?$AAm?$AAs?$AA?9?$AAw?$AAi?$AAn?$AA?9?$AAc?$AAo?$AAr?$AAe?$AA?9?$AAs?$AAy?$AAs?$AAi?$AAn?$AAf?$AAo?$AA?9?$AAl?$AA1?$AA?9?$AA2?$AA?9?$AA1?$AA?$AA@ 000000018001d870     libucrt:winapi_thunks.obj
 0002:000018b0       ??_C@_1DK@NDHNAHIO@?$AAa?$AAp?$AAi?$AA?9?$AAm?$AAs?$AA?9?$AAw?$AAi?$AAn?$AA?9?$AAc?$AAo?$AAr?$AAe?$AA?9?$AAw?$AAi?$AAn?$AAr?$AAt?$AA?9?$AAl?$AA1?$AA?9?$AA1?$AA?9?$AA0?$AA?$AA@ 000000018001d8b0     libucrt:winapi_thunks.obj
 0002:000018f0       ??_C@_1DM@KGHDGBCM@?$AAa?$AAp?$AAi?$AA?9?$AAm?$AAs?$AA?9?$AAw?$AAi?$AAn?$AA?9?$AAc?$AAo?$AAr?$AAe?$AA?9?$AAx?$AAs?$AAt?$AAa?$AAt?$AAe?$AA?9?$AAl?$AA2?$AA?9?$AA1?$AA?9?$AA0?$AA?$AA@ 000000018001d8f0     libucrt:winapi_thunks.obj
 0002:00001930       ??_C@_1EO@IJIOEFOH@?$AAa?$AAp?$AAi?$AA?9?$AAm?$AAs?$AA?9?$AAw?$AAi?$AAn?$AA?9?$AAr?$AAt?$AAc?$AAo?$AAr?$AAe?$AA?9?$AAn?$AAt?$AAu?$AAs?$AAe?$AAr?$AA?9?$AAw?$AAi?$AAn?$AAd?$AAo?$AAw?$AA?9@ 000000018001d930     libucrt:winapi_thunks.obj
 0002:00001980       ??_C@_1FG@HHGEKANL@?$AAa?$AAp?$AAi?$AA?9?$AAm?$AAs?$AA?9?$AAw?$AAi?$AAn?$AA?9?$AAs?$AAe?$AAc?$AAu?$AAr?$AAi?$AAt?$AAy?$AA?9?$AAs?$AAy?$AAs?$AAt?$AAe?$AAm?$AAf?$AAu?$AAn?$AAc?$AAt?$AAi@ 000000018001d980     libucrt:winapi_thunks.obj
 0002:000019e0       ??_C@_1EG@DBIOJECG@?$AAe?$AAx?$AAt?$AA?9?$AAm?$AAs?$AA?9?$AAw?$AAi?$AAn?$AA?9?$AAn?$AAt?$AAu?$AAs?$AAe?$AAr?$AA?9?$AAd?$AAi?$AAa?$AAl?$AAo?$AAg?$AAb?$AAo?$AAx?$AA?9?$AAl?$AA1?$AA?9?$AA1@ 000000018001d9e0     libucrt:winapi_thunks.obj
 0002:00001a30       ??_C@_1EO@FIHMJCLF@?$AAe?$AAx?$AAt?$AA?9?$AAm?$AAs?$AA?9?$AAw?$AAi?$AAn?$AA?9?$AAn?$AAt?$AAu?$AAs?$AAe?$AAr?$AA?9?$AAw?$AAi?$AAn?$AAd?$AAo?$AAw?$AAs?$AAt?$AAa?$AAt?$AAi?$AAo?$AAn?$AA?9@ 000000018001da30     libucrt:winapi_thunks.obj
 0002:00001a80       ??_C@_1BC@DNHGCMLG@?$AAa?$AAd?$AAv?$AAa?$AAp?$AAi?$AA3?$AA2?$AA?$AA@ 000000018001da80     libucrt:winapi_thunks.obj
 0002:00001a98       ??_C@_1M@OAIMIKLP@?$AAn?$AAt?$AAd?$AAl?$AAl?$AA?$AA@ 000000018001da98     libucrt:winapi_thunks.obj
 0002:00001ab0       ??_C@_1EG@DPGNFKGC@?$AAa?$AAp?$AAi?$AA?9?$AAm?$AAs?$AA?9?$AAw?$AAi?$AAn?$AA?9?$AAa?$AAp?$AAp?$AAm?$AAo?$AAd?$AAe?$AAl?$AA?9?$AAr?$AAu?$AAn?$AAt?$AAi?$AAm?$AAe?$AA?9?$AAl?$AA1?$AA?9?$AA1@ 000000018001dab0     libucrt:winapi_thunks.obj
 0002:00001af8       ??_C@_1O@BCCLBEOE@?$AAu?$AAs?$AAe?$AAr?$AA3?$AA2?$AA?$AA@ 000000018001daf8     libucrt:winapi_thunks.obj
 0002:00001b30       ??_C@_0BA@HNOPNCHB@GetActiveWindow?$AA@ 000000018001db30     libucrt:winapi_thunks.obj
 0002:00001b48       ??_C@_0BD@HHGDFDBJ@GetLastActivePopup?$AA@ 000000018001db48     libucrt:winapi_thunks.obj
 0002:00001b68       ??_C@_0BI@DFKBFLJE@GetProcessWindowStation?$AA@ 000000018001db68     libucrt:winapi_thunks.obj
 0002:00001b88       ??_C@_0BK@DEKFELLI@GetUserObjectInformationW?$AA@ 000000018001db88     libucrt:winapi_thunks.obj
 0002:00001bb8       ??_C@_0O@KKBNKAPF@LCMapStringEx?$AA@ 000000018001dbb8     libucrt:winapi_thunks.obj
 0002:00001bd0       ??_C@_0BB@HBDEELFH@LocaleNameToLCID?$AA@ 000000018001dbd0     libucrt:winapi_thunks.obj
 0002:00001bf0       ??_C@_0M@CHKKJDAI@MessageBoxA?$AA@ 000000018001dbf0     libucrt:winapi_thunks.obj
 0002:00001c08       ??_C@_0M@DLDCCGNP@MessageBoxW?$AA@ 000000018001dc08     libucrt:winapi_thunks.obj
 0002:00001c18       ??_C@_0CF@OJOFEIGO@AppPolicyGetProcessTerminationMe@ 000000018001dc18     libucrt:winapi_thunks.obj
 0002:00001c48       ??_C@_0CE@OICFMIKE@AppPolicyGetShowDeveloperDiagnos@ 000000018001dc48     libucrt:winapi_thunks.obj
[...]
 0004:00000e4c       $pdata$?setmbcp_internal@@YAHH_NQEAU__acrt_ptd@@QEAPEAU__crt_multibyte_data@@@Z 00000001815c8e4c     libucrt:mbctype.obj
 0004:00000e58       $pdata$?update_thread_multibyte_data_internal@@YAPEAU__crt_multibyte_data@@QEAU__acrt_ptd@@QEAPEAU1@@Z 00000001815c8e58     libucrt:mbctype.obj
 0004:00000e64       $pdata$__acrt_initialize_multibyte 00000001815c8e64     libucrt:mbctype.obj
 0004:00000e70       $pdata$__acrt_update_thread_multibyte_data 00000001815c8e70     libucrt:mbctype.obj
 0004:00000e7c       $pdata$_setmbcp_nolock     00000001815c8e7c     libucrt:mbctype.obj
 0004:00000e88       $pdata$?x_ismbbtype_l@@YAHPEAU__crt_locale_pointers@@IHH@Z 00000001815c8e88     libucrt:ismbbyte.obj
 0004:00000e94       $pdata$__acrt_initialize_command_line 00000001815c8e94     libucrt:argv_data.obj
 0004:00000ea0       $pdata$__dcrt_get_narrow_environment_from_os 00000001815c8ea0     libucrt:get_environment_from_os.obj
 0004:00000eac       $pdata$_recalloc_base      00000001815c8eac     libucrt:recalloc.obj
 0004:00000eb8       $pdata$__acrt_initialize_heap 00000001815c8eb8     libucrt:heap_handle.obj
 0004:00000ec4       $pdata$__acrt_execute_initializers 00000001815c8ec4     libucrt:shared_initialization.obj
 0004:00000ed0       $pdata$__acrt_execute_uninitializers 00000001815c8ed0     libucrt:shared_initialization.obj
 0004:00000edc       $pdata$__pctype_func       00000001815c8edc     libucrt:ctype.obj
 0004:00000ee8       $pdata$iswctype            00000001815c8ee8     libucrt:iswctype.obj
 0004:00000ef4       $pdata$_isctype_l          00000001815c8ef4     libucrt:isctype.obj
 0004:00000f00       $pdata$_isatty             00000001815c8f00     libucrt:isatty.obj
 0004:00000f0c       $pdata$?write_double_translated_ansi_nolock@@YA?AUwrite_result@?A0x17268360@@HQEBDI@Z 00000001815c8f0c     libucrt:write.obj
 0004:00000f18       $pdata$?write_text_ansi_nolock@@YA?AUwrite_result@?A0x17268360@@HQEBDI@Z 00000001815c8f18     libucrt:write.obj
 0004:00000f24       $pdata$?write_text_utf16le_nolock@@YA?AUwrite_result@?A0x17268360@@HQEBDI@Z 00000001815c8f24     libucrt:write.obj
 0004:00000f30       $pdata$?write_text_utf8_nolock@@YA?AUwrite_result@?A0x17268360@@HQEBDI@Z 00000001815c8f30     libucrt:write.obj
 0004:00000f3c       $pdata$_write              00000001815c8f3c     libucrt:write.obj
 0004:00000f48       $pdata$_write_nolock       00000001815c8f48     libucrt:write.obj
 0004:00000f54       $pdata$??$common_lseek@_J@@YA_JH_JH@Z 00000001815c8f54     libucrt:lseek.obj
 0004:00000f60       $pdata$??$common_lseek_nolock@_J@@YA_JH_JH@Z 00000001815c8f60     libucrt:lseek.obj
 0004:00000f6c       $pdata$__acrt_stdio_allocate_buffer_nolock 00000001815c8f6c     libucrt:_getbuf.obj
 0004:00000f78       $pdata$__acrt_lowio_create_handle_array 00000001815c8f78     libucrt:osfinfo.obj
 0004:00000f84       $pdata$__acrt_lowio_destroy_handle_array 00000001815c8f84     libucrt:osfinfo.obj
 0004:00000f90       $pdata$__acrt_lowio_ensure_fh_exists 00000001815c8f90     libucrt:osfinfo.obj
 0004:00000f9c       $pdata$_free_osfhnd        00000001815c8f9c     libucrt:osfinfo.obj
 0004:00000fa8       $pdata$_get_osfhandle      00000001815c8fa8     libucrt:osfinfo.obj
 0004:00000fb4       $pdata$?GetTableIndexFromLocaleName@@YAHPEB_W@Z 00000001815c8fb4     libucrt:lcidtoname_downlevel.obj
 0004:00000fc0       $pdata$__acrt_DownlevelLocaleNameToLCID 00000001815c8fc0     libucrt:lcidtoname_downlevel.obj
 0004:00000fcc       $pdata$_fclose_nolock      00000001815c8fcc     libucrt:fclose.obj
 0004:00000fd8       $pdata$fclose              00000001815c8fd8     libucrt:fclose.obj
 0004:00000fe4       $pdata$??$?RV<lambda_a37b2b86f63e897a80ea819b0eb08c01>@@AEAV<lambda_38ce7e780aa69e748d6df282ebc68efe>@@V<lambda_99fb1378e971ab6e7edea83e3a7a83a2>@@@?$__crt_seh_guarded_call@H@@QEAAH$$QEAV<lambda_a37b2b86f63e897a80ea819b0eb08c01>@@AEAV<lambda_38ce7e780aa69e748d6df282ebc68efe>@@$$QEAV<lambda_99fb1378e971ab6e7edea83e3a7a83a2>@@@Z 00000001815c8fe4     libucrt:commit.obj
 0004:00000ff0       $pdata$_commit             00000001815c8ff0     libucrt:commit.obj
 0004:00000ffc       $pdata$__acrt_free_locale  00000001815c8ffc     libucrt:locale_refcounting.obj
 0004:00001008       $pdata$__acrt_locale_free_lc_time_if_unreferenced 00000001815c9008     libucrt:locale_refcounting.obj
 0004:00001014       $pdata$__acrt_release_locale_ref 00000001815c9014     libucrt:locale_refcounting.obj
 0004:00001020       $pdata$__acrt_update_thread_locale_data 00000001815c9020     libucrt:locale_refcounting.obj
 0004:0000102c       $pdata$_updatetlocinfoEx_nolock 00000001815c902c     libucrt:locale_refcounting.obj
 0004:00001038       $pdata$_isleadbyte_l       00000001815c9038     libucrt:_wctype.obj
 0004:00001044       $pdata$?__acrt_LCMapStringA_stat@@YAHPEAU__crt_locale_pointers@@PEB_WKPEBDHPEADHHH@Z 00000001815c9044     libucrt:lcmapstringa.obj
 0004:00001050       $pdata$__acrt_LCMapStringA 00000001815c9050     libucrt:lcmapstringa.obj
 0004:0000105c       $pdata$__acrt_fp_strflt_to_string 00000001815c905c     libucrt:_fptostr.obj
 0004:00001068       $pdata$?divide@__crt_strtox@@YA_KAEAUbig_integer@1@AEBU21@@Z 00000001815c9068     libucrt:cfout.obj
 0004:00001074       $pdata$5$?divide@__crt_strtox@@YA_KAEAUbig_integer@1@AEBU21@@Z 00000001815c9074     libucrt:cfout.obj
 0004:00001080       $pdata$6$?divide@__crt_strtox@@YA_KAEAUbig_integer@1@AEBU21@@Z 00000001815c9080     libucrt:cfout.obj
 0004:0000108c       $pdata$__acrt_fltout       00000001815c908c     libucrt:cfout.obj
 0004:00001098       $pdata$memcpy_s            00000001815c9098     libucrt:cfout.obj
 0004:000010a4       $pdata$__acrt_locale_free_monetary 00000001815c90a4     libucrt:initmon.obj
 0004:000010b0       $pdata$__acrt_locale_free_numeric 00000001815c90b0     libucrt:initnum.obj
 0004:000010bc       $pdata$?free_crt_array_internal@@YAXQEAPEBX_K@Z 00000001815c90bc     libucrt:inittime.obj
 0004:000010c8       $pdata$__acrt_locale_free_time 00000001815c90c8     libucrt:inittime.obj
 0004:000010d4       $pdata$__acrt_GetStringTypeA 00000001815c90d4     libucrt:getstringtypea.obj
 0004:000010e0       $pdata$qsort               00000001815c90e0     libucrt:qsort.obj
 0004:000010ec       $pdata$4$qsort             00000001815c90ec     libucrt:qsort.obj
 0004:000010f8       $pdata$5$qsort             00000001815c90f8     libucrt:qsort.obj
 0004:00001104       $pdata$strncpy_s           00000001815c9104     libucrt:strncpy_s.obj
 0004:00001110       $pdata$fallbackMethod      00000001815c9110     libucrt:strpbrk.obj
 0004:0000111c       $pdata$strpbrk             00000001815c911c     libucrt:strpbrk.obj
 0004:00001128       $pdata$_mbsdec_l           00000001815c9128     libucrt:mbsdec.obj
 0004:00001134       $pdata$?initialize_multibyte@@YAHXZ 00000001815c9134     libucrt:multibyte_initializer.obj
 0004:00001140       $pdata$_msize_base         00000001815c9140     libucrt:msize.obj
 0004:0000114c       $pdata$_realloc_base       00000001815c914c     libucrt:realloc_base.obj
 0004:00001158       $pdata$_putwch_nolock      00000001815c9158     libucrt:putwch.obj
 0004:00001164       $pdata$??$?RV<lambda_751a882b2c74d4b022dec766aa51a29a>@@AEAV<lambda_628dfdc04ba53c8bfc02c9951375f3f5>@@V<lambda_f6c7be5f7998530c34de24c7437d6b54>@@@?$__crt_seh_guarded_call@H@@QEAAH$$QEAV<lambda_751a882b2c74d4b022dec766aa51a29a>@@AEAV<lambda_628dfdc04ba53c8bfc02c9951375f3f5>@@$$QEAV<lambda_f6c7be5f7998530c34de24c7437d6b54>@@@Z 00000001815c9164     libucrt:close.obj
 0004:00001170       $pdata$_close              00000001815c9170     libucrt:close.obj
 0004:0000117c       $pdata$_close_nolock       00000001815c917c     libucrt:close.obj
 0004:00001188       $pdata$fegetenv            00000001815c9188     libucrt:fegetenv.obj
 0004:00001194       $pdata$fesetenv            00000001815c9194     libucrt:fesetenv.obj
 0004:000011a0       $pdata$feholdexcept        00000001815c91a0     libucrt:feholdexcept.obj
 0004:000011b8       $pdata$__dcrt_lowio_ensure_console_output_initialized 00000001815c91b8     libucrt:initcon.obj
 0004:000011c4       $pdata$__dcrt_terminate_console_output 00000001815c91c4     libucrt:initcon.obj
 0004:000011d0       $pdata$__dcrt_write_console_w 00000001815c91d0     libucrt:initcon.obj
 0004:000011dc       $pdata$__acrt_fenv_set_control 00000001815c91dc     libucrt:_fenvutils.obj
 0004:000011e8       $pdata$_clearfp            00000001815c91e8     libucrt:ieee.obj
 0004:000011f4       $pdata$_call_matherr       00000001815c91f4     libucrt:libm_error.obj
 0004:00001200       $pdata$_exception_enabled  00000001815c9200     libucrt:libm_error.obj
 0004:0000120c       $pdata$_handle_error       00000001815c920c     libucrt:libm_error.obj
 0004:00001218       $pdata$_handle_errorf      00000001815c9218     libucrt:libm_error.obj
 0004:00001224       $pdata$__acrt_initialize_fma3 00000001815c9224     libucrt:fma3_available.obj
 0004:00001230       $pdata$_log10_special      00000001815c9230     libucrt:log_special.obj
 0004:0000123c       $pdata$_log_special_common 00000001815c923c     libucrt:log_special.obj
 0004:00001254       $pdata$_raise_exc          00000001815c9254     libucrt:fpexcept.obj
 0004:00001260       $pdata$_raise_exc_ex       00000001815c9260     libucrt:fpexcept.obj
 0004:0000126c       $pdata$_raise_excf         00000001815c926c     libucrt:fpexcept.obj
 0004:00001278       $pdata$_set_errno_from_matherr 00000001815c9278     libucrt:fpexcept.obj
 0004:00001284       $pdata$_clrfp              00000001815c9284     libucrt:fpctrl.obj
 0004:00001290       $pdata$_ctrlfp             00000001815c9290     libucrt:fpctrl.obj
 0004:0000129c       $pdata$_set_statfp         00000001815c929c     libucrt:fpctrl.obj
 0004:000012a8       $pdata$_statfp             00000001815c92a8     libucrt:fpctrl.obj
 0004:000012b4       $pdata$?DloadAcquireSectionWriteAccess@@YAXXZ 00000001815c92b4     DelayImp:delayhlp.obj
 0004:000012c0       $pdata$?DloadGetSRWLockFunctionPointers@@YAEXZ 00000001815c92c0     DelayImp:delayhlp.obj
 0004:000012cc       $pdata$?DloadMakePermanentImageCommit@@YAXPEAX_K@Z 00000001815c92cc     DelayImp:delayhlp.obj
 0004:000012d8       $pdata$?DloadObtainSection@@YAPEAXPEAK0@Z 00000001815c92d8     DelayImp:delayhlp.obj
 0004:000012e4       $pdata$?DloadProtectSection@@YAXKPEAK@Z 00000001815c92e4     DelayImp:delayhlp.obj
 0004:000012f0       $pdata$?DloadReleaseSectionWriteAccess@@YAXXZ 00000001815c92f0     DelayImp:delayhlp.obj
 0004:000012fc       $pdata$__delayLoadHelper2  00000001815c92fc     DelayImp:delayhlp.obj
 0004:00001308       $pdata$_IsNonwritableInCurrentImage 00000001815c9308     LIBCMT:pesect.obj
 0004:00001314       $pdata$__GSHandlerCheck    00000001815c9314     LIBCMT:_gshandler_.obj
 0004:00001320       $pdata$__GSHandlerCheckCommon 00000001815c9320     LIBCMT:_gshandler_.obj
 0004:00001338       $pdata$strrchr             00000001815c9338     libvcruntime:strrchr.obj
 0004:00001350       $pdata$acosf               00000001815c9350     libucrt:acosf.obj
 0004:00001374       $pdata$sqrtf               00000001815c9374     libucrt:sqrtf.obj
 0004:000013a4       $pdata$_sincosf_special    00000001815c93a4     libucrt:sincos_special.obj
 0004:000013c8       $pdata$?fin$0@?0??dllmain_crt_process_attach@@YAHQEAUHINSTANCE__@@QEAX@Z@4HA 00000001815c93c8     LIBCMT:dll_dllmain.obj
 0004:000013d4       $pdata$?fin$0@?0??dllmain_crt_process_detach@@YAH_N@Z@4HA 00000001815c93d4     LIBCMT:dll_dllmain.obj
 0004:000013e0       $pdata$?filt$0@?0??dllmain_dispatch@@YAHQEAUHINSTANCE__@@KQEAX@Z@4HA 00000001815c93e0     LIBCMT:dll_dllmain.obj
 0004:000013ec       $pdata$__scrt_is_nonwritable_in_current_image$filt$0 00000001815c93ec     LIBCMT:utility.obj
 0004:000013f8       $pdata$__DestructExceptionObject$filt$0 00000001815c93f8     libvcruntime:ehhelpers.obj
 0004:00001404       $pdata$?fin$0@?0???$?RV<lambda_0d412022a4b28cc8a401ea49574e8ae6>@@AEAV<lambda_a775ed57af18ba8e4d5dc780aa9068fe>@@V<lambda_975a71a6baa488a08f4e15f6b0339b9e>@@@?$__crt_seh_guarded_call@H@@QEAAH$$QEAV<lambda_0d412022a4b28cc8a401ea49574e8ae6>@@AEAV<lambda_a775ed57af18ba8e4d5dc780aa9068fe>@@$$QEAV<lambda_975a71a6baa488a08f4e15f6b0339b9e>@@@Z@4HA 00000001815c9404     libucrt:output.obj
 0004:00001404       $pdata$?fin$0@?0???$?RV<lambda_c376a267cfb53b6959b3b692ec76b120>@@AEAV<lambda_9a32fed5bf61b6b509b2d3f6003082a1>@@V<lambda_572fbb9fa0ab338edf41edfd4b5fcc8d>@@@?$__crt_seh_guarded_call@H@@QEAAH$$QEAV<lambda_c376a267cfb53b6959b3b692ec76b120>@@AEAV<lambda_9a32fed5bf61b6b509b2d3f6003082a1>@@$$QEAV<lambda_572fbb9fa0ab338edf41edfd4b5fcc8d>@@@Z@4HA 00000001815c9404     libucrt:fflush.obj
 0004:00001404       $pdata$?fin$0@?0???$?RV<lambda_842d9ff0dc9ef11c61343bbaebe7f885>@@AEAV<lambda_c5860995281e5c4ce005b3de8f5874ee>@@V<lambda_d90129c13df834fdcbf8d2b88dafcf2d>@@@?$__crt_seh_guarded_call@X@@QEAAX$$QEAV<lambda_842d9ff0dc9ef11c61343bbaebe7f885>@@AEAV<lambda_c5860995281e5c4ce005b3de8f5874ee>@@$$QEAV<lambda_d90129c13df834fdcbf8d2b88dafcf2d>@@@Z@4HA 00000001815c9404     libucrt:fflush.obj
 0004:00001404       $pdata$?fin$0@?0???$?RV<lambda_84ec643ea9557e2f7dc01bb0e9624395>@@AEAV<lambda_ca71763b3c0644891230e4f79ea54fa6>@@V<lambda_439a761618c59b0600e24586724d733b>@@@?$__crt_seh_guarded_call@H@@QEAAH$$QEAV<lambda_84ec643ea9557e2f7dc01bb0e9624395>@@AEAV<lambda_ca71763b3c0644891230e4f79ea54fa6>@@$$QEAV<lambda_439a761618c59b0600e24586724d733b>@@@Z@4HA 00000001815c9404     libucrt:setvbuf.obj
 0004:00001410       $pdata$_query_new_handler$fin$0 00000001815c9410     libucrt:new_handler.obj
 0004:0000141c       $pdata$?fin$0@?0???$?RV<lambda_7777bce6b2f8c936911f934f8298dc43>@@AEAV<lambda_f03950bc5685219e0bcd2087efbe011e>@@V<lambda_3883c3dff614d5e0c5f61bb1ac94921c>@@@?$__crt_seh_guarded_call@H@@QEAAH$$QEAV<lambda_7777bce6b2f8c936911f934f8298dc43>@@AEAV<lambda_f03950bc5685219e0bcd2087efbe011e>@@$$QEAV<lambda_3883c3dff614d5e0c5f61bb1ac94921c>@@@Z@4HA 00000001815c941c     libucrt:onexit.obj
 0004:0000141c       $pdata$?fin$0@?0???$?RV<lambda_efdfa57d1f175319df784efa44bb7b81>@@AEAV<lambda_5f0a4c1567f8adc6734073e5d1e1b35c>@@V<lambda_2e8a7d3640ea6ccb4c2413664c2db6fd>@@@?$__crt_seh_guarded_call@X@@QEAAX$$QEAV<lambda_efdfa57d1f175319df784efa44bb7b81>@@AEAV<lambda_5f0a4c1567f8adc6734073e5d1e1b35c>@@$$QEAV<lambda_2e8a7d3640ea6ccb4c2413664c2db6fd>@@@Z@4HA 00000001815c941c     libucrt:mbctype.obj
 0004:0000141c       $pdata$?fin$0@?0???$?RV<lambda_2d41944a1d46af3157314b8a01080d33>@@AEAV<lambda_8f455de75cd7d7f24b4096f044d8b9e6>@@V<lambda_aa500f224e6afead328df44964fe2772>@@@?$__crt_seh_guarded_call@X@@QEAAX$$QEAV<lambda_2d41944a1d46af3157314b8a01080d33>@@AEAV<lambda_8f455de75cd7d7f24b4096f044d8b9e6>@@$$QEAV<lambda_aa500f224e6afead328df44964fe2772>@@@Z@4HA 00000001815c941c     libucrt:per_thread_data.obj
 0004:0000141c       $pdata$?fin$0@?0???$?RV<lambda_d80eeec6fff315bfe5c115232f3240e3>@@AEAV<lambda_6e4b09c48022b2350581041d5f6b0c4c>@@V<lambda_2358e3775559c9db80273638284d5e45>@@@?$__crt_seh_guarded_call@X@@QEAAX$$QEAV<lambda_d80eeec6fff315bfe5c115232f3240e3>@@AEAV<lambda_6e4b09c48022b2350581041d5f6b0c4c>@@$$QEAV<lambda_2358e3775559c9db80273638284d5e45>@@@Z@4HA 00000001815c941c     libucrt:exit.obj
 0004:0000141c       $pdata$?fin$0@?0???$?RV<lambda_aa87e3671a710a21b5dc78c0bdf72e11>@@AEAV<lambda_92619d2358a28f41a33ba319515a20b9>@@V<lambda_6992ecaafeb10aed2b74cb1fae11a551>@@@?$__crt_seh_guarded_call@X@@QEAAX$$QEAV<lambda_aa87e3671a710a21b5dc78c0bdf72e11>@@AEAV<lambda_92619d2358a28f41a33ba319515a20b9>@@$$QEAV<lambda_6992ecaafeb10aed2b74cb1fae11a551>@@@Z@4HA 00000001815c941c     libucrt:per_thread_data.obj
 0004:0000141c       $pdata$?fin$0@?0???$?RV<lambda_450d765d439847d4c735a33c368b5fc0>@@AEAV<lambda_44731a7d0e6d81c3e6aa82d741081786>@@V<lambda_601a2a7da3b7a96e9554ac7215c4b07c>@@@?$__crt_seh_guarded_call@P6AXH@Z@@QEAAP6AXH@Z$$QEAV<lambda_450d765d439847d4c735a33c368b5fc0>@@AEAV<lambda_44731a7d0e6d81c3e6aa82d741081786>@@$$QEAV<lambda_601a2a7da3b7a96e9554ac7215c4b07c>@@@Z@4HA 00000001815c941c     libucrt:signal.obj
 0004:0000141c       $pdata$?fin$0@?0???$?RV<lambda_f2e299630e499de9f9a165e60fcd3db5>@@AEAV<lambda_2ae9d31cdba2644fcbeaf08da7c24588>@@V<lambda_40d01ff24d0e7b3814fdbdcee8eab3c7>@@@?$__crt_seh_guarded_call@X@@QEAAX$$QEAV<lambda_f2e299630e499de9f9a165e60fcd3db5>@@AEAV<lambda_2ae9d31cdba2644fcbeaf08da7c24588>@@$$QEAV<lambda_40d01ff24d0e7b3814fdbdcee8eab3c7>@@@Z@4HA 00000001815c941c     libucrt:per_thread_data.obj
 0004:0000141c       $pdata$?fin$0@?0???$?RV<lambda_0ae27a3a962d80f24befdcbee591983d>@@AEAV<lambda_8d0ee55de4b1038c4002e0adecdf1839>@@V<lambda_dc504788e8f1664fe9b84e20bfb512f2>@@@?$__crt_seh_guarded_call@X@@QEAAX$$QEAV<lambda_0ae27a3a962d80f24befdcbee591983d>@@AEAV<lambda_8d0ee55de4b1038c4002e0adecdf1839>@@$$QEAV<lambda_dc504788e8f1664fe9b84e20bfb512f2>@@@Z@4HA 00000001815c941c     libucrt:per_thread_data.obj
 0004:00001428       $pdata$?filt$0@?0???R<lambda_6e4b09c48022b2350581041d5f6b0c4c>@@QEBA@XZ@4HA 00000001815c9428     libucrt:exit.obj
 0004:00001434       $pdata$__acrt_lowio_ensure_fh_exists$fin$0 00000001815c9434     libucrt:osfinfo.obj
 0004:00001434       $pdata$__acrt_initialize_lowio$fin$0 00000001815c9434     libucrt:ioinit.obj
 0004:00001440       $pdata$_fcloseall$fin$0    00000001815c9440     libucrt:closeall.obj
 0004:0000144c       $pdata$?fin$0@?0???$?RV<lambda_886d6c58226a84441f68b9f2b8217b83>@@AEAV<lambda_ab61a845afdef5b7c387490eaf3616ee>@@V<lambda_f7f22ab5edc0698d5f6905b0d3f44752>@@@?$__crt_seh_guarded_call@X@@QEAAX$$QEAV<lambda_886d6c58226a84441f68b9f2b8217b83>@@AEAV<lambda_ab61a845afdef5b7c387490eaf3616ee>@@$$QEAV<lambda_f7f22ab5edc0698d5f6905b0d3f44752>@@@Z@4HA 00000001815c944c     libucrt:fflush.obj
 0004:00001458       $pdata$?fin$0@?0???$?RV<lambda_410d79af7f07d98d83a3f525b3859a53>@@AEAV<lambda_3e16ef9562a7dcce91392c22ab16ea36>@@V<lambda_38119f0e861e05405d8a144b9b982f0a>@@@?$__crt_seh_guarded_call@X@@QEAAX$$QEAV<lambda_410d79af7f07d98d83a3f525b3859a53>@@AEAV<lambda_3e16ef9562a7dcce91392c22ab16ea36>@@$$QEAV<lambda_38119f0e861e05405d8a144b9b982f0a>@@@Z@4HA 00000001815c9458     libucrt:wsetlocale.obj
 0004:00001464       $pdata$raise$fin$0         00000001815c9464     libucrt:signal.obj
 0004:00001470       $pdata$?fin$0@?0??update_thread_multibyte_data_internal@@YAPEAU__crt_multibyte_data@@QEAU__acrt_ptd@@QEAPEAU1@@Z@4HA 00000001815c9470     libucrt:mbctype.obj
 0004:0000147c       $pdata$_write$fin$0        00000001815c947c     libucrt:write.obj
 0004:0000147c       $pdata$?fin$0@?0???$common_lseek@_J@@YA_JH_JH@Z@4HA 00000001815c947c     libucrt:lseek.obj
 0004:00001488       $pdata$fclose$fin$0        00000001815c9488     libucrt:fclose.obj
 0004:00001494       $pdata$?fin$0@?0???$?RV<lambda_751a882b2c74d4b022dec766aa51a29a>@@AEAV<lambda_628dfdc04ba53c8bfc02c9951375f3f5>@@V<lambda_f6c7be5f7998530c34de24c7437d6b54>@@@?$__crt_seh_guarded_call@H@@QEAAH$$QEAV<lambda_751a882b2c74d4b022dec766aa51a29a>@@AEAV<lambda_628dfdc04ba53c8bfc02c9951375f3f5>@@$$QEAV<lambda_f6c7be5f7998530c34de24c7437d6b54>@@@Z@4HA 00000001815c9494     libucrt:close.obj
 0004:00001494       $pdata$?fin$0@?0???$?RV<lambda_a37b2b86f63e897a80ea819b0eb08c01>@@AEAV<lambda_38ce7e780aa69e748d6df282ebc68efe>@@V<lambda_99fb1378e971ab6e7edea83e3a7a83a2>@@@?$__crt_seh_guarded_call@H@@QEAAH$$QEAV<lambda_a37b2b86f63e897a80ea819b0eb08c01>@@AEAV<lambda_38ce7e780aa69e748d6df282ebc68efe>@@$$QEAV<lambda_99fb1378e971ab6e7edea83e3a7a83a2>@@@Z@4HA 00000001815c9494     libucrt:commit.obj
 0004:000014a0       $pdata$__acrt_update_thread_locale_data$fin$0 00000001815c94a0     libucrt:locale_refcounting.obj
 0004:000014ac       $pdata$_ctrlfp$filt$0      00000001815c94ac     libucrt:fpctrl.obj
 0004:000014b8       $pdata$_IsNonwritableInCurrentImage$filt$0 00000001815c94b8     LIBCMT:pesect.obj
 0005:00000060       $R000000                   00000001815ca060     * linker generated manifest res *

 Exports

  ordinal    name

        1    _register_an_
